
 Start  Stop   Length Name                   Class
 00000H 0A54BH 0A54CH CODE                   PROG                              
 0A54CH 0A54CH 00000H PROG                   PROG                              
 0A550H 0A550H 00000H CODEZ                  PROG                              
 0A550H 0A94FH 00400H STACK                  DATA                              
 0A950H 15C67H 0B318H DATA                   DATA                              
 15C68H 15CABH 00044H SEG_TAB                DATA                              
 15CACH 15CEFH 00044H SEG_LEN                DATA                              
 15CF0H 15D33H 00044H SEG_ACT                DATA                              
 15D34H 171A7H 01474H NDATA                  DATA                              
 171A8H 1749AH 002F3H DATAMSG                DATA                              
 1749CH 17517H 0007CH KEYSEG                 DATA                              
 17518H 17593H 0007CH ACTSEG                 DATA                              
 17594H 17594H 00000H KEYSEG                 DATA                              
 17594H 17594H 00000H ACTSEG                 DATA                              
 17594H 175C5H 00032H CALIBSEG               DATA                              
 175C6H 175FBH 00036H KEYSEG                 DATA                              
 175FCH 17631H 00036H ACTSEG                 DATA                              
 17640H 177D1H 00192H DATAZ                  DATAZ                             
 177D4H 177D7H 00004H IDENT                  DATAZ                             

 Origin   Group
 0A55:0   DGROUP                                                               
 0000:0   PSPGRP                                                               
 0000:0   PGROUP                                                               
 0000:0   AGROUP                                                               
 F000:0   CGROUP                                                               
 0000:0   RGROUP                                                               

  Address         Publics by Name

 0000:002B  Abs  @ACHLP_NCOL
 0000:0010  Abs  @ACHLP_NROW
 0000:000B  Abs  @ASKCMD_SREMROW
 0000:0006  Abs  @ASKITEM_LEN
 0000:0008  Abs  @ELEV_NROW
 0000:000D  Abs  @ELEV_SROW
 0000:0047  Abs  @HCMD_NCOL
 0000:0032  Abs  @HCMD_NROW
 0000:0012  Abs  @HELEV_NROW
 0000:0003  Abs  @HELEV_SROW
 0000:0000  Abs  @HELP_NONE
 0000:0002  Abs  @HELP_SCREEN
 0000:0001  Abs  @HELP_TOPICS
 0000:0047  Abs  @HERR_NCOL
 0000:000C  Abs  @HERR_NROW
 0000:0005  Abs  @HLIN_LEN
 0000:0005  Abs  @HLPIND_MEM
 0000:0006  Abs  @HLPIND_NMI
 0000:0047  Abs  @HMEM_NCOL
 0000:000F  Abs  @HMEM_NROW
 0000:0047  Abs  @HNAV_NCOL
 0000:003C  Abs  @HNAV_NROW
 0000:0047  Abs  @HNMI_NCOL
 0000:000C  Abs  @HNMI_NROW
 0000:0047  Abs  @HOVR_NCOL
 0000:0026  Abs  @HOVR_NROW
 0000:0047  Abs  @HTST_NCOL
 0000:0029  Abs  @HTST_NROW
 0000:0047  Abs  @HTXT_NCOL
 0000:0012  Abs  @HTXT_NROW
 0000:0003  Abs  @HTXT_SCOL
 0000:0003  Abs  @HTXT_SROW
 0000:011B  Abs  @KEY_HALT
 0000:002D  Abs  @LEN_ASKCMDOPT
 0000:0008  Abs  @MEMITEM_LEN
 0000:0019  Abs  @MEMLIN_NCOL
 0000:0002  Abs  @MEMLIN_SCOL
 0000:000D  Abs  @MEMLIN_SROW
 0000:006C  Abs  @MSG_LARGE
 0000:0028  Abs  @MSG_QMTDAT_LEN
 0000:0073  Abs  @MSG_SMALL
 0000:0017  Abs  @STATLIN_END
 0000:002F  Abs  @STATLIN_NCOL
 0000:000B  Abs  @STATLIN_NROW
 0000:000C  Abs  @STATLIN_SROW
 0000:0080  Abs  @XSHDTAB_LEN
 0000:A381       A20COM_I78
 0000:A366       A20COM_I92
 0000:A38A       A20COM_ISA
 0000:A36E       A20COM_QUD
 0000:A3A2       A20COM_XMS
 0000:A37A       A20COM_XT
 0000:A329       A20DIS_I78
 0000:A320       A20DIS_I92
 0000:A32C       A20DIS_ISA
 0000:A323       A20DIS_QUD
 0000:A331       A20DIS_XMS
 0000:A326       A20DIS_XT
 0000:A35B       A20ENA_I78
 0000:A352       A20ENA_I92
 0000:A35E       A20ENA_ISA
 0000:A355       A20ENA_QUD
 0000:A363       A20ENA_XMS
 0000:A358       A20ENA_XT
 0A55:7330       A20SUP
 0A55:04A8       AAAR
 0A55:04D8       AAMEM
 0A55:04AB       AARATTR
 0A55:0504       AASK
 0A55:0508       AASKAA
 0A55:050C       AASKAB
 0A55:0518       AASKBA
 0A55:051C       AASKBB
 0A55:0510       AASKMA
 0A55:0514       AASKMB
 0A55:0528       ABACK
 0A55:049C       ABRD
 0A55:12A6       ACMDIND
 0A55:04A4       ACPY
 0000:A343       ACTA20_COM
 0000:A2E1       ACTA20_COMSUB
 0000:A2EF       ACTA20_DIS
 0000:A2E3       ACTA20_ENA
 0000:2195       ACT_XPM
 0000:356D       ADD_TMPOPERS
 0A55:048C       ADEF
 0A55:0554       ADIS
 0A55:053C       ADLGABHK
 0A55:0534       ADLGABTN
 0A55:052C       ADLGB
 0A55:0538       ADLGBHK
 0A55:0530       ADLGBTN
 0A55:0550       ADLGEF
 0A55:0548       ADLGEH
 0A55:054C       ADLGEN
 0A55:0540       ADLGRBHK
 0A55:0544       ADLGTHK
 0A55:04C8       AELEV
 0A55:04E0       AEMEM
 0A55:0498       AERR
 0A55:04F8       AHERR
 0A55:04FC       AHKEY
 0A55:04EC       AHLP
 0A55:04F0       AHLPA
 0A55:04F4       AHLPB
 0A55:0500       AHLT
 0A55:04E8       AHTTL
 0A55:04DC       AIMEM
 0A55:04AC       AKEY
 0A55:04B0       AKEY2
 0A55:04CC       AMEM
 0A55:04DB       AMEMATTR
 0A55:04D0       AMEMH
 0A55:0490       AMSG
 0000:3DEE       APPEND_LOG
 0A55:04BC       APRG
 0A55:04C0       APRG1
 0A55:04C4       APRG2
 0A55:047C       ARG_FLAG
 0A55:521C       ARR_W_HCMD
 0A55:51FC       ARR_W_HTOP
 0A55:5EB2       ARR_W_ITEM1
 0A55:6166       ARR_W_ITEM2
 0A55:CC38       ARR_W_ITEM3
 0A55:5C61       ARR_W_MEMLIN
 0A55:04B4       ASHD1
 0A55:04B8       ASHD2
 0A55:050B       ASKAAATTR
 0A55:050F       ASKABATTR
 0A55:CFC8       ASKACT
 0A55:0507       ASKATTR
 0A55:051B       ASKBAATTR
 0A55:133C       ASKBAS
 0A55:051F       ASKBBATTR
 0A55:1262       ASKBLK
 0A55:D02C       ASKCACT
 0A55:1344       ASKCMDBTN
 0A55:1341       ASKCMDDN
 0A55:133E       ASKCMDUP
 0A55:CFB0       ASKCVAL
 0A55:1335       ASKDN
 0A55:1306       ASKITEM
 0A55:1320       ASKLFT
 0A55:0513       ASKMAATTR
 0A55:0517       ASKMBATTR
 0A55:1327       ASKRHT
 0A55:12BC       ASKTAB
 0A55:132E       ASKUP
 0A55:CF4C       ASKVAL
 0000:2D9A       ASK_COMPLETE
 0A55:B8E4       ASK_DEFAULT
 0000:2FF1       ASK_HALT
 0A55:B8E5       ASK_TIMEOUT
 0A55:0524       ASTATL
 0A55:0520       ASTATT
 0A55:2526       ASTMIO
 0A55:04E4       ATMEM
 0A55:04A0       ATTL
 0A55:04D4       AWMEM
 0A55:0494       AWRK
 0A55:052B       BACKATTR
 0000:1266       BASE2BIN
 0A55:127A       BASIND
 0000:0030  Abs  BETA_H
 0000:0030  Abs  BETA_T
 0000:0033  Abs  BETA_U
 0000:47EB       BIN2BIT
 0000:4772       BIN2BYTE
 0000:478D       BIN2DEC
 0000:477F       BIN2DIGIT
 0000:4805       BIN2DVAL
 0000:4756       BIN2DWORD
 0000:4765       BIN2WORD
 0000:47B6       BIND2DEC
 0000:09A9       BIOS_BLOCK_MOVE
 0A55:1264       BLK_STRS
 0A55:51D2       BOXCHARS
 0A55:12EE       BPU
 0000:679E       BRANCH_AX
 0A55:049F       BRDATTR
 0A55:115E       BRKSTATE
 0A55:507D       BTN_CANCEL
 0A55:5093       BTN_CCANCEL
 0A55:5067       BTN_OK
 0000:0F6F       BYTE2DEC
 0000:5967       CALC_MEMVAL
 0000:3421       CALC_NOPERS
 0000:33C2       CALC_PCT
 0000:37D4       CALC_PTST
 0000:7189       CALIBRATE
 0A55:52A8       CALIB_IND
 0A55:D06C       CALIB_LID
 0A55:D064       CALIB_LIN
 0A55:524C       CALIB_R0DN
 0A55:5254       CALIB_R0W1
 0A55:525C       CALIB_R0W1DN
 0A55:526C       CALIB_R0W1R1
 0A55:5274       CALIB_R0W1R1W0R0W1
 0A55:5264       CALIB_R0W1W0DN
 0A55:527C       CALIB_R1W0
 0A55:5284       CALIB_R1W0DN
 0A55:528C       CALIB_R1W0R0DN
 0A55:5294       CALIB_R1W0W1
 0A55:529C       CALIB_R1W0W1W0DN
 0A55:52A4       CALIB_SIZ
 0A55:D058       CALIB_UID
 0A55:D050       CALIB_UIN
 0A55:D044       CALIB_USF
 0A55:D04A       CALIB_UTF
 0A55:5244       CALIB_W0
 0A55:1116       CB_VM_FLAGS
 0000:44DB       CHECK_82C302
 0000:1113       CHECK_ARGS
 0000:106A       CHECK_ASK
 0000:50F6       CHECK_AST386
 0000:6BFB       CHECK_CANKEY
 0000:03B0       CHECK_CNV
 0000:5398       CHECK_CPQ386
 0000:00C2       CHECK_CPUID
 0000:0190       CHECK_DEV
 0000:07CC       CHECK_EISA_EXT
 0000:06F9       CHECK_EISA_SHD
 0000:29DB       CHECK_FAULT
 0000:51FC       CHECK_GRID
 0000:2FDD       CHECK_HALT
 0000:51A9       CHECK_HPRS
 0000:A40E       CHECK_I78
 0000:A3B0       CHECK_I92
 0000:A432       CHECK_INFO
 0000:545E       CHECK_ITT
 0000:0128       CHECK_KEYB
 0000:2F3C       CHECK_KEYS
 0000:0356       CHECK_MAX
 0000:0230       CHECK_MULBUG
 0000:52D5       CHECK_OLI
 0000:02BA       CHECK_PHYS
 0000:0A28       CHECK_PRVEXT
 0000:5099       CHECK_QUAD386
 0000:29BD       CHECK_RHELP
 0000:0FDE       CHECK_SCHED
 0000:0AE7       CHECK_SCRN
 0000:2661       CHECK_SWAT
 0000:5EC0       CHECK_SX
 0000:4EB8       CHECK_SYS
 0000:5BAE       CHECK_TIME
 0000:5078       CHECK_TOSH
 0000:26BA       CHECK_VCPI
 0000:0260       CHECK_VDS
 0000:5043       CHECK_VLSI
 0000:01B7       CHECK_VM86
 0000:0CE9       CHECK_WIN3
 0000:05B3       CHECK_XMEM
 0000:04E6       CHECK_XMS
 0000:0367       CHECK_XMSDRV
 0A55:4E8E       CHEV_PAT
 0000:4748       CHKNDKEY
 0000:3AE4       CLEAR_CONT
 0000:5B99       CLEAR_MEM
 0000:31A2       CLEAR_STATLIN
 0000:3670       CLEAR_STATUS
 0A55:0472       CLRMODE
 0000:2073       CLR_PARITY
 0A55:B7A0       CMDARG_ACT
 0A55:B75C       CMDARG_LEN
 0A55:B718       CMDARG_TAB
 0A55:0570       CMD_FLAG
 0000:54A3       CMD_TOP384
 0A55:045C       CMOSIZE
 0A55:6152       CMPTAB
 0A55:6146       CNTTAB
 0A55:131E       CNT_FLAG
 0A55:0476       CODESEG
 0A55:040C       CON128K
 0A55:0414       CON16M
 0A55:0410       CON1M
 0A55:0404       CON32K
 0A55:0400       CON4K
 0A55:124C       CON60
 0A55:0408       CON64K
 0A55:056C       CONSOLE
 0A55:1258       CONTCNT
 0A55:1250       CON_CLOCK
 0000:590C       COPY_MEMVAL
 0000:3049       COUNTOUT
 0000:2E7A       COUNT_CONT
 0A55:252A       CPQMIO
 0A55:1196       CPQ_CACHE
 0A55:0482       CPUTYPE
 0A55:04A7       CPYATTR
 0000:A550       CTAIL
 0A55:51F4       CURLINE
 0A55:51F0       CURPAGE
 0A55:51F8       CURSOR_SHAPE
 0000:6531       D2WCALL
 0000:0000       DATASEG
 0000:0DB5       DATE2EPOCH
 0A55:52F5       DATESEP
 0A55:102C       DDS
 0000:2595       DEBOUNCE
 0A55:1156       DEBOUNCE_ARB
 0A55:1150       DEBOUNCE_FVEC
 0A55:123C       DECTIMER
 0A55:048F       DEFATTR
 0000:3D11       DEFAULT_LOG
 0000:A2FB       DEFOUT
 0000:A334       DEGATEA20
 0000:5848       DISABLE_EGAROM
 0000:1786       DISABLE_SWAP
 0A55:0557       DISATTR
 0000:3150       DISP_ACTIV
 0000:48B0       DISP_ALLOC
 0000:3A4A       DISP_ASKBAS
 0000:30C6       DISP_ASKITEM
 0000:39FD       DISP_ASKSCR
 0000:4981       DISP_BASE
 0000:3B3B       DISP_BUTTON
 0000:48E3       DISP_CLRSCR
 0000:490B       DISP_CPYSCR
 0000:4AA4       DISP_CURPAT
 0000:363B       DISP_ELAP
 0000:38CE       DISP_ERRB
 0000:394E       DISP_ERRD
 0000:3914       DISP_ERRW
 0000:335F       DISP_ETA
 0000:0D08       DISP_EXIT
 0000:4953       DISP_HALT
 0000:6E83       DISP_HELP
 0000:6284       DISP_HLPERR
 0000:59F5       DISP_MEMSCR
 0000:5A1D       DISP_MEMVAL
 0000:3737       DISP_MEMWRK
 0000:4963       DISP_MODE
 0000:1238       DISP_MSG
 0000:39A8       DISP_NMIERR
 0000:321F       DISP_OPERS
 0000:32F6       DISP_PROGRESS
 0000:31C4       DISP_PROGSCR
 0000:493B       DISP_QUIT
 0000:48CD       DISP_SCRN
 0000:49BE       DISP_STATL
 0000:3190       DISP_STATLIN
 0000:4A2E       DISP_STATLZ
 0000:3A6C       DISP_STATSCR
 0000:3209       DISP_TEST
 0000:120D       DISP_UNK
 0A55:053F       DLGABHKATTR
 0A55:0537       DLGABTNATTR
 0A55:052F       DLGBATTR
 0A55:053B       DLGBHKATTR
 0A55:0533       DLGBTNATTR
 0A55:0553       DLGEFATTR
 0A55:054B       DLGEHATTR
 0A55:054F       DLGENATTR
 0A55:0543       DLGRBHKATTR
 0A55:0547       DLGTHKATTR
 0A55:4E6E       DLG_DISP
 0A55:B8D4       DNTAB
 0A55:046E       DOSVER
 0000:6CED       DO_PRINT
 0A55:0464       DPMIDRV_VEC
 0A55:1197       DPMIMAX
 0A55:114E       DPMIMSG
 0A55:0483       DPMITERM
 0000:2261       DPMI_ALLOC
 0A55:10BA       DPMI_FMI
 0000:2368       DPMI_FREE
 0A55:10EA       DPMI_PS
 0000:2460       DPMI_RESET
 0000:64C9       DPUT_A
 0000:6448       DPUT_C
 0000:6414       DPUT_CA
 0A55:4E92       DPUT_CLIP
 0000:647E       DPUT_SCA
 0000:638F       DPUT_SZ
 0000:63D1       DPUT_SZA
 0000:471E       DRAINPIQ
 0000:6652       DRAW_DBTN
 0000:657B       DRAW_DEDIT
 0000:6764       DRAW_DLG
 0000:6763       DRAW_DNONE
 0000:66E3       DRAW_DRADIO
 0000:655D       DRAW_DTEXT
 0000:6A06       DRAW_SI
 0A55:4E94       EDIT_FLAGS
 0A55:5135       EDIT_FNAME
 0A55:04CB       ELEVATTR
 0A55:04E3       EMEMATTR
 0A55:1169       EMMNAM2
 0A55:1172       EMMNAM3
 0A55:117B       EMMNAM4
 0A55:1184       EMMNAM5
 0A55:1160       EMMNAME
 0000:45D2       ENABLE8255
 0000:46C2       ENABLE_IRQS
 0000:2037       ENABLE_NMI
 0000:17B4       ENABLE_SWAP
 0000:12D7       ENTER_PM
 0000:1457       ENTER_PMSUB
 0000:1746       ENTER_PMSUB2
 0A55:103C       EPMTAB
 0000:0DF9       EPOCH2DATE
 0000:0E56       EPOCH2WEEKS
 0A55:B8E7       EPOCHTARG
 0A55:049B       ERRATTR
 0A55:136E       ERRDATA
 0A55:136C       ERRDATACNT
 0000:3852       ERRLOG
 0A55:115B       ERR_CODE
 0A55:1144       ERR_FLAG
 0A55:1234       ETATIMER
 0A55:5151       ETXT_FNAME
 0000:3FAF       FCN_ADVANCED
 0000:3FBF       FCN_ALL
 0000:403E       FCN_ASK
 0000:4025       FCN_BW
 0000:4558       FCN_CNTCOM
 0000:402E       FCN_COLOR
 0000:40B3       FCN_DAILY
 0000:4311       FCN_FULL
 0000:437E       FCN_HELP
 0000:43EC       FCN_HEX
 0000:40E4       FCN_INTERVAL
 0000:45C0       FCN_K
 0000:43F5       FCN_LARGER
 0000:4522       FCN_LNKIDM
 0000:452B       FCN_LNKINV
 0000:4152       FCN_LOG
 0000:41C6       FCN_MONTHLY
 0000:4403       FCN_NODPMI
 0000:4431       FCN_NOEXIT
 0000:4439       FCN_NOPARITY
 0000:4442       FCN_NOSCRUB
 0000:441A       FCN_NOVCPI
 0000:444B       FCN_NOXRAM
 0000:4470       FCN_QUICK
 0000:44D9       FCN_SHADOWRAM
 0000:4462       FCN_SMALLER
 0000:4510       FCN_TOP384
 0000:4534       FCN_UNLIDM
 0000:453D       FCN_UNLINV
 0000:4546       FCN_UNLSAF
 0000:454F       FCN_UNLTRN
 0000:45C9       FCN_VLSI
 0000:4275       FCN_WEEKLY
 0000:5C32       FILL_MEMVAL
 0000:69EE       FIND_OBJ
 0A55:CC25       FMT_ASKCMDREM
 0000:368E       FMT_BLK
 0000:0F83       FMT_DMY
 0000:376C       FMT_DONE
 0000:3595       FMT_ELAP
 0000:35BB       FMT_ELAPSUB
 0000:0FA5       FMT_HM
 0000:5B3D       FMT_MEM
 0000:620F       FMT_PATTERNB
 0000:625B       FMT_PATTERND
 0000:6235       FMT_PATTERNW
 0000:5F66       FMT_R0
 0000:5F90       FMT_R0DN
 0000:600E       FMT_R0W1
 0000:6095       FMT_R0W1DN
 0000:6038       FMT_R0W1R1
 0000:6062       FMT_R0W1R1W0R0W1
 0000:6113       FMT_R0W1W0
 0000:613D       FMT_R0W1W0DN
 0000:5FBA       FMT_R1
 0000:5FE4       FMT_R1DN
 0000:60BF       FMT_R1W0
 0000:60E9       FMT_R1W0DN
 0000:61E5       FMT_R1W0R0DN
 0000:6167       FMT_R1W0W1
 0000:6191       FMT_R1W0W1DN
 0000:61BB       FMT_R1W0W1W0DN
 0000:5F12       FMT_W0
 0000:5F3C       FMT_W1
 0A55:13FF       FNGETKEY
 0A55:13FE       FNGETKST
 0A55:C931       FRIDAY
 0000:A33C       GATEA20
 0000:474F       GETKEY
 0000:6BDE       GETKEYXLT
 0000:3B70       GET_ASKRESP
 0000:0E67       GET_DATES
 0000:6A1B       GET_DLG
 0000:62E5       GET_MEM
 0000:2F32       GET_MEMTIMER
 0000:2E4C       GET_NEXTIND
 0000:03EF       GET_TOPDOS
 0000:0C7C       GIVEBACK
 0A55:0474       GL2_FLAG
 0A55:2522       GL3_FLAG
 0A55:2520       GLB_FLAG
 0000:20E0       GOREAL
 0A55:A25E       HELP_CMD
 0A55:7454       HELP_CMDTTL
 0A55:9F0A       HELP_ERR
 0A55:740D       HELP_ERRTTL
 0A55:B03C       HELP_MEM
 0A55:749B       HELP_MEMTTL
 0A55:B17D       HELP_MEM_ACT
 0A55:B0A9       HELP_MEM_ADDR
 0A55:B136       HELP_MEM_EXP
 0A55:787D       HELP_NAV
 0A55:7338       HELP_NAVTTL
 0A55:7529       HELP_NMI
 0A55:74E2       HELP_NMITTL
 0A55:7596       HELP_NMI_ADDR
 0A55:8921       HELP_OVR
 0A55:737F       HELP_OVRTTL
 0A55:51F6       HELP_STATE
 0A55:93AB       HELP_TST
 0A55:73C6       HELP_TSTTTL
 0A55:04FB       HERRATTR
 0A55:1400       HEXTABLE
 0A55:04FF       HKEYATTR
 0A55:7290       HLIN_SROW
 0A55:04F3       HLPAATTR
 0A55:D0AC       HLPACT
 0A55:04EF       HLPATTR
 0A55:04F7       HLPBATTR
 0A55:4E4C       HLPIND
 0A55:4E5C       HLPTOPIC
 0A55:D076       HLPVAL
 0A55:0503       HLTATTR
 0000:3B1F       HMS2SECDAY
 0A55:047A       HPDASEG
 0A55:4E4E       HTOPIND
 0A55:04EB       HTTLATTR
 0A55:7332       I78DATA
 0A55:1157       IBV0
 0A55:1158       IBV0Z
 0A55:1159       IBV1
 0A55:115A       IBV1Z
 0A55:D0F4       IDENTIFY
 0000:015E  Abs  IDENTIFY_LEN
 0A55:D252       IDENT_CHK
 0A55:1138       IDT_REAL
 0A55:D0CC       IFEACT
 0A55:D096       IFEVAL
 0A55:04DF       IMEMATTR
 0000:37FB       INCPTR
 0A55:11AA       INFO
 0000:0066  Abs  INFOSIZE
 0A55:11A9       INFO_CTL
 0A55:1244       INITIMER
 0000:6926       INP_FOCBTN
 0000:67C3       INP_FOCEDIT
 0000:679A       INP_FOCNONE
 0000:6937       INP_FOCRADIO
 0000:679C       INP_FOCTEXT
 0000:077D       INST_INT15
 0000:21BA       INST_TMPINT15
 0000:12A2       INT02
 0000:24E7       INT02_COM
 0000:12A7       INT08
 0000:25BD       INT08_COM
 0000:12B8       INT09
 0000:262E       INT09_COM
 0000:07BB       INT15
 0000:19AE       INT15PROT
 0000:2220       INT22
 0000:07CB       INT23
 0000:12C9       INT24
 0000:1A53       INTPROC
 0000:1A53       INTPROC_COM
 0A55:047C       INT_FLAG
 0A55:1312       ITEMCNT
 0A55:12D4       ITEMOPERS
 0A55:12E0       ITEMPATCNT
 0A55:1292       ITEM_LEN
 0000:00F6       IZIT486
 0000:0C45       IZITEGA
 0000:10F8       IZITSEP
 0A55:04B3       KEY2ATTR
 0A55:04AF       KEYATTR
 0A55:4E96       KEY_FLAGS
 0A55:10FA       LACODE
 0A55:1102       LACR3
 0A55:10FE       LADATA
 0A55:1106       LAPTE
 0000:3F96       LASTDAY
 0A55:B8EF       LASTDIFF
 0A55:B894       LASTKEY
 0A55:125A       LAST_PTST
 0A55:06B8       LCLGDT
 0A55:0820       LCLIDT
 0000:0800  Abs  LCLIDT_LEN
 0A55:0200       LCLSTK
 0A55:03FE       LCLSTKZ
 0A55:1052       LCLTSS
 0A55:45F4       LCL_ALCSIGN
 0A55:4609       LCL_CACHCTL1
 0A55:45D3       LCL_EISASIGN
 0A55:45B0       LCL_ITTSIGN
 0A55:459A       LCL_OLISIGN
 0A55:45D7       LCL_PHOENIXSIGN
 0A55:45EF       LCL_TANDYSIGN
 0A55:7328       LNKIDM_ACT
 0A55:731C       LNKINV_ACT
 0A55:6E40       LOGA
 0A55:6E7A       LOGB
 0A55:6E9E       LOGC
 0A55:6EAC       LOGD
 0A55:6E95       LOGDATE
 0A55:6ECB       LOGE
 0A55:6EFC       LOGF
 0A55:6F0F       LOGF_H1
 0A55:6F18       LOGF_H2
 0A55:6F01       LOGF_K1
 0A55:6F0B       LOGF_K2
 0A55:6F27       LOGF_K3
 0A55:6F2C       LOGG
 0A55:6EA3       LOGTIME
 0A55:6F7E       LOG_HALT
 0A55:6F2F       LOG_MEMERR
 0A55:6F34       LOG_MEMERR1
 0A55:6F49       LOG_NMIERR
 0A55:6F4E       LOG_NMIERR1
 0A55:6F63       LOG_NOERR
 0000:0C71       LOWERCASE
 0A55:456C       MACHID
 0A55:047E       MAPSEG_NXT
 0000:99C1       MARCHBB
 0000:9FB6       MARCHBD
 0000:9CBC       MARCHBW
 0000:8852       MARCHCMB
 0000:8E84       MARCHCMD
 0000:8B6C       MARCHCMW
 0000:812A       MARCHXB
 0000:8592       MARCHXD
 0000:835E       MARCHXW
 0000:9232       MARCHYB
 0000:96DC       MARCHYD
 0000:9487       MARCHYW
 0000:7652       MATSPB
 0000:798B       MATSPD
 0000:7B9F       MATSPPB
 0000:7F00       MATSPPD
 0000:7D51       MATSPPW
 0000:77F0       MATSPW
 0A55:111A       MAXDEV_FVEC
 0A55:055A       MAXNAME
 0A55:0460       MAXSIZE
 0A55:122C       MAXTIMER
 0A55:4E45       MAXVSAPI
 0A55:D0F0       MAX_FLAG
 0000:0002       MD_FLAG
 0A55:04CF       MEMATTR
 0000:000A       MEMCHK
 0A55:125C       MEMERRCNT
 0A55:04D3       MEMHATTR
 0A55:1264       MEMIND
 0A55:1266       MEMITEM_LEN
 0A55:4628       MEMITEM_SIZ
 0A55:06B0       MEMTIMER
 0A55:1260       MEMWRKIND
 0A55:B8F6       MOLEN_TAB
 0A55:C90F       MONDAY
 0A55:B8BC       MOTAB
 0A55:0428       MOVE_TAB
 0A55:0493       MSGATTR
 0A55:B465       MSG_ACHLP
 0A55:6FE1       MSG_ADDR
 0A55:581D       MSG_ADV
 0A55:5898       MSG_ALLOC
 0000:0016  Abs  MSG_ALLOC_LEN
 0A55:607A       MSG_ASK
 0A55:607B       MSG_ASK1
 0A55:BCD1       MSG_ASKCLR
 0A55:C9C6       MSG_ASKCMD
 0A55:CAA0       MSG_ASKCMDOPT
 0A55:CC08       MSG_ASKCMDREM
 0A55:5D02       MSG_ASKSCR1
 0A55:5ECA       MSG_ASKSCR2
 0A55:6135       MSG_ASK_CONT
 0A55:4584       MSG_ASTCOPY
 0A55:57FE       MSG_BASIC
 0A55:64D2       MSG_BLKCLR
 0A55:6F99       MSG_BYTERR
 0A55:4F33       MSG_CANCEL
 0A55:72CC       MSG_CANCELLED
 0000:001A  Abs  MSG_CANCELLED_LEN
 0A55:BD7C       MSG_CMDS
 0A55:6093       MSG_CNT1
 0A55:B910       MSG_COPY
 0A55:56B1       MSG_CPY
 0A55:BCFE       MSG_CRLF
 0A55:4FAC       MSG_CRLF2
 0A55:5844       MSG_DEC
 0A55:647E       MSG_DONE
 0000:0012  Abs  MSG_DONE_LEN
 0A55:6FBD       MSG_DWORDERR
 0A55:BD01       MSG_EISA
 0A55:6456       MSG_ELAP
 0000:0016  Abs  MSG_ELAP_LEN
 0A55:5C04       MSG_ELEV
 0A55:6B1D       MSG_ETA_HR
 0A55:6FEA       MSG_EXP
 0A55:6FFC       MSG_EXP1
 0A55:700B       MSG_EXP2
 0A55:700D       MSG_EXP3
 0A55:502E       MSG_FF
 0A55:5CEE       MSG_FULLA
 0A55:5CF8       MSG_FULLB
 0A55:57A4       MSG_HALT
 0A55:6D9C       MSG_HALTSCR
 0A55:72B2       MSG_HELEV
 0A55:711C       MSG_HELP
 0A55:586E       MSG_HEX
 0A55:7078       MSG_HKEY
 0A55:702A       MSG_HKEYERR
 0A55:6490       MSG_INTR
 0000:0012  Abs  MSG_INTR_LEN
 0A55:5B1B       MSG_MEMATTR
 0A55:4E2C       MSG_MEMCLR
 0A55:5C1E       MSG_MEMEND0
 0A55:5C37       MSG_MEMEND1
 0A55:52AC       MSG_MEMERR
 0A55:52B2       MSG_MEMERR1
 0000:001A  Abs  MSG_MEMERR_LEN
 0A55:5A3A       MSG_MEMLIN
 0A55:58CE       MSG_MEMSCR
 0A55:BC2F       MSG_MULBUG
 0A55:52C6       MSG_NMIERR
 0A55:52CC       MSG_NMIERR1
 0A55:6FD0       MSG_NMIERROR
 0000:001A  Abs  MSG_NMIERR_LEN
 0A55:C996       MSG_NOA
 0A55:C9A0       MSG_NOB
 0A55:52E0       MSG_NOERR
 0000:0015  Abs  MSG_NOERR_LEN
 0A55:BCA5       MSG_NOMEM
 0A55:B97E       MSG_NOT386
 0A55:BAEA       MSG_NOTVM
 0A55:4F30       MSG_OK
 0A55:4F7C       MSG_OUAFILE
 0A55:4F6E       MSG_OUFILE
 0A55:4F62       MSG_OUPRINT
 0A55:BD61       MSG_OVF
 0A55:C8AC       MSG_PAK
 0A55:6B3E       MSG_PBAR
 0A55:4FAC       MSG_PHEADER
 0A55:C9AA       MSG_PPA
 0A55:C9B8       MSG_PPB
 0A55:4EE4       MSG_PRINT1
 0A55:4EEC       MSG_PRINT2
 0A55:4EFA       MSG_PRINT3
 0A55:4F09       MSG_PRINT4
 0A55:4F13       MSG_PRINT5
 0A55:4F91       MSG_PRINTC1
 0A55:4F9B       MSG_PRINTC2
 0A55:6912       MSG_PROGSCR
 0A55:BBE4       MSG_PRVEXT
 0A55:6CC6       MSG_PTSTALL
 0A55:6CA0       MSG_PTSTCMP
 0A55:6CEC       MSG_PTSTERR
 0A55:6B96       MSG_PTSTFULL
 0A55:6D38       MSG_PTSTGET
 0A55:6D5E       MSG_PTSTINI
 0A55:6D12       MSG_PTSTINT
 0A55:6C54       MSG_PTSTLID
 0A55:6C08       MSG_PTSTLIN
 0A55:6B70       MSG_PTSTQUIK
 0A55:6BBC       MSG_PTSTSAF
 0A55:6BE2       MSG_PTSTTF
 0A55:6C7A       MSG_PTSTUID
 0A55:6C2E       MSG_PTSTUIN
 0A55:C941       MSG_QMTDAT
 0A55:4572       MSG_QUADCOPY
 0A55:5CD8       MSG_QUICKA
 0A55:5CE3       MSG_QUICKB
 0A55:5753       MSG_QUIT
 0A55:5351       MSG_R0
 0A55:536A       MSG_R0A
 0A55:5376       MSG_R0B
 0A55:537E       MSG_R0W1
 0A55:5397       MSG_R0W1A
 0A55:53A3       MSG_R0W1B
 0A55:53AB       MSG_R0W1R1
 0A55:53C4       MSG_R0W1R1A
 0A55:53D0       MSG_R0W1R1B
 0A55:53D8       MSG_R0W1R1W0R0W1
 0A55:5415       MSG_R0W1R1W0R0W1A
 0A55:5421       MSG_R0W1R1W0R0W1B
 0A55:53FC       MSG_R0W1R1W0R0W1Z
 0000:0024  Abs  MSG_R0W1R1W0R0W1_LEN1
 0000:002D  Abs  MSG_R0W1R1W0R0W1_LEN2
 0000:002D  Abs  MSG_R0W1R1_LEN
 0A55:5429       MSG_R0W1W0
 0A55:5442       MSG_R0W1W0A
 0A55:544E       MSG_R0W1W0B
 0000:002D  Abs  MSG_R0W1W0_LEN
 0000:002D  Abs  MSG_R0W1_LEN
 0000:002D  Abs  MSG_R0_LEN
 0A55:5456       MSG_R1
 0A55:546F       MSG_R1A
 0A55:547B       MSG_R1B
 0A55:5483       MSG_R1W0
 0A55:549C       MSG_R1W0A
 0A55:54A8       MSG_R1W0B
 0A55:54B0       MSG_R1W0R0
 0A55:54C9       MSG_R1W0R0A
 0A55:54D5       MSG_R1W0R0B
 0000:002D  Abs  MSG_R1W0R0_LEN
 0A55:54DD       MSG_R1W0W1
 0A55:54F6       MSG_R1W0W1A
 0A55:5502       MSG_R1W0W1B
 0A55:550A       MSG_R1W0W1W0
 0A55:5523       MSG_R1W0W1W0A
 0A55:552F       MSG_R1W0W1W0B
 0000:002D  Abs  MSG_R1W0W1W0_LEN
 0000:002D  Abs  MSG_R1W0W1_LEN
 0000:002D  Abs  MSG_R1W0_LEN
 0000:002D  Abs  MSG_R1_LEN
 0A55:6500       MSG_SCROLL
 0A55:BD31       MSG_SEP
 0A55:23C0       MSG_SHD1
 0A55:61CE       MSG_STATSCR
 0A55:456D       MSG_TOSHSIGN
 0A55:5CC9       MSG_TOT
 0000:0006  Abs  MSG_TOT_LEN
 0A55:BD19       MSG_UNK
 0A55:C8C9       MSG_UNSCHED
 0A55:C8EF       MSG_UNSCHED_DATE
 0A55:BD4B       MSG_VAL
 0A55:52F7       MSG_W0
 0A55:5310       MSG_W0A
 0A55:531C       MSG_W0B
 0000:002D  Abs  MSG_W0_LEN
 0A55:5324       MSG_W1
 0A55:533D       MSG_W1A
 0A55:5349       MSG_W1B
 0000:002D  Abs  MSG_W1_LEN
 0A55:4F4E       MSG_WHALL
 0A55:4F3A       MSG_WHTHIS
 0A55:B9BD       MSG_WIN3
 0A55:6FAB       MSG_WORDERR
 0A55:D254       MSG_XINST
 0A55:BB62       MSG_XMEM
 0A55:BBA1       MSG_XMEM1
 0A55:BBB2       MSG_XMEM2
 0A55:BBE0       MSG_XMEMSEED
 0A55:C982       MSG_YESA
 0A55:C98C       MSG_YESB
 0A55:0418       MUL_ARG1
 0A55:041C       MUL_ARG2
 0A55:0420       MUL_PROD
 0000:0022  Abs  NCMDARGS
 0A55:110E       NEXTPTE
 0A55:B8B8       NEXTSCHED
 0A55:4624       NMEMVAL
 0A55:113E       NMIADDR
 0A55:125E       NMIERRCNT
 0A55:1142       NMIOFF
 0000:3F83       NORMALIZE_DATE
 0A55:B896       NUMBERS_LO
 0A55:1224       NUMOPERS
 0A55:1028       OLDCR0
 0A55:1146       OLDCUR
 0A55:13FC       OLDIMR1
 0A55:13FD       OLDIMR2
 0000:00A5       OLDINT15_VEC
 0000:00A9       OLDINT22_VEC
 0A55:11A0       OLDINT24
 0A55:11A4       OLDINT67
 0A55:1420       OLDSCR
 0000:1296       OLDSTK_VEC
 0A55:115C       OLDSWAP_CNT
 0000:129A       OLDTMPINT15_VEC
 0A55:1148       OLDTYP
 0000:58C5       OLI_RESET
 0000:3D44       OPEN_LOG
 0A55:10F6       P2L_ADDR
 0A55:10F2       P2L_HNDL
 0A55:10EE       P2L_SIZE
 0A55:110A       PACR3
 0A55:5C51       PAMEM
 0A55:1302       PATCNT
 0A55:1304       PATOFF
 0A55:12C0       PATXT1
 0A55:6138       PATXT2
 0A55:12C8       PATXT3
 0A55:12C4       PBTXT1
 0A55:6138       PBTXT2
 0A55:12CE       PBTXT3
 0A55:4611       PCACHCTL
 0A55:7324       PCALIB_LID
 0A55:7318       PCALIB_LIN
 0A55:730C       PCALIB_UID
 0A55:7300       PCALIB_UIN
 0A55:72E8       PCALIB_USF
 0A55:72F4       PCALIB_UTF
 0A55:4E7E       PFNFOCUS
 0A55:51F2       PHANDLE
 0A55:51EE       PHLPCNT
 0A55:51EC       PHLPIND
 0A55:5234       PHTOPTTL
 0A55:0458       PHYSIZE
 0A55:D284       PIDENT
 0A55:1354       PLERR
 0000:6C17       PLINE_SUB
 0000:24E2       PMEXC02
 0000:24BD       PMHALT
 0000:24DD       PMINT02
 0000:2597       PMINT08
 0A55:112C       PMINT08_FVEC
 0000:25AA       PMINT09
 0A55:1132       PMINT09_FVEC
 0000:24B1       PMINT23
 0A55:1120       PMI_FVEC
 0A55:1126       PMONSTK_FVEC
 0A55:4E6A       PMSG_HKEY
 0A55:5C1C       PMSG_MEMEND
 0A55:6D84       PMSG_PTST
 0A55:0000       PMSTK
 0A55:01FE       PMSTKZ
 0000:24C9       PMZAP
 0A55:11CE       PORT67
 0000:4610       PPI_K2S
 0000:45E9       PPI_S2C
 0000:45F8       PPI_S2C_K2S
 0000:A2FC       PPI_S2C_S2K
 0000:4601       PPI_S2K
 0000:461B       PPI_S2K_K2S
 0A55:04C3       PRG1ATTR
 0A55:04C7       PRG2ATTR
 0A55:04BF       PRGATTR
 0A55:4ECC       PRINTCANDLG
 0A55:4E98       PRINTDLG
 0000:6C43       PRINT_LINE
 0A55:1256       PROGPCT
 0A55:0563       PROT_NAME
 0A55:0478       PSPSEG
 0000:002C       PSP_ENVIR_PTR
 0000:0080       PSP_PARM_COUNT
 0000:0081       PSP_PARM_STRING
 0000:000A       PSP_TERMINATE
 0000:A309       PULSE8042
 0000:4735       PURGE_KBUFF
 0A55:4E6C       PW_HKEY
 0A55:B8AA       QMTDAT
 0A55:B8AE       QMTDAT_M
 0A55:B8B2       QMTDAT_W
 0A55:0623       QMTDIR
 0A55:1347       QMTLOG
 0A55:0572       QMTLOGPATH
 0A55:06A3       QMT_STEM
 0A55:50E5       RAD_OUTPUT
 0A55:50A9       RAD_WHAT
 0A55:5121       RBTN_OUAFILE
 0A55:510D       RBTN_OUFILE
 0A55:50F9       RBTN_OUPRINT
 0A55:50D1       RBTN_WHALL
 0A55:50BD       RBTN_WHTHIS
 0A55:12EC       RCNT
 0000:20A0       READA20
 0000:A316       READ_IRR
 0A55:12FA       REG0DN
 0A55:12F2       REG0UP
 0A55:12FE       REG1DN
 0A55:12F6       REG1UP
 0000:00AD       REMAPSEG_NXT
 0000:4700       REST_IMR
 0000:4861       REST_SCR
 0000:21E1       REST_TMPINT15
 0000:28DC       RMPAGE
 0A55:C938       SATURDAY
 0000:0740       SAVE_FN88
 0000:46E1       SAVE_IMR
 0000:483E       SAVE_SCR
 0000:54F6       SAVE_SHADOW
 0000:5786       SAVE_XSHADOW
 0A55:05F2       SAV_ASKCMDOPT
 0000:340F       SCALE_DOWN
 0A55:51E8       SCRCNT
 0A55:0488       SCRNTYPE
 0A55:51E4       SCRSAVE
 0A55:B8EB       SECTARG
 0A55:115F       SECTIMER
 0A55:114A       SEL_4GB
 0A55:114C       SEL_ALIAS
 0000:129E       SEL_DATA
 0000:4696       SEND_OUT
 0000:651D       SETCSR
 0000:1939       SETUP_EPM
 0000:17CC       SETUP_GDT
 0000:197D       SETUP_IDT
 0000:1903       SETUP_TSS
 0000:2E85       SET_ASKCOUNT
 0000:3078       SET_BARATTR
 0000:0BCE       SET_COLOR
 0000:30B4       SET_COMPLETE
 0000:18A9       SET_GDT
 0A55:04B7       SHD1ATTR
 0A55:04BB       SHD2ATTR
 0A55:2564       SHDCNT
 0A55:2566       SHDIND
 0A55:2560       SHDSIZE
 0A55:2568       SHDTAB
 0A55:D0DA       SIFEACT
 0A55:D0A4       SIFEVAL
 0000:1259       SKIP_WHITE
 0000:5BCF       SORT_MEMVAL
 0000:588C       SRCHSTR
 0A55:04CF       STATATTR
 0A55:04D3       STATHATTR
 0A55:0527       STATLATTR
 0A55:0523       STATTATTR
 0000:1A16       STOREINT
 0000:64FE       STRLEN
 0A55:C908       SUNDAY
 0000:2545       SWAP_NMI
 0000:2FC2       SWITCH_COLOR
 0000:2F17       SWITCH_MODE
 0A55:118D       SWTNAME
 0A55:2524       SYS_FLAG
 0000:9955       TEST_LNKIDM
 0000:91C6       TEST_LNKINV
 0000:87E6       TEST_UNLIDM
 0000:80BE       TEST_UNLINV
 0000:75E6       TEST_UNLSAF
 0000:7B33       TEST_UNLTRN
 0A55:C928       THURSDAY
 0A55:462A       TIMECNT
 0A55:061F       TIMEPREFIX
 0000:75BF       TIMER_READ
 0000:759D       TIMER_RESTORE
 0000:757B       TIMER_SETUP
 0A55:52F6       TIMESEP
 0A55:462C       TIMETAB
 0A55:04E7       TMEMATTR
 0A55:B8F4       TMPIND
 0000:21F3       TMPINT15
 0000:2660       TMPINT67
 0A55:121C       TMPOPERS
 0A55:B8A6       TODAY
 0A55:B8B7       TODAY_DOM
 0A55:B8B6       TODAY_DOW
 0A55:0470       TOPFILL
 0A55:252E       TOP_GDT
 0A55:255E       TOP_MIO
 0000:57E7       TOP_WRITE
 0A55:1214       TOTOPERS
 0A55:4618       TSTSIZEB
 0A55:4620       TSTSIZED
 0A55:461C       TSTSIZEW
 0A55:04A3       TTLATTR
 0A55:C916       TUESDAY
 0A55:502F       TXT_PRINT1
 0A55:5037       TXT_PRINT2
 0A55:503F       TXT_PRINT3
 0A55:5047       TXT_PRINT4
 0A55:504F       TXT_PRINT5
 0A55:5057       TXT_PRINTC1
 0A55:505F       TXT_PRINTC2
 0A55:7310       UNLIDM_ACT
 0A55:7304       UNLINV_ACT
 0A55:72EC       UNLSAF_ACT
 0A55:72F8       UNLTRN_ACT
 0000:1041       UPDATE_QMTDAT
 0000:124E       UPPERCASE
 0000:08D9       VALIDATE_EISAMEM
 0A55:1210       VCPIDBG_VER
 0000:0324  Abs  VER
 0000:0038  Abs  VERS_H
 0000:0804  Abs  VERS_HTU
 0000:0030  Abs  VERS_T
 0000:0034  Abs  VERS_U
 0A55:0468       VIDBASE_FVEC
 0000:4899       VIDB_LINEAR
 0000:4884       VIDB_SEGOFF
 0A55:0558       VIDMODE1
 0A55:0559       VIDMODE2
 0A55:119E       VLSI_CSIZE
 0A55:1112       VMHANDLE
 0000:2492       VMINT23
 0000:12A0       VMINTFN
 0000:1A0C       VMINTFN1
 0000:1A0F       VMINTFN2
 0A55:1024       VMINT_VEC
 0A55:1020       VMVSAPI_VEC
 0000:4633       WAITIBUF_CLR
 0000:4683       WAITOBUF_CLR
 0000:466A       WAITOBUF_SET
 0A55:C91E       WEDNESDAY
 0000:0DB3       WEEKDAYS
 0000:4B46       WGET_A
 0000:4B00       WGET_C
 0000:4B8C       WGET_CA
 0A55:04D7       WMEMATTR
 0000:5EAA       WORD_MEMVAL
 0000:4C4A       WPUT_A
 0000:4C87       WPUT_ASC
 0000:630E       WPUT_BOX
 0000:4BD1       WPUT_C
 0000:4C0E       WPUT_CA
 0000:4CCD       WPUT_CSA
 0000:4D48       WPUT_SA
 0000:4D0F       WPUT_SC
 0000:4D81       WPUT_SCA
 0000:4DB5       WPUT_SHD1
 0000:4E33       WPUT_SHD1_SUB
 0000:4E5E       WPUT_SHD2
 0000:3CF9       WRITESTR
 0A55:0497       WRKATTR
 0000:4AD1       WSETUP
 0A55:56A1       W_AAR
 0A55:CC50       W_ACHLP
 0A55:615E       W_ASK
 0A55:C96A       W_ASKCMD
 0A55:C972       W_ASKCMDBACK
 0A55:C97A       W_ASKCMDREM
 0A55:5CD0       W_ASKSCR1
 0A55:5EC2       W_ASKSCR2
 0A55:583C       W_BASE
 0A55:5699       W_CPY
 0A55:644C       W_CURPAT
 0A55:5C0C       W_EBOX
 0A55:6B0A       W_ELAP1
 0A55:6B12       W_ELAP2
 0A55:5BFC       W_ELEV
 0A55:6B26       W_ETA1
 0A55:6B2E       W_ETA2
 0A55:6E38       W_HALT
 0A55:7292       W_HASK
 0A55:72C4       W_HEBOX
 0A55:72AA       W_HELEV
 0A55:7114       W_HELP
 0A55:7012       W_HKEY
 0A55:701A       W_HKEYERR
 0A55:7022       W_HKEYF2
 0A55:7288       W_HLIN
 0A55:729A       W_HSCR
 0A55:72A2       W_HTTL
 0A55:56A9       W_KEY
 0A55:5C14       W_MEMEND
 0A55:58C6       W_MEMH
 0A55:58B6       W_MEMLIN
 0A55:58AE       W_MEMSCR
 0A55:58BE       W_MEMWRK
 0A55:57F6       W_MODE
 0A55:6B36       W_PBAR
 0A55:690A       W_PROG
 0A55:6D94       W_PTST
 0A55:61AE       W_SCROLL
 0A55:1418       W_SHD
 0A55:61B6       W_STATH1
 0A55:61BE       W_STATH2
 0A55:61C6       W_STATH3
 0A55:61A6       W_STATL
 0A55:619E       W_STATSCR
 0A55:1410       W_TMP
 0A55:2410       XDDS
 0000:0006       XMSDRV_VEC
 0A55:0480       XMSZLEN
 0A55:0485       XMS_GETXMB
 0A55:0484       XMS_QRYXMB
 0A55:0486       XMS_XLATFLAGS
 0A55:3568       XSHDCNT
 0A55:356A       XSHDIND
 0A55:356C       XSHDTAB
 0A55:1254       ZAPOFF
 0000:3AC8       ZAPREST
 0000:28B6       ZERO_PAGE
 0A55:64A2       ZMSG_BLK
 0A55:64A4       ZMSG_BLK1
 0A55:64B5       ZMSG_BLK3
 0A55:64BE       ZMSG_BLK4
 0A55:64CD       ZMSG_BLK5
 0A55:5537       ZMSG_CURPATB
 0A55:5547       ZMSG_CURPATB1
 0000:0016  Abs  ZMSG_CURPATB_LEN
 0A55:556F       ZMSG_CURPATD
 0A55:557F       ZMSG_CURPATD1
 0000:002E  Abs  ZMSG_CURPATD_LEN
 0A55:554F       ZMSG_CURPATW
 0A55:555F       ZMSG_CURPATW1
 0000:001E  Abs  ZMSG_CURPATW_LEN
 0A55:6454       ZMSG_ELAP
 0A55:6463       ZMSG_ELAP1
 0A55:646C       ZMSG_ELAP_DONE
 0A55:6463       ZMSG_ELAP_HR
 0000:0000  Abs  ZMSG_ELAP_HR_LEN
 0000:0003  Abs  ZMSG_ELAP_MIN_LEN
 0000:0006  Abs  ZMSG_ELAP_SEC_LEN
 0A55:566A       ZMSG_LNKIDM
 0A55:563C       ZMSG_LNKINV
 0A55:560B       ZMSG_UNLIDM
 0A55:55DB       ZMSG_UNLINV
 0A55:559F       ZMSG_UNLSAF
 0A55:55BC       ZMSG_UNLTRN
 0A55:D288       ZTAIL

  Address         Publics by Value

 0000:0000  Abs  @HELP_NONE
 0000:0000       DATASEG
 0000:0000  Abs  ZMSG_ELAP_HR_LEN
 0000:0001  Abs  @HELP_TOPICS
 0000:0002  Abs  @HELP_SCREEN
 0000:0002  Abs  @MEMLIN_SCOL
 0000:0002       MD_FLAG
 0000:0003  Abs  @HELEV_SROW
 0000:0003  Abs  @HTXT_SCOL
 0000:0003  Abs  @HTXT_SROW
 0000:0003  Abs  ZMSG_ELAP_MIN_LEN
 0000:0005  Abs  @HLIN_LEN
 0000:0005  Abs  @HLPIND_MEM
 0000:0006  Abs  @ASKITEM_LEN
 0000:0006  Abs  @HLPIND_NMI
 0000:0006  Abs  MSG_TOT_LEN
 0000:0006       XMSDRV_VEC
 0000:0006  Abs  ZMSG_ELAP_SEC_LEN
 0000:0008  Abs  @ELEV_NROW
 0000:0008  Abs  @MEMITEM_LEN
 0000:000A       MEMCHK
 0000:000A       PSP_TERMINATE
 0000:000B  Abs  @ASKCMD_SREMROW
 0000:000B  Abs  @STATLIN_NROW
 0000:000C  Abs  @HERR_NROW
 0000:000C  Abs  @HNMI_NROW
 0000:000C  Abs  @STATLIN_SROW
 0000:000D  Abs  @ELEV_SROW
 0000:000D  Abs  @MEMLIN_SROW
 0000:000F  Abs  @HMEM_NROW
 0000:0010  Abs  @ACHLP_NROW
 0000:0012  Abs  @HELEV_NROW
 0000:0012  Abs  @HTXT_NROW
 0000:0012  Abs  MSG_DONE_LEN
 0000:0012  Abs  MSG_INTR_LEN
 0000:0015  Abs  MSG_NOERR_LEN
 0000:0016  Abs  MSG_ALLOC_LEN
 0000:0016  Abs  MSG_ELAP_LEN
 0000:0016  Abs  ZMSG_CURPATB_LEN
 0000:0017  Abs  @STATLIN_END
 0000:0019  Abs  @MEMLIN_NCOL
 0000:001A  Abs  MSG_CANCELLED_LEN
 0000:001A  Abs  MSG_MEMERR_LEN
 0000:001A  Abs  MSG_NMIERR_LEN
 0000:001E  Abs  ZMSG_CURPATW_LEN
 0000:0022  Abs  NCMDARGS
 0000:0024  Abs  MSG_R0W1R1W0R0W1_LEN1
 0000:0026  Abs  @HOVR_NROW
 0000:0028  Abs  @MSG_QMTDAT_LEN
 0000:0029  Abs  @HTST_NROW
 0000:002B  Abs  @ACHLP_NCOL
 0000:002C       PSP_ENVIR_PTR
 0000:002D  Abs  @LEN_ASKCMDOPT
 0000:002D  Abs  MSG_R0W1R1W0R0W1_LEN2
 0000:002D  Abs  MSG_R0W1R1_LEN
 0000:002D  Abs  MSG_R0W1W0_LEN
 0000:002D  Abs  MSG_R0W1_LEN
 0000:002D  Abs  MSG_R0_LEN
 0000:002D  Abs  MSG_R1W0R0_LEN
 0000:002D  Abs  MSG_R1W0W1W0_LEN
 0000:002D  Abs  MSG_R1W0W1_LEN
 0000:002D  Abs  MSG_R1W0_LEN
 0000:002D  Abs  MSG_R1_LEN
 0000:002D  Abs  MSG_W0_LEN
 0000:002D  Abs  MSG_W1_LEN
 0000:002E  Abs  ZMSG_CURPATD_LEN
 0000:002F  Abs  @STATLIN_NCOL
 0000:0030  Abs  BETA_H
 0000:0030  Abs  BETA_T
 0000:0030  Abs  VERS_T
 0000:0032  Abs  @HCMD_NROW
 0000:0033  Abs  BETA_U
 0000:0034  Abs  VERS_U
 0000:0038  Abs  VERS_H
 0000:003C  Abs  @HNAV_NROW
 0000:0047  Abs  @HCMD_NCOL
 0000:0047  Abs  @HERR_NCOL
 0000:0047  Abs  @HMEM_NCOL
 0000:0047  Abs  @HNAV_NCOL
 0000:0047  Abs  @HNMI_NCOL
 0000:0047  Abs  @HOVR_NCOL
 0000:0047  Abs  @HTST_NCOL
 0000:0047  Abs  @HTXT_NCOL
 0000:0066  Abs  INFOSIZE
 0000:006C  Abs  @MSG_LARGE
 0000:0073  Abs  @MSG_SMALL
 0000:0080  Abs  @XSHDTAB_LEN
 0000:0080       PSP_PARM_COUNT
 0000:0081       PSP_PARM_STRING
 0000:00A5       OLDINT15_VEC
 0000:00A9       OLDINT22_VEC
 0000:00AD       REMAPSEG_NXT
 0000:00C2       CHECK_CPUID
 0000:00F6       IZIT486
 0000:011B  Abs  @KEY_HALT
 0000:0128       CHECK_KEYB
 0000:015E  Abs  IDENTIFY_LEN
 0000:0190       CHECK_DEV
 0000:01B7       CHECK_VM86
 0000:0230       CHECK_MULBUG
 0000:0260       CHECK_VDS
 0000:02BA       CHECK_PHYS
 0000:0324  Abs  VER
 0000:0356       CHECK_MAX
 0000:0367       CHECK_XMSDRV
 0000:03B0       CHECK_CNV
 0000:03EF       GET_TOPDOS
 0000:04E6       CHECK_XMS
 0000:05B3       CHECK_XMEM
 0000:06F9       CHECK_EISA_SHD
 0000:0740       SAVE_FN88
 0000:077D       INST_INT15
 0000:07BB       INT15
 0000:07CB       INT23
 0000:07CC       CHECK_EISA_EXT
 0000:0800  Abs  LCLIDT_LEN
 0000:0804  Abs  VERS_HTU
 0000:08D9       VALIDATE_EISAMEM
 0000:09A9       BIOS_BLOCK_MOVE
 0000:0A28       CHECK_PRVEXT
 0000:0AE7       CHECK_SCRN
 0000:0BCE       SET_COLOR
 0000:0C45       IZITEGA
 0000:0C71       LOWERCASE
 0000:0C7C       GIVEBACK
 0000:0CE9       CHECK_WIN3
 0000:0D08       DISP_EXIT
 0000:0DB3       WEEKDAYS
 0000:0DB5       DATE2EPOCH
 0000:0DF9       EPOCH2DATE
 0000:0E56       EPOCH2WEEKS
 0000:0E67       GET_DATES
 0000:0F6F       BYTE2DEC
 0000:0F83       FMT_DMY
 0000:0FA5       FMT_HM
 0000:0FDE       CHECK_SCHED
 0000:1041       UPDATE_QMTDAT
 0000:106A       CHECK_ASK
 0000:10F8       IZITSEP
 0000:1113       CHECK_ARGS
 0000:120D       DISP_UNK
 0000:1238       DISP_MSG
 0000:124E       UPPERCASE
 0000:1259       SKIP_WHITE
 0000:1266       BASE2BIN
 0000:1296       OLDSTK_VEC
 0000:129A       OLDTMPINT15_VEC
 0000:129E       SEL_DATA
 0000:12A0       VMINTFN
 0000:12A2       INT02
 0000:12A7       INT08
 0000:12B8       INT09
 0000:12C9       INT24
 0000:12D7       ENTER_PM
 0000:1457       ENTER_PMSUB
 0000:1746       ENTER_PMSUB2
 0000:1786       DISABLE_SWAP
 0000:17B4       ENABLE_SWAP
 0000:17CC       SETUP_GDT
 0000:18A9       SET_GDT
 0000:1903       SETUP_TSS
 0000:1939       SETUP_EPM
 0000:197D       SETUP_IDT
 0000:19AE       INT15PROT
 0000:1A0C       VMINTFN1
 0000:1A0F       VMINTFN2
 0000:1A16       STOREINT
 0000:1A53       INTPROC
 0000:1A53       INTPROC_COM
 0000:2037       ENABLE_NMI
 0000:2073       CLR_PARITY
 0000:20A0       READA20
 0000:20E0       GOREAL
 0000:2195       ACT_XPM
 0000:21BA       INST_TMPINT15
 0000:21E1       REST_TMPINT15
 0000:21F3       TMPINT15
 0000:2220       INT22
 0000:2261       DPMI_ALLOC
 0000:2368       DPMI_FREE
 0000:2460       DPMI_RESET
 0000:2492       VMINT23
 0000:24B1       PMINT23
 0000:24BD       PMHALT
 0000:24C9       PMZAP
 0000:24DD       PMINT02
 0000:24E2       PMEXC02
 0000:24E7       INT02_COM
 0000:2545       SWAP_NMI
 0000:2595       DEBOUNCE
 0000:2597       PMINT08
 0000:25AA       PMINT09
 0000:25BD       INT08_COM
 0000:262E       INT09_COM
 0000:2660       TMPINT67
 0000:2661       CHECK_SWAT
 0000:26BA       CHECK_VCPI
 0000:28B6       ZERO_PAGE
 0000:28DC       RMPAGE
 0000:29BD       CHECK_RHELP
 0000:29DB       CHECK_FAULT
 0000:2D9A       ASK_COMPLETE
 0000:2E4C       GET_NEXTIND
 0000:2E7A       COUNT_CONT
 0000:2E85       SET_ASKCOUNT
 0000:2F17       SWITCH_MODE
 0000:2F32       GET_MEMTIMER
 0000:2F3C       CHECK_KEYS
 0000:2FC2       SWITCH_COLOR
 0000:2FDD       CHECK_HALT
 0000:2FF1       ASK_HALT
 0000:3049       COUNTOUT
 0000:3078       SET_BARATTR
 0000:30B4       SET_COMPLETE
 0000:30C6       DISP_ASKITEM
 0000:3150       DISP_ACTIV
 0000:3190       DISP_STATLIN
 0000:31A2       CLEAR_STATLIN
 0000:31C4       DISP_PROGSCR
 0000:3209       DISP_TEST
 0000:321F       DISP_OPERS
 0000:32F6       DISP_PROGRESS
 0000:335F       DISP_ETA
 0000:33C2       CALC_PCT
 0000:340F       SCALE_DOWN
 0000:3421       CALC_NOPERS
 0000:356D       ADD_TMPOPERS
 0000:3595       FMT_ELAP
 0000:35BB       FMT_ELAPSUB
 0000:363B       DISP_ELAP
 0000:3670       CLEAR_STATUS
 0000:368E       FMT_BLK
 0000:3737       DISP_MEMWRK
 0000:376C       FMT_DONE
 0000:37D4       CALC_PTST
 0000:37FB       INCPTR
 0000:3852       ERRLOG
 0000:38CE       DISP_ERRB
 0000:3914       DISP_ERRW
 0000:394E       DISP_ERRD
 0000:39A8       DISP_NMIERR
 0000:39FD       DISP_ASKSCR
 0000:3A4A       DISP_ASKBAS
 0000:3A6C       DISP_STATSCR
 0000:3AC8       ZAPREST
 0000:3AE4       CLEAR_CONT
 0000:3B1F       HMS2SECDAY
 0000:3B3B       DISP_BUTTON
 0000:3B70       GET_ASKRESP
 0000:3CF9       WRITESTR
 0000:3D11       DEFAULT_LOG
 0000:3D44       OPEN_LOG
 0000:3DEE       APPEND_LOG
 0000:3F83       NORMALIZE_DATE
 0000:3F96       LASTDAY
 0000:3FAF       FCN_ADVANCED
 0000:3FBF       FCN_ALL
 0000:4025       FCN_BW
 0000:402E       FCN_COLOR
 0000:403E       FCN_ASK
 0000:40B3       FCN_DAILY
 0000:40E4       FCN_INTERVAL
 0000:4152       FCN_LOG
 0000:41C6       FCN_MONTHLY
 0000:4275       FCN_WEEKLY
 0000:4311       FCN_FULL
 0000:437E       FCN_HELP
 0000:43EC       FCN_HEX
 0000:43F5       FCN_LARGER
 0000:4403       FCN_NODPMI
 0000:441A       FCN_NOVCPI
 0000:4431       FCN_NOEXIT
 0000:4439       FCN_NOPARITY
 0000:4442       FCN_NOSCRUB
 0000:444B       FCN_NOXRAM
 0000:4462       FCN_SMALLER
 0000:4470       FCN_QUICK
 0000:44D9       FCN_SHADOWRAM
 0000:44DB       CHECK_82C302
 0000:4510       FCN_TOP384
 0000:4522       FCN_LNKIDM
 0000:452B       FCN_LNKINV
 0000:4534       FCN_UNLIDM
 0000:453D       FCN_UNLINV
 0000:4546       FCN_UNLSAF
 0000:454F       FCN_UNLTRN
 0000:4558       FCN_CNTCOM
 0000:45C0       FCN_K
 0000:45C9       FCN_VLSI
 0000:45D2       ENABLE8255
 0000:45E9       PPI_S2C
 0000:45F8       PPI_S2C_K2S
 0000:4601       PPI_S2K
 0000:4610       PPI_K2S
 0000:461B       PPI_S2K_K2S
 0000:4633       WAITIBUF_CLR
 0000:466A       WAITOBUF_SET
 0000:4683       WAITOBUF_CLR
 0000:4696       SEND_OUT
 0000:46C2       ENABLE_IRQS
 0000:46E1       SAVE_IMR
 0000:4700       REST_IMR
 0000:471E       DRAINPIQ
 0000:4735       PURGE_KBUFF
 0000:4748       CHKNDKEY
 0000:474F       GETKEY
 0000:4756       BIN2DWORD
 0000:4765       BIN2WORD
 0000:4772       BIN2BYTE
 0000:477F       BIN2DIGIT
 0000:478D       BIN2DEC
 0000:47B6       BIND2DEC
 0000:47EB       BIN2BIT
 0000:4805       BIN2DVAL
 0000:483E       SAVE_SCR
 0000:4861       REST_SCR
 0000:4884       VIDB_SEGOFF
 0000:4899       VIDB_LINEAR
 0000:48B0       DISP_ALLOC
 0000:48CD       DISP_SCRN
 0000:48E3       DISP_CLRSCR
 0000:490B       DISP_CPYSCR
 0000:493B       DISP_QUIT
 0000:4953       DISP_HALT
 0000:4963       DISP_MODE
 0000:4981       DISP_BASE
 0000:49BE       DISP_STATL
 0000:4A2E       DISP_STATLZ
 0000:4AA4       DISP_CURPAT
 0000:4AD1       WSETUP
 0000:4B00       WGET_C
 0000:4B46       WGET_A
 0000:4B8C       WGET_CA
 0000:4BD1       WPUT_C
 0000:4C0E       WPUT_CA
 0000:4C4A       WPUT_A
 0000:4C87       WPUT_ASC
 0000:4CCD       WPUT_CSA
 0000:4D0F       WPUT_SC
 0000:4D48       WPUT_SA
 0000:4D81       WPUT_SCA
 0000:4DB5       WPUT_SHD1
 0000:4E33       WPUT_SHD1_SUB
 0000:4E5E       WPUT_SHD2
 0000:4EB8       CHECK_SYS
 0000:5043       CHECK_VLSI
 0000:5078       CHECK_TOSH
 0000:5099       CHECK_QUAD386
 0000:50F6       CHECK_AST386
 0000:51A9       CHECK_HPRS
 0000:51FC       CHECK_GRID
 0000:52D5       CHECK_OLI
 0000:5398       CHECK_CPQ386
 0000:545E       CHECK_ITT
 0000:54A3       CMD_TOP384
 0000:54F6       SAVE_SHADOW
 0000:5786       SAVE_XSHADOW
 0000:57E7       TOP_WRITE
 0000:5848       DISABLE_EGAROM
 0000:588C       SRCHSTR
 0000:58C5       OLI_RESET
 0000:590C       COPY_MEMVAL
 0000:5967       CALC_MEMVAL
 0000:59F5       DISP_MEMSCR
 0000:5A1D       DISP_MEMVAL
 0000:5B3D       FMT_MEM
 0000:5B99       CLEAR_MEM
 0000:5BAE       CHECK_TIME
 0000:5BCF       SORT_MEMVAL
 0000:5C32       FILL_MEMVAL
 0000:5EAA       WORD_MEMVAL
 0000:5EC0       CHECK_SX
 0000:5F12       FMT_W0
 0000:5F3C       FMT_W1
 0000:5F66       FMT_R0
 0000:5F90       FMT_R0DN
 0000:5FBA       FMT_R1
 0000:5FE4       FMT_R1DN
 0000:600E       FMT_R0W1
 0000:6038       FMT_R0W1R1
 0000:6062       FMT_R0W1R1W0R0W1
 0000:6095       FMT_R0W1DN
 0000:60BF       FMT_R1W0
 0000:60E9       FMT_R1W0DN
 0000:6113       FMT_R0W1W0
 0000:613D       FMT_R0W1W0DN
 0000:6167       FMT_R1W0W1
 0000:6191       FMT_R1W0W1DN
 0000:61BB       FMT_R1W0W1W0DN
 0000:61E5       FMT_R1W0R0DN
 0000:620F       FMT_PATTERNB
 0000:6235       FMT_PATTERNW
 0000:625B       FMT_PATTERND
 0000:6284       DISP_HLPERR
 0000:62E5       GET_MEM
 0000:630E       WPUT_BOX
 0000:638F       DPUT_SZ
 0000:63D1       DPUT_SZA
 0000:6414       DPUT_CA
 0000:6448       DPUT_C
 0000:647E       DPUT_SCA
 0000:64C9       DPUT_A
 0000:64FE       STRLEN
 0000:651D       SETCSR
 0000:6531       D2WCALL
 0000:655D       DRAW_DTEXT
 0000:657B       DRAW_DEDIT
 0000:6652       DRAW_DBTN
 0000:66E3       DRAW_DRADIO
 0000:6763       DRAW_DNONE
 0000:6764       DRAW_DLG
 0000:679A       INP_FOCNONE
 0000:679C       INP_FOCTEXT
 0000:679E       BRANCH_AX
 0000:67C3       INP_FOCEDIT
 0000:6926       INP_FOCBTN
 0000:6937       INP_FOCRADIO
 0000:69EE       FIND_OBJ
 0000:6A06       DRAW_SI
 0000:6A1B       GET_DLG
 0000:6BDE       GETKEYXLT
 0000:6BFB       CHECK_CANKEY
 0000:6C17       PLINE_SUB
 0000:6C43       PRINT_LINE
 0000:6CED       DO_PRINT
 0000:6E83       DISP_HELP
 0000:7189       CALIBRATE
 0000:757B       TIMER_SETUP
 0000:759D       TIMER_RESTORE
 0000:75BF       TIMER_READ
 0000:75E6       TEST_UNLSAF
 0000:7652       MATSPB
 0000:77F0       MATSPW
 0000:798B       MATSPD
 0000:7B33       TEST_UNLTRN
 0000:7B9F       MATSPPB
 0000:7D51       MATSPPW
 0000:7F00       MATSPPD
 0000:80BE       TEST_UNLINV
 0000:812A       MARCHXB
 0000:835E       MARCHXW
 0000:8592       MARCHXD
 0000:87E6       TEST_UNLIDM
 0000:8852       MARCHCMB
 0000:8B6C       MARCHCMW
 0000:8E84       MARCHCMD
 0000:91C6       TEST_LNKINV
 0000:9232       MARCHYB
 0000:9487       MARCHYW
 0000:96DC       MARCHYD
 0000:9955       TEST_LNKIDM
 0000:99C1       MARCHBB
 0000:9CBC       MARCHBW
 0000:9FB6       MARCHBD
 0000:A2E1       ACTA20_COMSUB
 0000:A2E3       ACTA20_ENA
 0000:A2EF       ACTA20_DIS
 0000:A2FB       DEFOUT
 0000:A2FC       PPI_S2C_S2K
 0000:A309       PULSE8042
 0000:A316       READ_IRR
 0000:A320       A20DIS_I92
 0000:A323       A20DIS_QUD
 0000:A326       A20DIS_XT
 0000:A329       A20DIS_I78
 0000:A32C       A20DIS_ISA
 0000:A331       A20DIS_XMS
 0000:A334       DEGATEA20
 0000:A33C       GATEA20
 0000:A343       ACTA20_COM
 0000:A352       A20ENA_I92
 0000:A355       A20ENA_QUD
 0000:A358       A20ENA_XT
 0000:A35B       A20ENA_I78
 0000:A35E       A20ENA_ISA
 0000:A363       A20ENA_XMS
 0000:A366       A20COM_I92
 0000:A36E       A20COM_QUD
 0000:A37A       A20COM_XT
 0000:A381       A20COM_I78
 0000:A38A       A20COM_ISA
 0000:A3A2       A20COM_XMS
 0000:A3B0       CHECK_I92
 0000:A40E       CHECK_I78
 0000:A432       CHECK_INFO
 0000:A550       CTAIL
 0A55:0000       PMSTK
 0A55:01FE       PMSTKZ
 0A55:0200       LCLSTK
 0A55:03FE       LCLSTKZ
 0A55:0400       CON4K
 0A55:0404       CON32K
 0A55:0408       CON64K
 0A55:040C       CON128K
 0A55:0410       CON1M
 0A55:0414       CON16M
 0A55:0418       MUL_ARG1
 0A55:041C       MUL_ARG2
 0A55:0420       MUL_PROD
 0A55:0428       MOVE_TAB
 0A55:0458       PHYSIZE
 0A55:045C       CMOSIZE
 0A55:0460       MAXSIZE
 0A55:0464       DPMIDRV_VEC
 0A55:0468       VIDBASE_FVEC
 0A55:046E       DOSVER
 0A55:0470       TOPFILL
 0A55:0472       CLRMODE
 0A55:0474       GL2_FLAG
 0A55:0476       CODESEG
 0A55:0478       PSPSEG
 0A55:047A       HPDASEG
 0A55:047C       ARG_FLAG
 0A55:047C       INT_FLAG
 0A55:047E       MAPSEG_NXT
 0A55:0480       XMSZLEN
 0A55:0482       CPUTYPE
 0A55:0483       DPMITERM
 0A55:0484       XMS_QRYXMB
 0A55:0485       XMS_GETXMB
 0A55:0486       XMS_XLATFLAGS
 0A55:0488       SCRNTYPE
 0A55:048C       ADEF
 0A55:048F       DEFATTR
 0A55:0490       AMSG
 0A55:0493       MSGATTR
 0A55:0494       AWRK
 0A55:0497       WRKATTR
 0A55:0498       AERR
 0A55:049B       ERRATTR
 0A55:049C       ABRD
 0A55:049F       BRDATTR
 0A55:04A0       ATTL
 0A55:04A3       TTLATTR
 0A55:04A4       ACPY
 0A55:04A7       CPYATTR
 0A55:04A8       AAAR
 0A55:04AB       AARATTR
 0A55:04AC       AKEY
 0A55:04AF       KEYATTR
 0A55:04B0       AKEY2
 0A55:04B3       KEY2ATTR
 0A55:04B4       ASHD1
 0A55:04B7       SHD1ATTR
 0A55:04B8       ASHD2
 0A55:04BB       SHD2ATTR
 0A55:04BC       APRG
 0A55:04BF       PRGATTR
 0A55:04C0       APRG1
 0A55:04C3       PRG1ATTR
 0A55:04C4       APRG2
 0A55:04C7       PRG2ATTR
 0A55:04C8       AELEV
 0A55:04CB       ELEVATTR
 0A55:04CC       AMEM
 0A55:04CF       MEMATTR
 0A55:04CF       STATATTR
 0A55:04D0       AMEMH
 0A55:04D3       MEMHATTR
 0A55:04D3       STATHATTR
 0A55:04D4       AWMEM
 0A55:04D7       WMEMATTR
 0A55:04D8       AAMEM
 0A55:04DB       AMEMATTR
 0A55:04DC       AIMEM
 0A55:04DF       IMEMATTR
 0A55:04E0       AEMEM
 0A55:04E3       EMEMATTR
 0A55:04E4       ATMEM
 0A55:04E7       TMEMATTR
 0A55:04E8       AHTTL
 0A55:04EB       HTTLATTR
 0A55:04EC       AHLP
 0A55:04EF       HLPATTR
 0A55:04F0       AHLPA
 0A55:04F3       HLPAATTR
 0A55:04F4       AHLPB
 0A55:04F7       HLPBATTR
 0A55:04F8       AHERR
 0A55:04FB       HERRATTR
 0A55:04FC       AHKEY
 0A55:04FF       HKEYATTR
 0A55:0500       AHLT
 0A55:0503       HLTATTR
 0A55:0504       AASK
 0A55:0507       ASKATTR
 0A55:0508       AASKAA
 0A55:050B       ASKAAATTR
 0A55:050C       AASKAB
 0A55:050F       ASKABATTR
 0A55:0510       AASKMA
 0A55:0513       ASKMAATTR
 0A55:0514       AASKMB
 0A55:0517       ASKMBATTR
 0A55:0518       AASKBA
 0A55:051B       ASKBAATTR
 0A55:051C       AASKBB
 0A55:051F       ASKBBATTR
 0A55:0520       ASTATT
 0A55:0523       STATTATTR
 0A55:0524       ASTATL
 0A55:0527       STATLATTR
 0A55:0528       ABACK
 0A55:052B       BACKATTR
 0A55:052C       ADLGB
 0A55:052F       DLGBATTR
 0A55:0530       ADLGBTN
 0A55:0533       DLGBTNATTR
 0A55:0534       ADLGABTN
 0A55:0537       DLGABTNATTR
 0A55:0538       ADLGBHK
 0A55:053B       DLGBHKATTR
 0A55:053C       ADLGABHK
 0A55:053F       DLGABHKATTR
 0A55:0540       ADLGRBHK
 0A55:0543       DLGRBHKATTR
 0A55:0544       ADLGTHK
 0A55:0547       DLGTHKATTR
 0A55:0548       ADLGEH
 0A55:054B       DLGEHATTR
 0A55:054C       ADLGEN
 0A55:054F       DLGENATTR
 0A55:0550       ADLGEF
 0A55:0553       DLGEFATTR
 0A55:0554       ADIS
 0A55:0557       DISATTR
 0A55:0558       VIDMODE1
 0A55:0559       VIDMODE2
 0A55:055A       MAXNAME
 0A55:0563       PROT_NAME
 0A55:056C       CONSOLE
 0A55:0570       CMD_FLAG
 0A55:0572       QMTLOGPATH
 0A55:05F2       SAV_ASKCMDOPT
 0A55:061F       TIMEPREFIX
 0A55:0623       QMTDIR
 0A55:06A3       QMT_STEM
 0A55:06B0       MEMTIMER
 0A55:06B8       LCLGDT
 0A55:0820       LCLIDT
 0A55:1020       VMVSAPI_VEC
 0A55:1024       VMINT_VEC
 0A55:1028       OLDCR0
 0A55:102C       DDS
 0A55:103C       EPMTAB
 0A55:1052       LCLTSS
 0A55:10BA       DPMI_FMI
 0A55:10EA       DPMI_PS
 0A55:10EE       P2L_SIZE
 0A55:10F2       P2L_HNDL
 0A55:10F6       P2L_ADDR
 0A55:10FA       LACODE
 0A55:10FE       LADATA
 0A55:1102       LACR3
 0A55:1106       LAPTE
 0A55:110A       PACR3
 0A55:110E       NEXTPTE
 0A55:1112       VMHANDLE
 0A55:1116       CB_VM_FLAGS
 0A55:111A       MAXDEV_FVEC
 0A55:1120       PMI_FVEC
 0A55:1126       PMONSTK_FVEC
 0A55:112C       PMINT08_FVEC
 0A55:1132       PMINT09_FVEC
 0A55:1138       IDT_REAL
 0A55:113E       NMIADDR
 0A55:1142       NMIOFF
 0A55:1144       ERR_FLAG
 0A55:1146       OLDCUR
 0A55:1148       OLDTYP
 0A55:114A       SEL_4GB
 0A55:114C       SEL_ALIAS
 0A55:114E       DPMIMSG
 0A55:1150       DEBOUNCE_FVEC
 0A55:1156       DEBOUNCE_ARB
 0A55:1157       IBV0
 0A55:1158       IBV0Z
 0A55:1159       IBV1
 0A55:115A       IBV1Z
 0A55:115B       ERR_CODE
 0A55:115C       OLDSWAP_CNT
 0A55:115E       BRKSTATE
 0A55:115F       SECTIMER
 0A55:1160       EMMNAME
 0A55:1169       EMMNAM2
 0A55:1172       EMMNAM3
 0A55:117B       EMMNAM4
 0A55:1184       EMMNAM5
 0A55:118D       SWTNAME
 0A55:1196       CPQ_CACHE
 0A55:1197       DPMIMAX
 0A55:119E       VLSI_CSIZE
 0A55:11A0       OLDINT24
 0A55:11A4       OLDINT67
 0A55:11A9       INFO_CTL
 0A55:11AA       INFO
 0A55:11CE       PORT67
 0A55:1210       VCPIDBG_VER
 0A55:1214       TOTOPERS
 0A55:121C       TMPOPERS
 0A55:1224       NUMOPERS
 0A55:122C       MAXTIMER
 0A55:1234       ETATIMER
 0A55:123C       DECTIMER
 0A55:1244       INITIMER
 0A55:124C       CON60
 0A55:1250       CON_CLOCK
 0A55:1254       ZAPOFF
 0A55:1256       PROGPCT
 0A55:1258       CONTCNT
 0A55:125A       LAST_PTST
 0A55:125C       MEMERRCNT
 0A55:125E       NMIERRCNT
 0A55:1260       MEMWRKIND
 0A55:1262       ASKBLK
 0A55:1264       BLK_STRS
 0A55:1264       MEMIND
 0A55:1266       MEMITEM_LEN
 0A55:127A       BASIND
 0A55:1292       ITEM_LEN
 0A55:12A6       ACMDIND
 0A55:12BC       ASKTAB
 0A55:12C0       PATXT1
 0A55:12C4       PBTXT1
 0A55:12C8       PATXT3
 0A55:12CE       PBTXT3
 0A55:12D4       ITEMOPERS
 0A55:12E0       ITEMPATCNT
 0A55:12EC       RCNT
 0A55:12EE       BPU
 0A55:12F2       REG0UP
 0A55:12F6       REG1UP
 0A55:12FA       REG0DN
 0A55:12FE       REG1DN
 0A55:1302       PATCNT
 0A55:1304       PATOFF
 0A55:1306       ASKITEM
 0A55:1312       ITEMCNT
 0A55:131E       CNT_FLAG
 0A55:1320       ASKLFT
 0A55:1327       ASKRHT
 0A55:132E       ASKUP
 0A55:1335       ASKDN
 0A55:133C       ASKBAS
 0A55:133E       ASKCMDUP
 0A55:1341       ASKCMDDN
 0A55:1344       ASKCMDBTN
 0A55:1347       QMTLOG
 0A55:1354       PLERR
 0A55:136C       ERRDATACNT
 0A55:136E       ERRDATA
 0A55:13FC       OLDIMR1
 0A55:13FD       OLDIMR2
 0A55:13FE       FNGETKST
 0A55:13FF       FNGETKEY
 0A55:1400       HEXTABLE
 0A55:1410       W_TMP
 0A55:1418       W_SHD
 0A55:1420       OLDSCR
 0A55:23C0       MSG_SHD1
 0A55:2410       XDDS
 0A55:2520       GLB_FLAG
 0A55:2522       GL3_FLAG
 0A55:2524       SYS_FLAG
 0A55:2526       ASTMIO
 0A55:252A       CPQMIO
 0A55:252E       TOP_GDT
 0A55:255E       TOP_MIO
 0A55:2560       SHDSIZE
 0A55:2564       SHDCNT
 0A55:2566       SHDIND
 0A55:2568       SHDTAB
 0A55:3568       XSHDCNT
 0A55:356A       XSHDIND
 0A55:356C       XSHDTAB
 0A55:456C       MACHID
 0A55:456D       MSG_TOSHSIGN
 0A55:4572       MSG_QUADCOPY
 0A55:4584       MSG_ASTCOPY
 0A55:459A       LCL_OLISIGN
 0A55:45B0       LCL_ITTSIGN
 0A55:45D3       LCL_EISASIGN
 0A55:45D7       LCL_PHOENIXSIGN
 0A55:45EF       LCL_TANDYSIGN
 0A55:45F4       LCL_ALCSIGN
 0A55:4609       LCL_CACHCTL1
 0A55:4611       PCACHCTL
 0A55:4618       TSTSIZEB
 0A55:461C       TSTSIZEW
 0A55:4620       TSTSIZED
 0A55:4624       NMEMVAL
 0A55:4628       MEMITEM_SIZ
 0A55:462A       TIMECNT
 0A55:462C       TIMETAB
 0A55:4E2C       MSG_MEMCLR
 0A55:4E45       MAXVSAPI
 0A55:4E4C       HLPIND
 0A55:4E4E       HTOPIND
 0A55:4E5C       HLPTOPIC
 0A55:4E6A       PMSG_HKEY
 0A55:4E6C       PW_HKEY
 0A55:4E6E       DLG_DISP
 0A55:4E7E       PFNFOCUS
 0A55:4E8E       CHEV_PAT
 0A55:4E92       DPUT_CLIP
 0A55:4E94       EDIT_FLAGS
 0A55:4E96       KEY_FLAGS
 0A55:4E98       PRINTDLG
 0A55:4ECC       PRINTCANDLG
 0A55:4EE4       MSG_PRINT1
 0A55:4EEC       MSG_PRINT2
 0A55:4EFA       MSG_PRINT3
 0A55:4F09       MSG_PRINT4
 0A55:4F13       MSG_PRINT5
 0A55:4F30       MSG_OK
 0A55:4F33       MSG_CANCEL
 0A55:4F3A       MSG_WHTHIS
 0A55:4F4E       MSG_WHALL
 0A55:4F62       MSG_OUPRINT
 0A55:4F6E       MSG_OUFILE
 0A55:4F7C       MSG_OUAFILE
 0A55:4F91       MSG_PRINTC1
 0A55:4F9B       MSG_PRINTC2
 0A55:4FAC       MSG_CRLF2
 0A55:4FAC       MSG_PHEADER
 0A55:502E       MSG_FF
 0A55:502F       TXT_PRINT1
 0A55:5037       TXT_PRINT2
 0A55:503F       TXT_PRINT3
 0A55:5047       TXT_PRINT4
 0A55:504F       TXT_PRINT5
 0A55:5057       TXT_PRINTC1
 0A55:505F       TXT_PRINTC2
 0A55:5067       BTN_OK
 0A55:507D       BTN_CANCEL
 0A55:5093       BTN_CCANCEL
 0A55:50A9       RAD_WHAT
 0A55:50BD       RBTN_WHTHIS
 0A55:50D1       RBTN_WHALL
 0A55:50E5       RAD_OUTPUT
 0A55:50F9       RBTN_OUPRINT
 0A55:510D       RBTN_OUFILE
 0A55:5121       RBTN_OUAFILE
 0A55:5135       EDIT_FNAME
 0A55:5151       ETXT_FNAME
 0A55:51D2       BOXCHARS
 0A55:51E4       SCRSAVE
 0A55:51E8       SCRCNT
 0A55:51EC       PHLPIND
 0A55:51EE       PHLPCNT
 0A55:51F0       CURPAGE
 0A55:51F2       PHANDLE
 0A55:51F4       CURLINE
 0A55:51F6       HELP_STATE
 0A55:51F8       CURSOR_SHAPE
 0A55:51FC       ARR_W_HTOP
 0A55:521C       ARR_W_HCMD
 0A55:5234       PHTOPTTL
 0A55:5244       CALIB_W0
 0A55:524C       CALIB_R0DN
 0A55:5254       CALIB_R0W1
 0A55:525C       CALIB_R0W1DN
 0A55:5264       CALIB_R0W1W0DN
 0A55:526C       CALIB_R0W1R1
 0A55:5274       CALIB_R0W1R1W0R0W1
 0A55:527C       CALIB_R1W0
 0A55:5284       CALIB_R1W0DN
 0A55:528C       CALIB_R1W0R0DN
 0A55:5294       CALIB_R1W0W1
 0A55:529C       CALIB_R1W0W1W0DN
 0A55:52A4       CALIB_SIZ
 0A55:52A8       CALIB_IND
 0A55:52AC       MSG_MEMERR
 0A55:52B2       MSG_MEMERR1
 0A55:52C6       MSG_NMIERR
 0A55:52CC       MSG_NMIERR1
 0A55:52E0       MSG_NOERR
 0A55:52F5       DATESEP
 0A55:52F6       TIMESEP
 0A55:52F7       MSG_W0
 0A55:5310       MSG_W0A
 0A55:531C       MSG_W0B
 0A55:5324       MSG_W1
 0A55:533D       MSG_W1A
 0A55:5349       MSG_W1B
 0A55:5351       MSG_R0
 0A55:536A       MSG_R0A
 0A55:5376       MSG_R0B
 0A55:537E       MSG_R0W1
 0A55:5397       MSG_R0W1A
 0A55:53A3       MSG_R0W1B
 0A55:53AB       MSG_R0W1R1
 0A55:53C4       MSG_R0W1R1A
 0A55:53D0       MSG_R0W1R1B
 0A55:53D8       MSG_R0W1R1W0R0W1
 0A55:53FC       MSG_R0W1R1W0R0W1Z
 0A55:5415       MSG_R0W1R1W0R0W1A
 0A55:5421       MSG_R0W1R1W0R0W1B
 0A55:5429       MSG_R0W1W0
 0A55:5442       MSG_R0W1W0A
 0A55:544E       MSG_R0W1W0B
 0A55:5456       MSG_R1
 0A55:546F       MSG_R1A
 0A55:547B       MSG_R1B
 0A55:5483       MSG_R1W0
 0A55:549C       MSG_R1W0A
 0A55:54A8       MSG_R1W0B
 0A55:54B0       MSG_R1W0R0
 0A55:54C9       MSG_R1W0R0A
 0A55:54D5       MSG_R1W0R0B
 0A55:54DD       MSG_R1W0W1
 0A55:54F6       MSG_R1W0W1A
 0A55:5502       MSG_R1W0W1B
 0A55:550A       MSG_R1W0W1W0
 0A55:5523       MSG_R1W0W1W0A
 0A55:552F       MSG_R1W0W1W0B
 0A55:5537       ZMSG_CURPATB
 0A55:5547       ZMSG_CURPATB1
 0A55:554F       ZMSG_CURPATW
 0A55:555F       ZMSG_CURPATW1
 0A55:556F       ZMSG_CURPATD
 0A55:557F       ZMSG_CURPATD1
 0A55:559F       ZMSG_UNLSAF
 0A55:55BC       ZMSG_UNLTRN
 0A55:55DB       ZMSG_UNLINV
 0A55:560B       ZMSG_UNLIDM
 0A55:563C       ZMSG_LNKINV
 0A55:566A       ZMSG_LNKIDM
 0A55:5699       W_CPY
 0A55:56A1       W_AAR
 0A55:56A9       W_KEY
 0A55:56B1       MSG_CPY
 0A55:5753       MSG_QUIT
 0A55:57A4       MSG_HALT
 0A55:57F6       W_MODE
 0A55:57FE       MSG_BASIC
 0A55:581D       MSG_ADV
 0A55:583C       W_BASE
 0A55:5844       MSG_DEC
 0A55:586E       MSG_HEX
 0A55:5898       MSG_ALLOC
 0A55:58AE       W_MEMSCR
 0A55:58B6       W_MEMLIN
 0A55:58BE       W_MEMWRK
 0A55:58C6       W_MEMH
 0A55:58CE       MSG_MEMSCR
 0A55:5A3A       MSG_MEMLIN
 0A55:5B1B       MSG_MEMATTR
 0A55:5BFC       W_ELEV
 0A55:5C04       MSG_ELEV
 0A55:5C0C       W_EBOX
 0A55:5C14       W_MEMEND
 0A55:5C1C       PMSG_MEMEND
 0A55:5C1E       MSG_MEMEND0
 0A55:5C37       MSG_MEMEND1
 0A55:5C51       PAMEM
 0A55:5C61       ARR_W_MEMLIN
 0A55:5CC9       MSG_TOT
 0A55:5CD0       W_ASKSCR1
 0A55:5CD8       MSG_QUICKA
 0A55:5CE3       MSG_QUICKB
 0A55:5CEE       MSG_FULLA
 0A55:5CF8       MSG_FULLB
 0A55:5D02       MSG_ASKSCR1
 0A55:5EB2       ARR_W_ITEM1
 0A55:5EC2       W_ASKSCR2
 0A55:5ECA       MSG_ASKSCR2
 0A55:607A       MSG_ASK
 0A55:607B       MSG_ASK1
 0A55:6093       MSG_CNT1
 0A55:6135       MSG_ASK_CONT
 0A55:6138       PATXT2
 0A55:6138       PBTXT2
 0A55:6146       CNTTAB
 0A55:6152       CMPTAB
 0A55:615E       W_ASK
 0A55:6166       ARR_W_ITEM2
 0A55:619E       W_STATSCR
 0A55:61A6       W_STATL
 0A55:61AE       W_SCROLL
 0A55:61B6       W_STATH1
 0A55:61BE       W_STATH2
 0A55:61C6       W_STATH3
 0A55:61CE       MSG_STATSCR
 0A55:644C       W_CURPAT
 0A55:6454       ZMSG_ELAP
 0A55:6456       MSG_ELAP
 0A55:6463       ZMSG_ELAP1
 0A55:6463       ZMSG_ELAP_HR
 0A55:646C       ZMSG_ELAP_DONE
 0A55:647E       MSG_DONE
 0A55:6490       MSG_INTR
 0A55:64A2       ZMSG_BLK
 0A55:64A4       ZMSG_BLK1
 0A55:64B5       ZMSG_BLK3
 0A55:64BE       ZMSG_BLK4
 0A55:64CD       ZMSG_BLK5
 0A55:64D2       MSG_BLKCLR
 0A55:6500       MSG_SCROLL
 0A55:690A       W_PROG
 0A55:6912       MSG_PROGSCR
 0A55:6B0A       W_ELAP1
 0A55:6B12       W_ELAP2
 0A55:6B1D       MSG_ETA_HR
 0A55:6B26       W_ETA1
 0A55:6B2E       W_ETA2
 0A55:6B36       W_PBAR
 0A55:6B3E       MSG_PBAR
 0A55:6B70       MSG_PTSTQUIK
 0A55:6B96       MSG_PTSTFULL
 0A55:6BBC       MSG_PTSTSAF
 0A55:6BE2       MSG_PTSTTF
 0A55:6C08       MSG_PTSTLIN
 0A55:6C2E       MSG_PTSTUIN
 0A55:6C54       MSG_PTSTLID
 0A55:6C7A       MSG_PTSTUID
 0A55:6CA0       MSG_PTSTCMP
 0A55:6CC6       MSG_PTSTALL
 0A55:6CEC       MSG_PTSTERR
 0A55:6D12       MSG_PTSTINT
 0A55:6D38       MSG_PTSTGET
 0A55:6D5E       MSG_PTSTINI
 0A55:6D84       PMSG_PTST
 0A55:6D94       W_PTST
 0A55:6D9C       MSG_HALTSCR
 0A55:6E38       W_HALT
 0A55:6E40       LOGA
 0A55:6E7A       LOGB
 0A55:6E95       LOGDATE
 0A55:6E9E       LOGC
 0A55:6EA3       LOGTIME
 0A55:6EAC       LOGD
 0A55:6ECB       LOGE
 0A55:6EFC       LOGF
 0A55:6F01       LOGF_K1
 0A55:6F0B       LOGF_K2
 0A55:6F0F       LOGF_H1
 0A55:6F18       LOGF_H2
 0A55:6F27       LOGF_K3
 0A55:6F2C       LOGG
 0A55:6F2F       LOG_MEMERR
 0A55:6F34       LOG_MEMERR1
 0A55:6F49       LOG_NMIERR
 0A55:6F4E       LOG_NMIERR1
 0A55:6F63       LOG_NOERR
 0A55:6F7E       LOG_HALT
 0A55:6F99       MSG_BYTERR
 0A55:6FAB       MSG_WORDERR
 0A55:6FBD       MSG_DWORDERR
 0A55:6FD0       MSG_NMIERROR
 0A55:6FE1       MSG_ADDR
 0A55:6FEA       MSG_EXP
 0A55:6FFC       MSG_EXP1
 0A55:700B       MSG_EXP2
 0A55:700D       MSG_EXP3
 0A55:7012       W_HKEY
 0A55:701A       W_HKEYERR
 0A55:7022       W_HKEYF2
 0A55:702A       MSG_HKEYERR
 0A55:7078       MSG_HKEY
 0A55:7114       W_HELP
 0A55:711C       MSG_HELP
 0A55:7288       W_HLIN
 0A55:7290       HLIN_SROW
 0A55:7292       W_HASK
 0A55:729A       W_HSCR
 0A55:72A2       W_HTTL
 0A55:72AA       W_HELEV
 0A55:72B2       MSG_HELEV
 0A55:72C4       W_HEBOX
 0A55:72CC       MSG_CANCELLED
 0A55:72E8       PCALIB_USF
 0A55:72EC       UNLSAF_ACT
 0A55:72F4       PCALIB_UTF
 0A55:72F8       UNLTRN_ACT
 0A55:7300       PCALIB_UIN
 0A55:7304       UNLINV_ACT
 0A55:730C       PCALIB_UID
 0A55:7310       UNLIDM_ACT
 0A55:7318       PCALIB_LIN
 0A55:731C       LNKINV_ACT
 0A55:7324       PCALIB_LID
 0A55:7328       LNKIDM_ACT
 0A55:7330       A20SUP
 0A55:7332       I78DATA
 0A55:7338       HELP_NAVTTL
 0A55:737F       HELP_OVRTTL
 0A55:73C6       HELP_TSTTTL
 0A55:740D       HELP_ERRTTL
 0A55:7454       HELP_CMDTTL
 0A55:749B       HELP_MEMTTL
 0A55:74E2       HELP_NMITTL
 0A55:7529       HELP_NMI
 0A55:7596       HELP_NMI_ADDR
 0A55:787D       HELP_NAV
 0A55:8921       HELP_OVR
 0A55:93AB       HELP_TST
 0A55:9F0A       HELP_ERR
 0A55:A25E       HELP_CMD
 0A55:B03C       HELP_MEM
 0A55:B0A9       HELP_MEM_ADDR
 0A55:B136       HELP_MEM_EXP
 0A55:B17D       HELP_MEM_ACT
 0A55:B465       MSG_ACHLP
 0A55:B718       CMDARG_TAB
 0A55:B75C       CMDARG_LEN
 0A55:B7A0       CMDARG_ACT
 0A55:B894       LASTKEY
 0A55:B896       NUMBERS_LO
 0A55:B8A6       TODAY
 0A55:B8AA       QMTDAT
 0A55:B8AE       QMTDAT_M
 0A55:B8B2       QMTDAT_W
 0A55:B8B6       TODAY_DOW
 0A55:B8B7       TODAY_DOM
 0A55:B8B8       NEXTSCHED
 0A55:B8BC       MOTAB
 0A55:B8D4       DNTAB
 0A55:B8E4       ASK_DEFAULT
 0A55:B8E5       ASK_TIMEOUT
 0A55:B8E7       EPOCHTARG
 0A55:B8EB       SECTARG
 0A55:B8EF       LASTDIFF
 0A55:B8F4       TMPIND
 0A55:B8F6       MOLEN_TAB
 0A55:B910       MSG_COPY
 0A55:B97E       MSG_NOT386
 0A55:B9BD       MSG_WIN3
 0A55:BAEA       MSG_NOTVM
 0A55:BB62       MSG_XMEM
 0A55:BBA1       MSG_XMEM1
 0A55:BBB2       MSG_XMEM2
 0A55:BBE0       MSG_XMEMSEED
 0A55:BBE4       MSG_PRVEXT
 0A55:BC2F       MSG_MULBUG
 0A55:BCA5       MSG_NOMEM
 0A55:BCD1       MSG_ASKCLR
 0A55:BCFE       MSG_CRLF
 0A55:BD01       MSG_EISA
 0A55:BD19       MSG_UNK
 0A55:BD31       MSG_SEP
 0A55:BD4B       MSG_VAL
 0A55:BD61       MSG_OVF
 0A55:BD7C       MSG_CMDS
 0A55:C8AC       MSG_PAK
 0A55:C8C9       MSG_UNSCHED
 0A55:C8EF       MSG_UNSCHED_DATE
 0A55:C908       SUNDAY
 0A55:C90F       MONDAY
 0A55:C916       TUESDAY
 0A55:C91E       WEDNESDAY
 0A55:C928       THURSDAY
 0A55:C931       FRIDAY
 0A55:C938       SATURDAY
 0A55:C941       MSG_QMTDAT
 0A55:C96A       W_ASKCMD
 0A55:C972       W_ASKCMDBACK
 0A55:C97A       W_ASKCMDREM
 0A55:C982       MSG_YESA
 0A55:C98C       MSG_YESB
 0A55:C996       MSG_NOA
 0A55:C9A0       MSG_NOB
 0A55:C9AA       MSG_PPA
 0A55:C9B8       MSG_PPB
 0A55:C9C6       MSG_ASKCMD
 0A55:CAA0       MSG_ASKCMDOPT
 0A55:CC08       MSG_ASKCMDREM
 0A55:CC25       FMT_ASKCMDREM
 0A55:CC38       ARR_W_ITEM3
 0A55:CC50       W_ACHLP
 0A55:CF4C       ASKVAL
 0A55:CFB0       ASKCVAL
 0A55:CFC8       ASKACT
 0A55:D02C       ASKCACT
 0A55:D044       CALIB_USF
 0A55:D04A       CALIB_UTF
 0A55:D050       CALIB_UIN
 0A55:D058       CALIB_UID
 0A55:D064       CALIB_LIN
 0A55:D06C       CALIB_LID
 0A55:D076       HLPVAL
 0A55:D096       IFEVAL
 0A55:D0A4       SIFEVAL
 0A55:D0AC       HLPACT
 0A55:D0CC       IFEACT
 0A55:D0DA       SIFEACT
 0A55:D0F0       MAX_FLAG
 0A55:D0F4       IDENTIFY
 0A55:D252       IDENT_CHK
 0A55:D254       MSG_XINST
 0A55:D284       PIDENT
 0A55:D288       ZTAIL

Program entry point at 0000:000A
