
 Start  Stop   Length Name                   Class
 00000H 0A72CH 0A72DH CODE                   PROG                              
 0A72DH 0A72DH 00000H PROG                   PROG                              
 0A730H 0A730H 00000H CODEZ                  PROG                              
 0A730H 0AB2FH 00400H STACK                  DATA                              
 0AB30H 1629BH 0B76CH DATA                   DATA                              
 1629CH 162DFH 00044H SEG_TAB                DATA                              
 162E0H 16323H 00044H SEG_LEN                DATA                              
 16324H 16367H 00044H SEG_ACT                DATA                              
 16368H 178BDH 01556H NDATA                  DATA                              
 178BEH 17BFBH 0033EH DATAMSG                DATA                              
 17BFCH 17C77H 0007CH KEYSEG                 DATA                              
 17C78H 17CF3H 0007CH ACTSEG                 DATA                              
 17CF4H 17D25H 00032H CALIBSEG               DATA                              
 17D26H 17D5BH 00036H KEYSEG                 DATA                              
 17D5CH 17D91H 00036H ACTSEG                 DATA                              
 17DA0H 17F31H 00192H DATAZ                  DATAZ                             
 17F34H 17F37H 00004H IDENT                  DATAZ                             

 Origin   Group
 0A73:0   DGROUP                                                               
 0000:0   PSPGRP                                                               
 0000:0   PGROUP                                                               
 0000:0   AGROUP                                                               
 F000:0   CGROUP                                                               
 0000:0   RGROUP                                                               

  Address         Publics by Name

 0000:002B  Abs  @ACHLP_NCOL
 0000:0010  Abs  @ACHLP_NROW
 0000:000B  Abs  @ASKCMD_SREMROW
 0000:0006  Abs  @ASKITEM_LEN
 0000:0008  Abs  @ELEV_NROW
 0000:000D  Abs  @ELEV_SROW
 0000:0047  Abs  @HCMD_NCOL
 0000:0032  Abs  @HCMD_NROW
 0000:0012  Abs  @HELEV_NROW
 0000:0003  Abs  @HELEV_SROW
 0000:0000  Abs  @HELP_NONE
 0000:0002  Abs  @HELP_SCREEN
 0000:0001  Abs  @HELP_TOPICS
 0000:0047  Abs  @HERR_NCOL
 0000:000C  Abs  @HERR_NROW
 0000:0005  Abs  @HLIN_LEN
 0000:0005  Abs  @HLPIND_MEM
 0000:0006  Abs  @HLPIND_NMI
 0000:0047  Abs  @HMEM_NCOL
 0000:000F  Abs  @HMEM_NROW
 0000:0047  Abs  @HNAV_NCOL
 0000:003C  Abs  @HNAV_NROW
 0000:0047  Abs  @HNMI_NCOL
 0000:000C  Abs  @HNMI_NROW
 0000:0047  Abs  @HOVR_NCOL
 0000:0026  Abs  @HOVR_NROW
 0000:0047  Abs  @HTST_NCOL
 0000:0029  Abs  @HTST_NROW
 0000:0047  Abs  @HTXT_NCOL
 0000:0012  Abs  @HTXT_NROW
 0000:0003  Abs  @HTXT_SCOL
 0000:0003  Abs  @HTXT_SROW
 0000:011B  Abs  @KEY_HALT
 0000:002D  Abs  @LEN_ASKCMDOPT
 0000:0008  Abs  @MEMITEM_LEN
 0000:0019  Abs  @MEMLIN_NCOL
 0000:0002  Abs  @MEMLIN_SCOL
 0000:000D  Abs  @MEMLIN_SROW
 0000:006C  Abs  @MSG_LARGE
 0000:0028  Abs  @MSG_QMTDAT_LEN
 0000:0073  Abs  @MSG_SMALL
 0000:0017  Abs  @STATLIN_END
 0000:002F  Abs  @STATLIN_NCOL
 0000:000B  Abs  @STATLIN_NROW
 0000:000C  Abs  @STATLIN_SROW
 0000:0080  Abs  @XSHDTAB_LEN
 0000:A562       A20COM_I78
 0000:A547       A20COM_I92
 0000:A56B       A20COM_ISA
 0000:A54F       A20COM_QUD
 0000:A583       A20COM_XMS
 0000:A55B       A20COM_XT
 0000:A50A       A20DIS_I78
 0000:A501       A20DIS_I92
 0000:A50D       A20DIS_ISA
 0000:A504       A20DIS_QUD
 0000:A512       A20DIS_XMS
 0000:A507       A20DIS_XT
 0000:A53C       A20ENA_I78
 0000:A533       A20ENA_I92
 0000:A53F       A20ENA_ISA
 0000:A536       A20ENA_QUD
 0000:A544       A20ENA_XMS
 0000:A539       A20ENA_XT
 0A73:7784       A20SUP
 0A73:04A8       AAAR
 0A73:04D8       AAMEM
 0A73:04AB       AARATTR
 0A73:0504       AASK
 0A73:0508       AASKAA
 0A73:050C       AASKAB
 0A73:0518       AASKBA
 0A73:051C       AASKBB
 0A73:0510       AASKMA
 0A73:0514       AASKMB
 0A73:0528       ABACK
 0A73:049C       ABRD
 0A73:1328       ACMDIND
 0A73:04A4       ACPY
 0000:A524       ACTA20_COM
 0000:A4C2       ACTA20_COMSUB
 0000:A4D0       ACTA20_DIS
 0000:A4C4       ACTA20_ENA
 0000:21BB       ACT_XPM
 0000:34D8       ADD_TMPOPERS
 0A73:048C       ADEF
 0A73:0554       ADIS
 0A73:053C       ADLGABHK
 0A73:0534       ADLGABTN
 0A73:052C       ADLGB
 0A73:0538       ADLGBHK
 0A73:0530       ADLGBTN
 0A73:0550       ADLGEF
 0A73:0548       ADLGEH
 0A73:054C       ADLGEN
 0A73:0540       ADLGRBHK
 0A73:0544       ADLGTHK
 0A73:04C8       AELEV
 0A73:04E0       AEMEM
 0A73:0498       AERR
 0A73:04F8       AHERR
 0A73:04FC       AHKEY
 0A73:04EC       AHLP
 0A73:04F0       AHLPA
 0A73:04F4       AHLPB
 0A73:0500       AHLT
 0A73:04E8       AHTTL
 0A73:04DC       AIMEM
 0A73:04AC       AKEY
 0A73:04B0       AKEY2
 0A73:04CC       AMEM
 0A73:04DB       AMEMATTR
 0A73:04D0       AMEMH
 0A73:0490       AMSG
 0000:3D4B       APPEND_LOG
 0A73:04BC       APRG
 0A73:04C0       APRG1
 0A73:04C4       APRG2
 0A73:047C       ARG_FLAG
 0A73:5670       ARR_W_HCMD
 0A73:5650       ARR_W_HTOP
 0A73:6306       ARR_W_ITEM1
 0A73:65BA       ARR_W_ITEM2
 0A73:D16E       ARR_W_ITEM3
 0A73:60B5       ARR_W_MEMLIN
 0A73:04B4       ASHD1
 0A73:04B8       ASHD2
 0A73:050B       ASKAAATTR
 0A73:050F       ASKABATTR
 0A73:D548       ASKACT
 0A73:0507       ASKATTR
 0A73:051B       ASKBAATTR
 0A73:13BE       ASKBAS
 0A73:051F       ASKBBATTR
 0A73:12E4       ASKBLK
 0A73:D5AC       ASKCACT
 0A73:13C6       ASKCMDBTN
 0A73:13C3       ASKCMDDN
 0A73:13C0       ASKCMDUP
 0A73:D530       ASKCVAL
 0A73:13B7       ASKDN
 0A73:1388       ASKITEM
 0A73:13A2       ASKLFT
 0A73:0513       ASKMAATTR
 0A73:0517       ASKMBATTR
 0A73:13A9       ASKRHT
 0A73:133E       ASKTAB
 0A73:13B0       ASKUP
 0A73:D4CC       ASKVAL
 0000:2D38       ASK_COMPLETE
 0A73:BD34       ASK_DEFAULT
 0000:2F81       ASK_HALT
 0A73:BD35       ASK_TIMEOUT
 0A73:0524       ASTATL
 0A73:0520       ASTATT
 0A73:297A       ASTMIO
 0A73:04E4       ATMEM
 0A73:04A0       ATTL
 0A73:04D4       AWMEM
 0A73:0494       AWRK
 0A73:052B       BACKATTR
 0000:124D       BASE2BIN
 0A73:12FC       BASIND
 0000:3F27       BEEP
 0000:0030  Abs  BETA_H
 0000:0030  Abs  BETA_T
 0000:0033  Abs  BETA_U
 0000:49B2       BIN2BIT
 0000:4939       BIN2BYTE
 0000:4954       BIN2DEC
 0000:4946       BIN2DIGIT
 0000:49CC       BIN2DVAL
 0000:491D       BIN2DWORD
 0000:492C       BIN2WORD
 0000:497D       BIND2DEC
 0000:0008  Abs  BINVERS_H
 0000:0003  Abs  BINVERS_TU
 0000:0990       BIOS_BLOCK_MOVE
 0A73:12E6       BLK_STRS
 0A73:5626       BOXCHARS
 0A73:1370       BPU
 0000:697F       BRANCH_AX
 0A73:049F       BRDATTR
 0A73:11DE       BRKSTATE
 0A73:54D1       BTN_CANCEL
 0A73:54E7       BTN_CCANCEL
 0A73:54BB       BTN_OK
 0000:0F56       BYTE2DEC
 0000:5B2E       CALC_MEMVAL
 0000:338C       CALC_NOPERS
 0000:332D       CALC_PCT
 0000:373F       CALC_PTST
 0000:736A       CALIBRATE
 0A73:56FC       CALIB_IND
 0A73:D5EC       CALIB_LID
 0A73:D5E4       CALIB_LIN
 0A73:56A0       CALIB_R0DN
 0A73:56A8       CALIB_R0W1
 0A73:56B0       CALIB_R0W1DN
 0A73:56C0       CALIB_R0W1R1
 0A73:56C8       CALIB_R0W1R1W0R0W1
 0A73:56B8       CALIB_R0W1W0DN
 0A73:56D0       CALIB_R1W0
 0A73:56D8       CALIB_R1W0DN
 0A73:56E0       CALIB_R1W0R0DN
 0A73:56E8       CALIB_R1W0W1
 0A73:56F0       CALIB_R1W0W1W0DN
 0A73:56F8       CALIB_SIZ
 0A73:D5D8       CALIB_UID
 0A73:D5D0       CALIB_UIN
 0A73:D5C4       CALIB_USF
 0A73:D5CA       CALIB_UTF
 0A73:5698       CALIB_W0
 0A73:1196       CB_VM_FLAGS
 0000:10FA       CHECK_ARGS
 0000:1051       CHECK_ASK
 0000:52BD       CHECK_AST386
 0000:6DDC       CHECK_CANKEY
 0000:0397       CHECK_CNV
 0000:555F       CHECK_CPQ386
 0000:00BA       CHECK_CPUID
 0000:0188       CHECK_DEV
 0000:07B3       CHECK_EISA_EXT
 0000:06E0       CHECK_EISA_SHD
 0000:296B       CHECK_FAULT
 0000:53C3       CHECK_GRID
 0000:2F6D       CHECK_HALT
 0000:5370       CHECK_HPRS
 0000:A5EF       CHECK_I78
 0000:A591       CHECK_I92
 0000:A613       CHECK_INFO
 0000:5625       CHECK_ITT
 0000:0120       CHECK_KEYB
 0000:2ECC       CHECK_KEYS
 0000:033D       CHECK_MAX
 0000:0217       CHECK_MULBUG
 0000:549C       CHECK_OLI
 0000:02A1       CHECK_PHYS
 0000:0A0F       CHECK_PRVEXT
 0000:5260       CHECK_QUAD386
 0000:294D       CHECK_RHELP
 0000:0FC5       CHECK_SCHED
 0000:0ACE       CHECK_SCRN
 0000:26D2       CHECK_SWAT
 0000:60A1       CHECK_SX
 0000:507F       CHECK_SYS
 0000:5D75       CHECK_TIME
 0000:523F       CHECK_TOSH
 0000:272B       CHECK_VCPI
 0000:0247       CHECK_VDS
 0000:520A       CHECK_VLSI
 0000:01AF       CHECK_VM86
 0000:0CD0       CHECK_WIN3
 0000:059A       CHECK_XMEM
 0000:04CD       CHECK_XMS
 0000:034E       CHECK_XMSDRV
 0A73:52E2       CHEV_PAT
 0000:490F       CHKNDKEY
 0000:3A4F       CLEAR_CONT
 0000:5D60       CLEAR_MEM
 0000:310D       CLEAR_STATLIN
 0000:35DB       CLEAR_STATUS
 0A73:0472       CLRMODE
 0000:209C       CLR_PARITY
 0A73:BBF4       CMDARG_ACT
 0A73:BBB0       CMDARG_LEN
 0A73:BB6C       CMDARG_TAB
 0A73:BD44       CMDOFF
 0A73:0570       CMD_FLAG
 0000:566A       CMD_TOP384
 0A73:045C       CMOSIZE
 0A73:65A6       CMPTAB
 0A73:659A       CNTTAB
 0A73:13A0       CNT_FLAG
 0A73:0476       CODESEG
 0A73:040C       CON128K
 0A73:0414       CON16M
 0A73:0410       CON1M
 0A73:0404       CON32K
 0A73:0400       CON4K
 0A73:12CC       CON60
 0A73:0408       CON64K
 0A73:056C       CONSOLE
 0A73:12D0       CON_CLOCK
 0000:5AD3       COPY_MEMVAL
 0000:2FD9       COUNTOUT
 0A73:297E       CPQMIO
 0A73:1216       CPQ_CACHE
 0A73:0482       CPUTYPE
 0A73:04A7       CPYATTR
 0000:A730       CTAIL
 0A73:5648       CURLINE
 0A73:5644       CURPAGE
 0A73:564C       CURSOR_SHAPE
 0000:6712       D2WCALL
 0000:0000       DATASEG
 0000:0D9C       DATE2EPOCH
 0A73:5749       DATESEP
 0A73:10AC       DDS
 0000:2606       DEBOUNCE
 0A73:11D6       DEBOUNCE_ARB
 0A73:11D0       DEBOUNCE_FVEC
 0A73:12BC       DECTIMER
 0A73:048F       DEFATTR
 0000:3C6E       DEFAULT_LOG
 0000:A4DC       DEFOUT
 0000:A515       DEGATEA20
 0000:5A0F       DISABLE_EGAROM
 0000:17AF       DISABLE_SWAP
 0A73:0557       DISATTR
 0000:30BB       DISP_ACTIV
 0000:4A77       DISP_ALLOC
 0000:39B5       DISP_ASKBAS
 0000:3056       DISP_ASKITEM
 0000:3968       DISP_ASKSCR
 0000:4B48       DISP_BASE
 0000:3A98       DISP_BUTTON
 0000:4AAA       DISP_CLRSCR
 0000:4AD2       DISP_CPYSCR
 0000:4C6B       DISP_CURPAT
 0000:35A6       DISP_ELAP
 0000:3839       DISP_ERRB
 0000:38B9       DISP_ERRD
 0000:387F       DISP_ERRW
 0000:32CA       DISP_ETA
 0000:0CEF       DISP_EXIT
 0000:4B1A       DISP_HALT
 0000:7064       DISP_HELP
 0000:6465       DISP_HLPERR
 0000:5BBC       DISP_MEMSCR
 0000:5BE4       DISP_MEMVAL
 0000:36A2       DISP_MEMWRK
 0000:4B2A       DISP_MODE
 0000:121F       DISP_MSG
 0000:3913       DISP_NMIERR
 0000:318A       DISP_OPERS
 0000:3261       DISP_PROGRESS
 0000:312F       DISP_PROGSCR
 0000:4B02       DISP_QUIT
 0000:4A94       DISP_SCRN
 0000:4B85       DISP_STATL
 0000:30FB       DISP_STATLIN
 0000:4BF5       DISP_STATLZ
 0000:39D7       DISP_STATSCR
 0000:3174       DISP_TEST
 0000:11F4       DISP_UNK
 0A73:053F       DLGABHKATTR
 0A73:0537       DLGABTNATTR
 0A73:052F       DLGBATTR
 0A73:053B       DLGBHKATTR
 0A73:0533       DLGBTNATTR
 0A73:0553       DLGEFATTR
 0A73:054B       DLGEHATTR
 0A73:054F       DLGENATTR
 0A73:0543       DLGRBHKATTR
 0A73:0547       DLGTHKATTR
 0A73:52C2       DLG_DISP
 0A73:BD26       DNTAB
 0A73:046E       DOSVER
 0000:6ECE       DO_PRINT
 0A73:0464       DPMIDRV_VEC
 0A73:1217       DPMIMAX
 0A73:11CE       DPMIMSG
 0A73:0483       DPMITERM
 0000:22D2       DPMI_ALLOC
 0A73:113A       DPMI_FMI
 0000:23D9       DPMI_FREE
 0A73:116A       DPMI_PS
 0000:24D1       DPMI_RESET
 0000:66AA       DPUT_A
 0000:6629       DPUT_C
 0000:65F5       DPUT_CA
 0A73:52E6       DPUT_CLIP
 0000:665F       DPUT_SCA
 0000:6570       DPUT_SZ
 0000:65B2       DPUT_SZA
 0000:48E5       DRAINPIQ
 0000:6833       DRAW_DBTN
 0000:675C       DRAW_DEDIT
 0000:6945       DRAW_DLG
 0000:6944       DRAW_DNONE
 0000:68C4       DRAW_DRADIO
 0000:673E       DRAW_DTEXT
 0000:6BE7       DRAW_SI
 0A73:52E8       EDIT_FLAGS
 0A73:5589       EDIT_FNAME
 0A73:04CB       ELEVATTR
 0A73:04E3       EMEMATTR
 0A73:11E9       EMMNAM2
 0A73:11F2       EMMNAM3
 0A73:11FB       EMMNAM4
 0A73:1204       EMMNAM5
 0A73:11E0       EMMNAME
 0000:4799       ENABLE8255
 0000:4889       ENABLE_IRQS
 0000:2060       ENABLE_NMI
 0000:17DD       ENABLE_SWAP
 0000:12BE       ENTER_PM
 0000:143E       ENTER_PMSUB
 0000:1728       ENTER_PMSUB2
 0A73:10BC       EPMTAB
 0000:0DE0       EPOCH2DATE
 0000:0E3D       EPOCH2WEEKS
 0A73:BD37       EPOCHTARG
 0A73:049B       ERRATTR
 0A73:13F0       ERRDATA
 0A73:13EE       ERRDATACNT
 0000:37BD       ERRLOG
 0A73:11DB       ERR_CODE
 0A73:11C4       ERR_FLAG
 0A73:12B4       ETATIMER
 0A73:55A5       ETXT_FNAME
 0000:3FC8       FCN_ADVANCED
 0000:3FD8       FCN_ALL
 0000:4057       FCN_ASK
 0000:403E       FCN_BW
 0000:4525       FCN_CNTCOM
 0000:4047       FCN_COLOR
 0000:40CC       FCN_DAILY
 0000:432A       FCN_FULL
 0000:4397       FCN_HELP
 0000:4405       FCN_HEX
 0000:40FD       FCN_INTERVAL
 0000:4787       FCN_K
 0000:440E       FCN_LARGER
 0000:44EF       FCN_LNKIDM
 0000:44F8       FCN_LNKINV
 0000:416B       FCN_LOG
 0000:41DF       FCN_MONTHLY
 0000:441C       FCN_NODPMI
 0000:4433       FCN_NOEXIT
 0000:443B       FCN_NOPARITY
 0000:4444       FCN_NOSCRUB
 0000:444D       FCN_NOXRAM
 0000:4472       FCN_QUICK
 0000:44DB       FCN_SHADOWRAM
 0000:4464       FCN_SMALLER
 0000:458D       FCN_TONE
 0000:44DD       FCN_TOP384
 0000:4501       FCN_UNLIDM
 0000:450A       FCN_UNLINV
 0000:4513       FCN_UNLSAF
 0000:451C       FCN_UNLTRN
 0000:4790       FCN_VLSI
 0000:428E       FCN_WEEKLY
 0000:5DF9       FILL_MEMVAL
 0000:6BCF       FIND_OBJ
 0A73:D15B       FMT_ASKCMDREM
 0000:35F9       FMT_BLK
 0000:0F6A       FMT_DMY
 0000:36D7       FMT_DONE
 0000:3500       FMT_ELAP
 0000:3526       FMT_ELAPSUB
 0000:0F8C       FMT_HM
 0000:5D04       FMT_MEM
 0000:63F0       FMT_PATTERNB
 0000:643C       FMT_PATTERND
 0000:6416       FMT_PATTERNW
 0000:6147       FMT_R0
 0000:6171       FMT_R0DN
 0000:61EF       FMT_R0W1
 0000:6276       FMT_R0W1DN
 0000:6219       FMT_R0W1R1
 0000:6243       FMT_R0W1R1W0R0W1
 0000:62F4       FMT_R0W1W0
 0000:631E       FMT_R0W1W0DN
 0000:619B       FMT_R1
 0000:61C5       FMT_R1DN
 0000:62A0       FMT_R1W0
 0000:62CA       FMT_R1W0DN
 0000:63C6       FMT_R1W0R0DN
 0000:6348       FMT_R1W0W1
 0000:6372       FMT_R1W0W1DN
 0000:639C       FMT_R1W0W1W0DN
 0000:60F3       FMT_W0
 0000:611D       FMT_W1
 0A73:1853       FNGETKEY
 0A73:1852       FNGETKST
 0A73:CE67       FRIDAY
 0A73:12D4       FUND_FREQ
 0000:A51D       GATEA20
 0000:4916       GETKEY
 0000:6DBF       GETKEYXLT
 0000:3ACD       GET_ASKRESP
 0000:0E4E       GET_DATES
 0000:6BFC       GET_DLG
 0000:64C6       GET_MEM
 0000:2EC2       GET_MEMTIMER
 0000:2DF0       GET_NEXTIND
 0000:03D6       GET_TOPDOS
 0000:0C63       GIVEBACK
 0A73:0474       GL2_FLAG
 0A73:2976       GL3_FLAG
 0A73:2974       GLB_FLAG
 0000:2109       GOREAL
 0A73:A6B2       HELP_CMD
 0A73:78A8       HELP_CMDTTL
 0A73:A35E       HELP_ERR
 0A73:7861       HELP_ERRTTL
 0A73:B490       HELP_MEM
 0A73:78EF       HELP_MEMTTL
 0A73:B5D1       HELP_MEM_ACT
 0A73:B4FD       HELP_MEM_ADDR
 0A73:B58A       HELP_MEM_EXP
 0A73:7CD1       HELP_NAV
 0A73:778C       HELP_NAVTTL
 0A73:797D       HELP_NMI
 0A73:7936       HELP_NMITTL
 0A73:79EA       HELP_NMI_ADDR
 0A73:8D75       HELP_OVR
 0A73:77D3       HELP_OVRTTL
 0A73:564A       HELP_STATE
 0A73:97FF       HELP_TST
 0A73:781A       HELP_TSTTTL
 0A73:04FB       HERRATTR
 0A73:1854       HEXTABLE
 0A73:04FF       HKEYATTR
 0A73:76E4       HLIN_SROW
 0A73:04F3       HLPAATTR
 0A73:D62C       HLPACT
 0A73:04EF       HLPATTR
 0A73:04F7       HLPBATTR
 0A73:52A0       HLPIND
 0A73:52B0       HLPTOPIC
 0A73:D5F6       HLPVAL
 0A73:0503       HLTATTR
 0000:3A7C       HMS2SECDAY
 0A73:047A       HPDASEG
 0A73:52A2       HTOPIND
 0A73:04EB       HTTLATTR
 0A73:7786       I78DATA
 0A73:11D7       IBV0
 0A73:11D8       IBV0Z
 0A73:11D9       IBV1
 0A73:11DA       IBV1Z
 0A73:D674       IDENTIFY
 0000:015E  Abs  IDENTIFY_LEN
 0A73:D7D2       IDENT_CHK
 0A73:11B8       IDT_REAL
 0A73:D64C       IFEACT
 0A73:D616       IFEVAL
 0A73:04DF       IMEMATTR
 0000:3766       INCPTR
 0A73:122A       INFO
 0000:0066  Abs  INFOSIZE
 0A73:1229       INFO_CTL
 0A73:12C4       INITIMER
 0000:6B07       INP_FOCBTN
 0000:69A4       INP_FOCEDIT
 0000:697B       INP_FOCNONE
 0000:6B18       INP_FOCRADIO
 0000:697D       INP_FOCTEXT
 0000:0764       INST_INT15
 0000:222B       INST_TMPINT15
 0000:1289       INT02
 0000:2558       INT02_COM
 0000:128E       INT08
 0000:262E       INT08_COM
 0000:129F       INT09
 0000:269F       INT09_COM
 0000:07A2       INT15
 0000:19D7       INT15PROT
 0000:2291       INT22
 0000:07B2       INT23
 0000:12B0       INT24
 0000:1A7C       INTPROC
 0000:1A7C       INTPROC_COM
 0A73:047C       INT_FLAG
 0A73:1394       ITEMCNT
 0A73:1356       ITEMOPERS
 0A73:1362       ITEMPATCNT
 0A73:1314       ITEM_LEN
 0000:00EE       IZIT486
 0000:0C2C       IZITEGA
 0000:10DF       IZITSEP
 0A73:04B3       KEY2ATTR
 0A73:04AF       KEYATTR
 0A73:52EA       KEY_FLAGS
 0A73:117A       LACODE
 0A73:1182       LACR3
 0A73:117E       LADATA
 0A73:1186       LAPTE
 0000:3FAF       LASTDAY
 0A73:BD3F       LASTDIFF
 0A73:BCE6       LASTKEY
 0A73:12DC       LAST_PTST
 0A73:0738       LCLGDT
 0A73:08A0       LCLIDT
 0000:0800  Abs  LCLIDT_LEN
 0A73:0200       LCLSTK
 0A73:03FE       LCLSTKZ
 0A73:10D2       LCLTSS
 0A73:4A48       LCL_ALCSIGN
 0A73:4A5D       LCL_CACHCTL1
 0A73:4A27       LCL_EISASIGN
 0A73:4A04       LCL_ITTSIGN
 0A73:49EE       LCL_OLISIGN
 0A73:4A2B       LCL_PHOENIXSIGN
 0A73:4A43       LCL_TANDYSIGN
 0000:46F0       LINE_LOWERCASE
 0A73:777C       LNKIDM_ACT
 0A73:7770       LNKINV_ACT
 0A73:7294       LOGA
 0A73:72CE       LOGB
 0A73:72F2       LOGC
 0A73:7300       LOGD
 0A73:72E9       LOGDATE
 0A73:731F       LOGE
 0A73:7350       LOGF
 0A73:7363       LOGF_H1
 0A73:736C       LOGF_H2
 0A73:7355       LOGF_K1
 0A73:735F       LOGF_K2
 0A73:737B       LOGF_K3
 0A73:7380       LOGG
 0A73:72F7       LOGTIME
 0A73:73D2       LOG_HALT
 0A73:7383       LOG_MEMERR
 0A73:7388       LOG_MEMERR1
 0A73:739D       LOG_NMIERR
 0A73:73A2       LOG_NMIERR1
 0A73:73B7       LOG_NOERR
 0000:0C58       LOWERCASE
 0A73:49C0       MACHID
 0A73:047E       MAPSEG_NXT
 0000:9BA2       MARCHBB
 0000:A197       MARCHBD
 0000:9E9D       MARCHBW
 0000:8A33       MARCHCMB
 0000:9065       MARCHCMD
 0000:8D4D       MARCHCMW
 0000:830B       MARCHXB
 0000:8773       MARCHXD
 0000:853F       MARCHXW
 0000:9413       MARCHYB
 0000:98BD       MARCHYD
 0000:9668       MARCHYW
 0000:7833       MATSPB
 0000:7B6C       MATSPD
 0000:7D80       MATSPPB
 0000:80E1       MATSPPD
 0000:7F32       MATSPPW
 0000:79D1       MATSPW
 0A73:119A       MAXDEV_FVEC
 0A73:055A       MAXNAME
 0A73:0460       MAXSIZE
 0A73:12AC       MAXTIMER
 0A73:5299       MAXVSAPI
 0A73:D670       MAX_FLAG
 0000:0002       MD_FLAG
 0A73:04CF       MEMATTR
 0000:000A       MEMCHK
 0A73:12DE       MEMERRCNT
 0A73:04D3       MEMHATTR
 0A73:12E6       MEMIND
 0A73:12E8       MEMITEM_LEN
 0A73:4A7C       MEMITEM_SIZ
 0A73:0730       MEMTIMER
 0A73:12E2       MEMWRKIND
 0A73:BD48       MOLEN_TAB
 0A73:CE45       MONDAY
 0A73:BD0E       MOTAB
 0A73:0428       MOVE_TAB
 0A73:0493       MSGATTR
 0A73:B8B9       MSG_ACHLP
 0A73:7435       MSG_ADDR
 0A73:5C71       MSG_ADV
 0A73:5CEC       MSG_ALLOC
 0000:0016  Abs  MSG_ALLOC_LEN
 0A73:64CE       MSG_ASK
 0A73:64CF       MSG_ASK1
 0A73:C135       MSG_ASKCLR
 0A73:CEFC       MSG_ASKCMD
 0A73:CFD6       MSG_ASKCMDOPT
 0A73:D13E       MSG_ASKCMDREM
 0A73:6156       MSG_ASKSCR1
 0A73:631E       MSG_ASKSCR2
 0A73:49D8       MSG_ASTCOPY
 0A73:5C52       MSG_BASIC
 0A73:6926       MSG_BLKCLR
 0A73:73ED       MSG_BYTERR
 0A73:5387       MSG_CANCEL
 0A73:7720       MSG_CANCELLED
 0000:001A  Abs  MSG_CANCELLED_LEN
 0A73:C267       MSG_CMDS
 0A73:64E7       MSG_CNT1
 0A73:BD74       MSG_COPY
 0A73:5B05       MSG_CPY
 0A73:C162       MSG_CRLF
 0A73:5400       MSG_CRLF2
 0A73:5C98       MSG_DEC
 0A73:68D2       MSG_DONE
 0000:0012  Abs  MSG_DONE_LEN
 0A73:7411       MSG_DWORDERR
 0A73:C165       MSG_EISA
 0A73:68AA       MSG_ELAP
 0000:0016  Abs  MSG_ELAP_LEN
 0A73:6058       MSG_ELEV
 0A73:6F71       MSG_ETA_HR
 0A73:743E       MSG_EXP
 0A73:7450       MSG_EXP1
 0A73:745F       MSG_EXP2
 0A73:7461       MSG_EXP3
 0A73:5482       MSG_FF
 0A73:6142       MSG_FULLA
 0A73:614C       MSG_FULLB
 0A73:5BF8       MSG_HALT
 0A73:71F0       MSG_HALTSCR
 0A73:7706       MSG_HELEV
 0A73:7570       MSG_HELP
 0A73:5CC2       MSG_HEX
 0A73:74CC       MSG_HKEY
 0A73:747E       MSG_HKEYERR
 0A73:68E4       MSG_INTR
 0000:0012  Abs  MSG_INTR_LEN
 0A73:5F6F       MSG_MEMATTR
 0A73:5280       MSG_MEMCLR
 0A73:6072       MSG_MEMEND0
 0A73:608B       MSG_MEMEND1
 0A73:5700       MSG_MEMERR
 0A73:5706       MSG_MEMERR1
 0000:001A  Abs  MSG_MEMERR_LEN
 0A73:5E8E       MSG_MEMLIN
 0A73:5D22       MSG_MEMSCR
 0A73:C093       MSG_MULBUG
 0A73:C218       MSG_NAME
 0A73:571A       MSG_NMIERR
 0A73:5720       MSG_NMIERR1
 0A73:7424       MSG_NMIERROR
 0000:001A  Abs  MSG_NMIERR_LEN
 0A73:CECC       MSG_NOA
 0A73:CED6       MSG_NOB
 0A73:5734       MSG_NOERR
 0000:0015  Abs  MSG_NOERR_LEN
 0A73:C109       MSG_NOMEM
 0A73:BDE2       MSG_NOT386
 0A73:BF4E       MSG_NOTVM
 0A73:5384       MSG_OK
 0A73:C1E0       MSG_OPEN
 0A73:53D0       MSG_OUAFILE
 0A73:53C2       MSG_OUFILE
 0A73:53B6       MSG_OUPRINT
 0A73:C1C5       MSG_OVF
 0A73:CDE2       MSG_PAK
 0A73:C23D       MSG_PARSE
 0A73:6F92       MSG_PBAR
 0A73:5400       MSG_PHEADER
 0A73:CEE0       MSG_PPA
 0A73:CEEE       MSG_PPB
 0A73:5338       MSG_PRINT1
 0A73:5340       MSG_PRINT2
 0A73:534E       MSG_PRINT3
 0A73:535D       MSG_PRINT4
 0A73:5367       MSG_PRINT5
 0A73:53E5       MSG_PRINTC1
 0A73:53EF       MSG_PRINTC2
 0A73:6D66       MSG_PROGSCR
 0A73:C048       MSG_PRVEXT
 0A73:711A       MSG_PTSTALL
 0A73:70F4       MSG_PTSTCMP
 0A73:7140       MSG_PTSTERR
 0A73:6FEA       MSG_PTSTFULL
 0A73:718C       MSG_PTSTGET
 0A73:71B2       MSG_PTSTINI
 0A73:7166       MSG_PTSTINT
 0A73:70A8       MSG_PTSTLID
 0A73:705C       MSG_PTSTLIN
 0A73:6FC4       MSG_PTSTQUIK
 0A73:7010       MSG_PTSTSAF
 0A73:7036       MSG_PTSTTF
 0A73:70CE       MSG_PTSTUID
 0A73:7082       MSG_PTSTUIN
 0A73:CE77       MSG_QMTDAT
 0A73:49C6       MSG_QUADCOPY
 0A73:612C       MSG_QUICKA
 0A73:6137       MSG_QUICKB
 0A73:5BA7       MSG_QUIT
 0A73:57A5       MSG_R0
 0A73:57BE       MSG_R0A
 0A73:57CA       MSG_R0B
 0A73:57D2       MSG_R0W1
 0A73:57EB       MSG_R0W1A
 0A73:57F7       MSG_R0W1B
 0A73:57FF       MSG_R0W1R1
 0A73:5818       MSG_R0W1R1A
 0A73:5824       MSG_R0W1R1B
 0A73:582C       MSG_R0W1R1W0R0W1
 0A73:5869       MSG_R0W1R1W0R0W1A
 0A73:5875       MSG_R0W1R1W0R0W1B
 0A73:5850       MSG_R0W1R1W0R0W1Z
 0000:0024  Abs  MSG_R0W1R1W0R0W1_LEN1
 0000:002D  Abs  MSG_R0W1R1W0R0W1_LEN2
 0000:002D  Abs  MSG_R0W1R1_LEN
 0A73:587D       MSG_R0W1W0
 0A73:5896       MSG_R0W1W0A
 0A73:58A2       MSG_R0W1W0B
 0000:002D  Abs  MSG_R0W1W0_LEN
 0000:002D  Abs  MSG_R0W1_LEN
 0000:002D  Abs  MSG_R0_LEN
 0A73:58AA       MSG_R1
 0A73:58C3       MSG_R1A
 0A73:58CF       MSG_R1B
 0A73:58D7       MSG_R1W0
 0A73:58F0       MSG_R1W0A
 0A73:58FC       MSG_R1W0B
 0A73:5904       MSG_R1W0R0
 0A73:591D       MSG_R1W0R0A
 0A73:5929       MSG_R1W0R0B
 0000:002D  Abs  MSG_R1W0R0_LEN
 0A73:5931       MSG_R1W0W1
 0A73:594A       MSG_R1W0W1A
 0A73:5956       MSG_R1W0W1B
 0A73:595E       MSG_R1W0W1W0
 0A73:5977       MSG_R1W0W1W0A
 0A73:5983       MSG_R1W0W1W0B
 0000:002D  Abs  MSG_R1W0W1W0_LEN
 0000:002D  Abs  MSG_R1W0W1_LEN
 0000:002D  Abs  MSG_R1W0_LEN
 0000:002D  Abs  MSG_R1_LEN
 0A73:C1FC       MSG_READ
 0A73:6954       MSG_SCROLL
 0A73:C195       MSG_SEP
 0A73:2814       MSG_SHD1
 0A73:6622       MSG_STATSCR
 0A73:49C1       MSG_TOSHSIGN
 0A73:611D       MSG_TOT
 0000:0006  Abs  MSG_TOT_LEN
 0A73:C17D       MSG_UNK
 0A73:CDFF       MSG_UNSCHED
 0A73:CE25       MSG_UNSCHED_DATE
 0A73:C1AF       MSG_VAL
 0A73:574B       MSG_W0
 0A73:5764       MSG_W0A
 0A73:5770       MSG_W0B
 0000:002D  Abs  MSG_W0_LEN
 0A73:5778       MSG_W1
 0A73:5791       MSG_W1A
 0A73:579D       MSG_W1B
 0000:002D  Abs  MSG_W1_LEN
 0A73:53A2       MSG_WHALL
 0A73:538E       MSG_WHTHIS
 0A73:BE21       MSG_WIN3
 0A73:73FF       MSG_WORDERR
 0A73:D7D4       MSG_XINST
 0A73:BFC6       MSG_XMEM
 0A73:C005       MSG_XMEM1
 0A73:C016       MSG_XMEM2
 0A73:C044       MSG_XMEMSEED
 0A73:CEB8       MSG_YESA
 0A73:CEC2       MSG_YESB
 0A73:0418       MUL_ARG1
 0A73:041C       MUL_ARG2
 0A73:0420       MUL_PROD
 0000:0022  Abs  NCMDARGS
 0A73:118E       NEXTPTE
 0A73:BD0A       NEXTSCHED
 0A73:4A78       NMEMVAL
 0A73:11BE       NMIADDR
 0A73:12E0       NMIERRCNT
 0A73:11C2       NMIOFF
 0000:3F9C       NORMALIZE_DATE
 0A73:BCE8       NUMBERS_LO
 0A73:12A4       NUMOPERS
 0A73:10A8       OLDCR0
 0A73:11C6       OLDCUR
 0A73:1850       OLDIMR1
 0A73:1851       OLDIMR2
 0000:00B2       OLDINT15_VEC
 0000:00B6       OLDINT22_VEC
 0A73:1220       OLDINT24
 0A73:1224       OLDINT67
 0A73:1874       OLDSCR
 0000:127D       OLDSTK_VEC
 0A73:11DC       OLDSWAP_CNT
 0000:1281       OLDTMPINT15_VEC
 0A73:11C8       OLDTYP
 0000:5A8C       OLI_RESET
 0000:3CA1       OPEN_LOG
 0A73:1176       P2L_ADDR
 0A73:1172       P2L_HNDL
 0A73:116E       P2L_SIZE
 0A73:118A       PACR3
 0A73:60A5       PAMEM
 0000:4778       PARSE_DEC
 0000:471A       PARSE_FD
 0A73:1384       PATCNT
 0A73:1386       PATOFF
 0A73:1342       PATXT1
 0A73:658C       PATXT2
 0A73:134A       PATXT3
 0000:3F75       PAUSE
 0A73:1346       PBTXT1
 0A73:658C       PBTXT2
 0A73:1350       PBTXT3
 0A73:4A65       PCACHCTL
 0A73:7778       PCALIB_LID
 0A73:776C       PCALIB_LIN
 0A73:7760       PCALIB_UID
 0A73:7754       PCALIB_UIN
 0A73:773C       PCALIB_USF
 0A73:7748       PCALIB_UTF
 0A73:52D2       PFNFOCUS
 0A73:5646       PHANDLE
 0A73:5642       PHLPCNT
 0A73:5640       PHLPIND
 0A73:5688       PHTOPTTL
 0A73:0458       PHYSIZE
 0A73:D804       PIDENT
 0000:3EE0       PLAY_TONE
 0A73:13D6       PLERR
 0000:6DF8       PLINE_SUB
 0000:2553       PMEXC02
 0000:252E       PMHALT
 0000:254E       PMINT02
 0000:2608       PMINT08
 0A73:11AC       PMINT08_FVEC
 0000:261B       PMINT09
 0A73:11B2       PMINT09_FVEC
 0000:2522       PMINT23
 0A73:11A0       PMI_FVEC
 0A73:11A6       PMONSTK_FVEC
 0A73:52BE       PMSG_HKEY
 0A73:6070       PMSG_MEMEND
 0A73:71D8       PMSG_PTST
 0A73:0000       PMSTK
 0A73:01FE       PMSTKZ
 0000:253A       PMZAP
 0A73:124E       PORT67
 0000:47D7       PPI_K2S
 0000:47B0       PPI_S2C
 0000:47BF       PPI_S2C_K2S
 0000:A4DD       PPI_S2C_S2K
 0000:47C8       PPI_S2K
 0000:47E2       PPI_S2K_K2S
 0A73:04C3       PRG1ATTR
 0A73:04C7       PRG2ATTR
 0A73:04BF       PRGATTR
 0A73:5320       PRINTCANDLG
 0A73:52EC       PRINTDLG
 0000:6E24       PRINT_LINE
 0A73:12DA       PROGPCT
 0A73:0563       PROT_NAME
 0A73:0478       PSPSEG
 0000:002C       PSP_ENVIR_PTR
 0000:0080       PSP_PARM_COUNT
 0000:0081       PSP_PARM_STRING
 0000:000A       PSP_TERMINATE
 0000:A4EA       PULSE8042
 0000:48FC       PURGE_KBUFF
 0A73:52C0       PW_HKEY
 0A73:BCFC       QMTDAT
 0A73:BD00       QMTDAT_M
 0A73:BD04       QMTDAT_W
 0A73:06A3       QMTDIR
 0A73:13C9       QMTLOG
 0A73:0572       QMTLOGPATH
 0A73:05F2       QMTTONEPATH
 0A73:0723       QMT_STEM
 0A73:5539       RAD_OUTPUT
 0A73:54FD       RAD_WHAT
 0A73:5575       RBTN_OUAFILE
 0A73:5561       RBTN_OUFILE
 0A73:554D       RBTN_OUPRINT
 0A73:5525       RBTN_WHALL
 0A73:5511       RBTN_WHTHIS
 0A73:136E       RCNT
 0000:20C9       READA20
 0000:A4F7       READ_IRR
 0A73:137C       REG0DN
 0A73:1374       REG0UP
 0A73:1380       REG1DN
 0A73:1378       REG1UP
 0000:48C7       REST_IMR
 0000:4A28       REST_SCR
 0000:2252       REST_TMPINT15
 0A73:CE6E       SATURDAY
 0000:0727       SAVE_FN88
 0000:48A8       SAVE_IMR
 0000:4A05       SAVE_SCR
 0000:56BD       SAVE_SHADOW
 0000:594D       SAVE_XSHADOW
 0A73:0672       SAV_ASKCMDOPT
 0000:337A       SCALE_DOWN
 0A73:563C       SCRCNT
 0A73:0488       SCRNTYPE
 0A73:5638       SCRSAVE
 0A73:BD3B       SECTARG
 0A73:11DF       SECTIMER
 0A73:11CA       SEL_4GB
 0A73:11CC       SEL_ALIAS
 0000:1285       SEL_DATA
 0000:485D       SEND_OUT
 0000:66FE       SETCSR
 0000:1962       SETUP_EPM
 0000:17F5       SETUP_GDT
 0000:19A6       SETUP_IDT
 0000:192C       SETUP_TSS
 0000:2E1B       SET_ASKCOUNT
 0000:3008       SET_BARATTR
 0000:0BB5       SET_COLOR
 0000:3044       SET_COMPLETE
 0000:18D2       SET_GDT
 0A73:04B7       SHD1ATTR
 0A73:04BB       SHD2ATTR
 0A73:29B8       SHDCNT
 0A73:29BA       SHDIND
 0A73:29B4       SHDSIZE
 0A73:29BC       SHDTAB
 0A73:D65A       SIFEACT
 0A73:D624       SIFEVAL
 0000:46D0       SKIP_LINE
 0000:1240       SKIP_WHITE
 0000:470F       SKIP_WHITE_FS
 0000:5D96       SORT_MEMVAL
 0000:5A53       SRCHSTR
 0A73:04CF       STATATTR
 0A73:04D3       STATHATTR
 0A73:0527       STATLATTR
 0A73:0523       STATTATTR
 0000:1A3F       STOREINT
 0000:66DF       STRLEN
 0A73:CE3E       SUNDAY
 0000:25B6       SWAP_NMI
 0000:2F52       SWITCH_COLOR
 0000:2EA7       SWITCH_MODE
 0A73:120D       SWTNAME
 0A73:2978       SYS_FLAG
 0000:9B36       TEST_LNKIDM
 0000:93A7       TEST_LNKINV
 0000:89C7       TEST_UNLIDM
 0000:829F       TEST_UNLINV
 0000:77C7       TEST_UNLSAF
 0000:7D14       TEST_UNLTRN
 0A73:CE5E       THURSDAY
 0A73:4A7E       TIMECNT
 0A73:069F       TIMEPREFIX
 0000:77A0       TIMER_READ
 0000:777E       TIMER_RESTORE
 0000:775C       TIMER_SETUP
 0A73:574A       TIMESEP
 0A73:4A80       TIMETAB
 0A73:04E7       TMEMATTR
 0A73:BD46       TMPIND
 0000:2264       TMPINT15
 0000:26D1       TMPINT67
 0A73:129C       TMPOPERS
 0A73:BCF8       TODAY
 0A73:BD09       TODAY_DOM
 0A73:BD08       TODAY_DOW
 0A73:BD60       TONENAM_TAB
 0000:0005  Abs  TONENAM_TABLEN
 0A73:1540       TONETAB_ATC
 0A73:147C       TONETAB_INI
 0A73:16C8       TONETAB_MEM
 0A73:1604       TONETAB_OTC
 0A73:178C       TONETAB_PAR
 0A73:0470       TOPFILL
 0A73:2982       TOP_GDT
 0A73:29B2       TOP_MIO
 0000:59AE       TOP_WRITE
 0A73:1294       TOTOPERS
 0A73:4A6C       TSTSIZEB
 0A73:4A74       TSTSIZED
 0A73:4A70       TSTSIZEW
 0A73:04A3       TTLATTR
 0A73:CE4C       TUESDAY
 0A73:5483       TXT_PRINT1
 0A73:548B       TXT_PRINT2
 0A73:5493       TXT_PRINT3
 0A73:549B       TXT_PRINT4
 0A73:54A3       TXT_PRINT5
 0A73:54AB       TXT_PRINTC1
 0A73:54B3       TXT_PRINTC2
 0A73:7764       UNLIDM_ACT
 0A73:7758       UNLINV_ACT
 0A73:7740       UNLSAF_ACT
 0A73:774C       UNLTRN_ACT
 0000:1028       UPDATE_QMTDAT
 0000:1235       UPPERCASE
 0000:08C0       VALIDATE_EISAMEM
 0A73:1290       VCPIDBG_VER
 0000:0323  Abs  VER
 0000:0008  Abs  VERH
 0000:0003  Abs  VERL
 0000:0020  Abs  VERSLTR1
 0000:00CD  Abs  VERSLTR2
 0000:0038  Abs  VERS_H
 0000:0803  Abs  VERS_HTU
 0000:0030  Abs  VERS_T
 0000:0033  Abs  VERS_U
 0A73:0468       VIDBASE_FVEC
 0000:4A60       VIDB_LINEAR
 0000:4A4B       VIDB_SEGOFF
 0A73:0558       VIDMODE1
 0A73:0559       VIDMODE2
 0A73:121E       VLSI_CSIZE
 0A73:1192       VMHANDLE
 0000:2503       VMINT23
 0000:1287       VMINTFN
 0000:1A35       VMINTFN1
 0000:1A38       VMINTFN2
 0A73:10A4       VMINT_VEC
 0A73:10A0       VMVSAPI_VEC
 0000:47FA       WAITIBUF_CLR
 0000:484A       WAITOBUF_CLR
 0000:4831       WAITOBUF_SET
 0A73:CE54       WEDNESDAY
 0000:0D9A       WEEKDAYS
 0000:4D0D       WGET_A
 0000:4CC7       WGET_C
 0000:4D53       WGET_CA
 0A73:04D7       WMEMATTR
 0000:608B       WORD_MEMVAL
 0000:4E11       WPUT_A
 0000:4E4E       WPUT_ASC
 0000:64EF       WPUT_BOX
 0000:4D98       WPUT_C
 0000:4DD5       WPUT_CA
 0000:4E94       WPUT_CSA
 0000:4F0F       WPUT_SA
 0000:4ED6       WPUT_SC
 0000:4F48       WPUT_SCA
 0000:4F7C       WPUT_SHD1
 0000:4FFA       WPUT_SHD1_SUB
 0000:5025       WPUT_SHD2
 0000:3C56       WRITESTR
 0A73:0497       WRKATTR
 0000:4C98       WSETUP
 0A73:5AF5       W_AAR
 0A73:D186       W_ACHLP
 0A73:65B2       W_ASK
 0A73:CEA0       W_ASKCMD
 0A73:CEA8       W_ASKCMDBACK
 0A73:CEB0       W_ASKCMDREM
 0A73:6124       W_ASKSCR1
 0A73:6316       W_ASKSCR2
 0A73:5C90       W_BASE
 0A73:5AED       W_CPY
 0A73:68A0       W_CURPAT
 0A73:6060       W_EBOX
 0A73:6F5E       W_ELAP1
 0A73:6F66       W_ELAP2
 0A73:6050       W_ELEV
 0A73:6F7A       W_ETA1
 0A73:6F82       W_ETA2
 0A73:728C       W_HALT
 0A73:76E6       W_HASK
 0A73:7718       W_HEBOX
 0A73:76FE       W_HELEV
 0A73:7568       W_HELP
 0A73:7466       W_HKEY
 0A73:746E       W_HKEYERR
 0A73:7476       W_HKEYF2
 0A73:76DC       W_HLIN
 0A73:76EE       W_HSCR
 0A73:76F6       W_HTTL
 0A73:5AFD       W_KEY
 0A73:6068       W_MEMEND
 0A73:5D1A       W_MEMH
 0A73:5D0A       W_MEMLIN
 0A73:5D02       W_MEMSCR
 0A73:5D12       W_MEMWRK
 0A73:5C4A       W_MODE
 0A73:6F8A       W_PBAR
 0A73:6D5E       W_PROG
 0A73:71E8       W_PTST
 0A73:6602       W_SCROLL
 0A73:186C       W_SHD
 0A73:660A       W_STATH1
 0A73:6612       W_STATH2
 0A73:661A       W_STATH3
 0A73:65FA       W_STATL
 0A73:65F2       W_STATSCR
 0A73:1864       W_TMP
 0A73:2864       XDDS
 0000:0006       XMSDRV_VEC
 0A73:0480       XMSZLEN
 0A73:0485       XMS_GETXMB
 0A73:0484       XMS_QRYXMB
 0A73:0486       XMS_XLATFLAGS
 0A73:39BC       XSHDCNT
 0A73:39BE       XSHDIND
 0A73:39C0       XSHDTAB
 0A73:12D8       ZAPOFF
 0000:3A33       ZAPREST
 0000:2927       ZERO_PAGE
 0A73:68F6       ZMSG_BLK
 0A73:68F8       ZMSG_BLK1
 0A73:6909       ZMSG_BLK3
 0A73:6912       ZMSG_BLK4
 0A73:6921       ZMSG_BLK5
 0A73:598B       ZMSG_CURPATB
 0A73:599B       ZMSG_CURPATB1
 0000:0016  Abs  ZMSG_CURPATB_LEN
 0A73:59C3       ZMSG_CURPATD
 0A73:59D3       ZMSG_CURPATD1
 0000:002E  Abs  ZMSG_CURPATD_LEN
 0A73:59A3       ZMSG_CURPATW
 0A73:59B3       ZMSG_CURPATW1
 0000:001E  Abs  ZMSG_CURPATW_LEN
 0A73:68A8       ZMSG_ELAP
 0A73:68B7       ZMSG_ELAP1
 0A73:68C0       ZMSG_ELAP_DONE
 0A73:68B7       ZMSG_ELAP_HR
 0000:0000  Abs  ZMSG_ELAP_HR_LEN
 0000:0003  Abs  ZMSG_ELAP_MIN_LEN
 0000:0006  Abs  ZMSG_ELAP_SEC_LEN
 0A73:5ABE       ZMSG_LNKIDM
 0A73:5A90       ZMSG_LNKINV
 0A73:5A5F       ZMSG_UNLIDM
 0A73:5A2F       ZMSG_UNLINV
 0A73:59F3       ZMSG_UNLSAF
 0A73:5A10       ZMSG_UNLTRN
 0A73:D808       ZTAIL

  Address         Publics by Value

 0000:0000  Abs  @HELP_NONE
 0000:0000       DATASEG
 0000:0000  Abs  ZMSG_ELAP_HR_LEN
 0000:0001  Abs  @HELP_TOPICS
 0000:0002  Abs  @HELP_SCREEN
 0000:0002  Abs  @MEMLIN_SCOL
 0000:0002       MD_FLAG
 0000:0003  Abs  @HELEV_SROW
 0000:0003  Abs  @HTXT_SCOL
 0000:0003  Abs  @HTXT_SROW
 0000:0003  Abs  BINVERS_TU
 0000:0003  Abs  VERL
 0000:0003  Abs  ZMSG_ELAP_MIN_LEN
 0000:0005  Abs  @HLIN_LEN
 0000:0005  Abs  @HLPIND_MEM
 0000:0005  Abs  TONENAM_TABLEN
 0000:0006  Abs  @ASKITEM_LEN
 0000:0006  Abs  @HLPIND_NMI
 0000:0006  Abs  MSG_TOT_LEN
 0000:0006       XMSDRV_VEC
 0000:0006  Abs  ZMSG_ELAP_SEC_LEN
 0000:0008  Abs  @ELEV_NROW
 0000:0008  Abs  @MEMITEM_LEN
 0000:0008  Abs  BINVERS_H
 0000:0008  Abs  VERH
 0000:000A       MEMCHK
 0000:000A       PSP_TERMINATE
 0000:000B  Abs  @ASKCMD_SREMROW
 0000:000B  Abs  @STATLIN_NROW
 0000:000C  Abs  @HERR_NROW
 0000:000C  Abs  @HNMI_NROW
 0000:000C  Abs  @STATLIN_SROW
 0000:000D  Abs  @ELEV_SROW
 0000:000D  Abs  @MEMLIN_SROW
 0000:000F  Abs  @HMEM_NROW
 0000:0010  Abs  @ACHLP_NROW
 0000:0012  Abs  @HELEV_NROW
 0000:0012  Abs  @HTXT_NROW
 0000:0012  Abs  MSG_DONE_LEN
 0000:0012  Abs  MSG_INTR_LEN
 0000:0015  Abs  MSG_NOERR_LEN
 0000:0016  Abs  MSG_ALLOC_LEN
 0000:0016  Abs  MSG_ELAP_LEN
 0000:0016  Abs  ZMSG_CURPATB_LEN
 0000:0017  Abs  @STATLIN_END
 0000:0019  Abs  @MEMLIN_NCOL
 0000:001A  Abs  MSG_CANCELLED_LEN
 0000:001A  Abs  MSG_MEMERR_LEN
 0000:001A  Abs  MSG_NMIERR_LEN
 0000:001E  Abs  ZMSG_CURPATW_LEN
 0000:0020  Abs  VERSLTR1
 0000:0022  Abs  NCMDARGS
 0000:0024  Abs  MSG_R0W1R1W0R0W1_LEN1
 0000:0026  Abs  @HOVR_NROW
 0000:0028  Abs  @MSG_QMTDAT_LEN
 0000:0029  Abs  @HTST_NROW
 0000:002B  Abs  @ACHLP_NCOL
 0000:002C       PSP_ENVIR_PTR
 0000:002D  Abs  @LEN_ASKCMDOPT
 0000:002D  Abs  MSG_R0W1R1W0R0W1_LEN2
 0000:002D  Abs  MSG_R0W1R1_LEN
 0000:002D  Abs  MSG_R0W1W0_LEN
 0000:002D  Abs  MSG_R0W1_LEN
 0000:002D  Abs  MSG_R0_LEN
 0000:002D  Abs  MSG_R1W0R0_LEN
 0000:002D  Abs  MSG_R1W0W1W0_LEN
 0000:002D  Abs  MSG_R1W0W1_LEN
 0000:002D  Abs  MSG_R1W0_LEN
 0000:002D  Abs  MSG_R1_LEN
 0000:002D  Abs  MSG_W0_LEN
 0000:002D  Abs  MSG_W1_LEN
 0000:002E  Abs  ZMSG_CURPATD_LEN
 0000:002F  Abs  @STATLIN_NCOL
 0000:0030  Abs  BETA_H
 0000:0030  Abs  BETA_T
 0000:0030  Abs  VERS_T
 0000:0032  Abs  @HCMD_NROW
 0000:0033  Abs  BETA_U
 0000:0033  Abs  VERS_U
 0000:0038  Abs  VERS_H
 0000:003C  Abs  @HNAV_NROW
 0000:0047  Abs  @HCMD_NCOL
 0000:0047  Abs  @HERR_NCOL
 0000:0047  Abs  @HMEM_NCOL
 0000:0047  Abs  @HNAV_NCOL
 0000:0047  Abs  @HNMI_NCOL
 0000:0047  Abs  @HOVR_NCOL
 0000:0047  Abs  @HTST_NCOL
 0000:0047  Abs  @HTXT_NCOL
 0000:0066  Abs  INFOSIZE
 0000:006C  Abs  @MSG_LARGE
 0000:0073  Abs  @MSG_SMALL
 0000:0080  Abs  @XSHDTAB_LEN
 0000:0080       PSP_PARM_COUNT
 0000:0081       PSP_PARM_STRING
 0000:00B2       OLDINT15_VEC
 0000:00B6       OLDINT22_VEC
 0000:00BA       CHECK_CPUID
 0000:00CD  Abs  VERSLTR2
 0000:00EE       IZIT486
 0000:011B  Abs  @KEY_HALT
 0000:0120       CHECK_KEYB
 0000:015E  Abs  IDENTIFY_LEN
 0000:0188       CHECK_DEV
 0000:01AF       CHECK_VM86
 0000:0217       CHECK_MULBUG
 0000:0247       CHECK_VDS
 0000:02A1       CHECK_PHYS
 0000:0323  Abs  VER
 0000:033D       CHECK_MAX
 0000:034E       CHECK_XMSDRV
 0000:0397       CHECK_CNV
 0000:03D6       GET_TOPDOS
 0000:04CD       CHECK_XMS
 0000:059A       CHECK_XMEM
 0000:06E0       CHECK_EISA_SHD
 0000:0727       SAVE_FN88
 0000:0764       INST_INT15
 0000:07A2       INT15
 0000:07B2       INT23
 0000:07B3       CHECK_EISA_EXT
 0000:0800  Abs  LCLIDT_LEN
 0000:0803  Abs  VERS_HTU
 0000:08C0       VALIDATE_EISAMEM
 0000:0990       BIOS_BLOCK_MOVE
 0000:0A0F       CHECK_PRVEXT
 0000:0ACE       CHECK_SCRN
 0000:0BB5       SET_COLOR
 0000:0C2C       IZITEGA
 0000:0C58       LOWERCASE
 0000:0C63       GIVEBACK
 0000:0CD0       CHECK_WIN3
 0000:0CEF       DISP_EXIT
 0000:0D9A       WEEKDAYS
 0000:0D9C       DATE2EPOCH
 0000:0DE0       EPOCH2DATE
 0000:0E3D       EPOCH2WEEKS
 0000:0E4E       GET_DATES
 0000:0F56       BYTE2DEC
 0000:0F6A       FMT_DMY
 0000:0F8C       FMT_HM
 0000:0FC5       CHECK_SCHED
 0000:1028       UPDATE_QMTDAT
 0000:1051       CHECK_ASK
 0000:10DF       IZITSEP
 0000:10FA       CHECK_ARGS
 0000:11F4       DISP_UNK
 0000:121F       DISP_MSG
 0000:1235       UPPERCASE
 0000:1240       SKIP_WHITE
 0000:124D       BASE2BIN
 0000:127D       OLDSTK_VEC
 0000:1281       OLDTMPINT15_VEC
 0000:1285       SEL_DATA
 0000:1287       VMINTFN
 0000:1289       INT02
 0000:128E       INT08
 0000:129F       INT09
 0000:12B0       INT24
 0000:12BE       ENTER_PM
 0000:143E       ENTER_PMSUB
 0000:1728       ENTER_PMSUB2
 0000:17AF       DISABLE_SWAP
 0000:17DD       ENABLE_SWAP
 0000:17F5       SETUP_GDT
 0000:18D2       SET_GDT
 0000:192C       SETUP_TSS
 0000:1962       SETUP_EPM
 0000:19A6       SETUP_IDT
 0000:19D7       INT15PROT
 0000:1A35       VMINTFN1
 0000:1A38       VMINTFN2
 0000:1A3F       STOREINT
 0000:1A7C       INTPROC
 0000:1A7C       INTPROC_COM
 0000:2060       ENABLE_NMI
 0000:209C       CLR_PARITY
 0000:20C9       READA20
 0000:2109       GOREAL
 0000:21BB       ACT_XPM
 0000:222B       INST_TMPINT15
 0000:2252       REST_TMPINT15
 0000:2264       TMPINT15
 0000:2291       INT22
 0000:22D2       DPMI_ALLOC
 0000:23D9       DPMI_FREE
 0000:24D1       DPMI_RESET
 0000:2503       VMINT23
 0000:2522       PMINT23
 0000:252E       PMHALT
 0000:253A       PMZAP
 0000:254E       PMINT02
 0000:2553       PMEXC02
 0000:2558       INT02_COM
 0000:25B6       SWAP_NMI
 0000:2606       DEBOUNCE
 0000:2608       PMINT08
 0000:261B       PMINT09
 0000:262E       INT08_COM
 0000:269F       INT09_COM
 0000:26D1       TMPINT67
 0000:26D2       CHECK_SWAT
 0000:272B       CHECK_VCPI
 0000:2927       ZERO_PAGE
 0000:294D       CHECK_RHELP
 0000:296B       CHECK_FAULT
 0000:2D38       ASK_COMPLETE
 0000:2DF0       GET_NEXTIND
 0000:2E1B       SET_ASKCOUNT
 0000:2EA7       SWITCH_MODE
 0000:2EC2       GET_MEMTIMER
 0000:2ECC       CHECK_KEYS
 0000:2F52       SWITCH_COLOR
 0000:2F6D       CHECK_HALT
 0000:2F81       ASK_HALT
 0000:2FD9       COUNTOUT
 0000:3008       SET_BARATTR
 0000:3044       SET_COMPLETE
 0000:3056       DISP_ASKITEM
 0000:30BB       DISP_ACTIV
 0000:30FB       DISP_STATLIN
 0000:310D       CLEAR_STATLIN
 0000:312F       DISP_PROGSCR
 0000:3174       DISP_TEST
 0000:318A       DISP_OPERS
 0000:3261       DISP_PROGRESS
 0000:32CA       DISP_ETA
 0000:332D       CALC_PCT
 0000:337A       SCALE_DOWN
 0000:338C       CALC_NOPERS
 0000:34D8       ADD_TMPOPERS
 0000:3500       FMT_ELAP
 0000:3526       FMT_ELAPSUB
 0000:35A6       DISP_ELAP
 0000:35DB       CLEAR_STATUS
 0000:35F9       FMT_BLK
 0000:36A2       DISP_MEMWRK
 0000:36D7       FMT_DONE
 0000:373F       CALC_PTST
 0000:3766       INCPTR
 0000:37BD       ERRLOG
 0000:3839       DISP_ERRB
 0000:387F       DISP_ERRW
 0000:38B9       DISP_ERRD
 0000:3913       DISP_NMIERR
 0000:3968       DISP_ASKSCR
 0000:39B5       DISP_ASKBAS
 0000:39D7       DISP_STATSCR
 0000:3A33       ZAPREST
 0000:3A4F       CLEAR_CONT
 0000:3A7C       HMS2SECDAY
 0000:3A98       DISP_BUTTON
 0000:3ACD       GET_ASKRESP
 0000:3C56       WRITESTR
 0000:3C6E       DEFAULT_LOG
 0000:3CA1       OPEN_LOG
 0000:3D4B       APPEND_LOG
 0000:3EE0       PLAY_TONE
 0000:3F27       BEEP
 0000:3F75       PAUSE
 0000:3F9C       NORMALIZE_DATE
 0000:3FAF       LASTDAY
 0000:3FC8       FCN_ADVANCED
 0000:3FD8       FCN_ALL
 0000:403E       FCN_BW
 0000:4047       FCN_COLOR
 0000:4057       FCN_ASK
 0000:40CC       FCN_DAILY
 0000:40FD       FCN_INTERVAL
 0000:416B       FCN_LOG
 0000:41DF       FCN_MONTHLY
 0000:428E       FCN_WEEKLY
 0000:432A       FCN_FULL
 0000:4397       FCN_HELP
 0000:4405       FCN_HEX
 0000:440E       FCN_LARGER
 0000:441C       FCN_NODPMI
 0000:4433       FCN_NOEXIT
 0000:443B       FCN_NOPARITY
 0000:4444       FCN_NOSCRUB
 0000:444D       FCN_NOXRAM
 0000:4464       FCN_SMALLER
 0000:4472       FCN_QUICK
 0000:44DB       FCN_SHADOWRAM
 0000:44DD       FCN_TOP384
 0000:44EF       FCN_LNKIDM
 0000:44F8       FCN_LNKINV
 0000:4501       FCN_UNLIDM
 0000:450A       FCN_UNLINV
 0000:4513       FCN_UNLSAF
 0000:451C       FCN_UNLTRN
 0000:4525       FCN_CNTCOM
 0000:458D       FCN_TONE
 0000:46D0       SKIP_LINE
 0000:46F0       LINE_LOWERCASE
 0000:470F       SKIP_WHITE_FS
 0000:471A       PARSE_FD
 0000:4778       PARSE_DEC
 0000:4787       FCN_K
 0000:4790       FCN_VLSI
 0000:4799       ENABLE8255
 0000:47B0       PPI_S2C
 0000:47BF       PPI_S2C_K2S
 0000:47C8       PPI_S2K
 0000:47D7       PPI_K2S
 0000:47E2       PPI_S2K_K2S
 0000:47FA       WAITIBUF_CLR
 0000:4831       WAITOBUF_SET
 0000:484A       WAITOBUF_CLR
 0000:485D       SEND_OUT
 0000:4889       ENABLE_IRQS
 0000:48A8       SAVE_IMR
 0000:48C7       REST_IMR
 0000:48E5       DRAINPIQ
 0000:48FC       PURGE_KBUFF
 0000:490F       CHKNDKEY
 0000:4916       GETKEY
 0000:491D       BIN2DWORD
 0000:492C       BIN2WORD
 0000:4939       BIN2BYTE
 0000:4946       BIN2DIGIT
 0000:4954       BIN2DEC
 0000:497D       BIND2DEC
 0000:49B2       BIN2BIT
 0000:49CC       BIN2DVAL
 0000:4A05       SAVE_SCR
 0000:4A28       REST_SCR
 0000:4A4B       VIDB_SEGOFF
 0000:4A60       VIDB_LINEAR
 0000:4A77       DISP_ALLOC
 0000:4A94       DISP_SCRN
 0000:4AAA       DISP_CLRSCR
 0000:4AD2       DISP_CPYSCR
 0000:4B02       DISP_QUIT
 0000:4B1A       DISP_HALT
 0000:4B2A       DISP_MODE
 0000:4B48       DISP_BASE
 0000:4B85       DISP_STATL
 0000:4BF5       DISP_STATLZ
 0000:4C6B       DISP_CURPAT
 0000:4C98       WSETUP
 0000:4CC7       WGET_C
 0000:4D0D       WGET_A
 0000:4D53       WGET_CA
 0000:4D98       WPUT_C
 0000:4DD5       WPUT_CA
 0000:4E11       WPUT_A
 0000:4E4E       WPUT_ASC
 0000:4E94       WPUT_CSA
 0000:4ED6       WPUT_SC
 0000:4F0F       WPUT_SA
 0000:4F48       WPUT_SCA
 0000:4F7C       WPUT_SHD1
 0000:4FFA       WPUT_SHD1_SUB
 0000:5025       WPUT_SHD2
 0000:507F       CHECK_SYS
 0000:520A       CHECK_VLSI
 0000:523F       CHECK_TOSH
 0000:5260       CHECK_QUAD386
 0000:52BD       CHECK_AST386
 0000:5370       CHECK_HPRS
 0000:53C3       CHECK_GRID
 0000:549C       CHECK_OLI
 0000:555F       CHECK_CPQ386
 0000:5625       CHECK_ITT
 0000:566A       CMD_TOP384
 0000:56BD       SAVE_SHADOW
 0000:594D       SAVE_XSHADOW
 0000:59AE       TOP_WRITE
 0000:5A0F       DISABLE_EGAROM
 0000:5A53       SRCHSTR
 0000:5A8C       OLI_RESET
 0000:5AD3       COPY_MEMVAL
 0000:5B2E       CALC_MEMVAL
 0000:5BBC       DISP_MEMSCR
 0000:5BE4       DISP_MEMVAL
 0000:5D04       FMT_MEM
 0000:5D60       CLEAR_MEM
 0000:5D75       CHECK_TIME
 0000:5D96       SORT_MEMVAL
 0000:5DF9       FILL_MEMVAL
 0000:608B       WORD_MEMVAL
 0000:60A1       CHECK_SX
 0000:60F3       FMT_W0
 0000:611D       FMT_W1
 0000:6147       FMT_R0
 0000:6171       FMT_R0DN
 0000:619B       FMT_R1
 0000:61C5       FMT_R1DN
 0000:61EF       FMT_R0W1
 0000:6219       FMT_R0W1R1
 0000:6243       FMT_R0W1R1W0R0W1
 0000:6276       FMT_R0W1DN
 0000:62A0       FMT_R1W0
 0000:62CA       FMT_R1W0DN
 0000:62F4       FMT_R0W1W0
 0000:631E       FMT_R0W1W0DN
 0000:6348       FMT_R1W0W1
 0000:6372       FMT_R1W0W1DN
 0000:639C       FMT_R1W0W1W0DN
 0000:63C6       FMT_R1W0R0DN
 0000:63F0       FMT_PATTERNB
 0000:6416       FMT_PATTERNW
 0000:643C       FMT_PATTERND
 0000:6465       DISP_HLPERR
 0000:64C6       GET_MEM
 0000:64EF       WPUT_BOX
 0000:6570       DPUT_SZ
 0000:65B2       DPUT_SZA
 0000:65F5       DPUT_CA
 0000:6629       DPUT_C
 0000:665F       DPUT_SCA
 0000:66AA       DPUT_A
 0000:66DF       STRLEN
 0000:66FE       SETCSR
 0000:6712       D2WCALL
 0000:673E       DRAW_DTEXT
 0000:675C       DRAW_DEDIT
 0000:6833       DRAW_DBTN
 0000:68C4       DRAW_DRADIO
 0000:6944       DRAW_DNONE
 0000:6945       DRAW_DLG
 0000:697B       INP_FOCNONE
 0000:697D       INP_FOCTEXT
 0000:697F       BRANCH_AX
 0000:69A4       INP_FOCEDIT
 0000:6B07       INP_FOCBTN
 0000:6B18       INP_FOCRADIO
 0000:6BCF       FIND_OBJ
 0000:6BE7       DRAW_SI
 0000:6BFC       GET_DLG
 0000:6DBF       GETKEYXLT
 0000:6DDC       CHECK_CANKEY
 0000:6DF8       PLINE_SUB
 0000:6E24       PRINT_LINE
 0000:6ECE       DO_PRINT
 0000:7064       DISP_HELP
 0000:736A       CALIBRATE
 0000:775C       TIMER_SETUP
 0000:777E       TIMER_RESTORE
 0000:77A0       TIMER_READ
 0000:77C7       TEST_UNLSAF
 0000:7833       MATSPB
 0000:79D1       MATSPW
 0000:7B6C       MATSPD
 0000:7D14       TEST_UNLTRN
 0000:7D80       MATSPPB
 0000:7F32       MATSPPW
 0000:80E1       MATSPPD
 0000:829F       TEST_UNLINV
 0000:830B       MARCHXB
 0000:853F       MARCHXW
 0000:8773       MARCHXD
 0000:89C7       TEST_UNLIDM
 0000:8A33       MARCHCMB
 0000:8D4D       MARCHCMW
 0000:9065       MARCHCMD
 0000:93A7       TEST_LNKINV
 0000:9413       MARCHYB
 0000:9668       MARCHYW
 0000:98BD       MARCHYD
 0000:9B36       TEST_LNKIDM
 0000:9BA2       MARCHBB
 0000:9E9D       MARCHBW
 0000:A197       MARCHBD
 0000:A4C2       ACTA20_COMSUB
 0000:A4C4       ACTA20_ENA
 0000:A4D0       ACTA20_DIS
 0000:A4DC       DEFOUT
 0000:A4DD       PPI_S2C_S2K
 0000:A4EA       PULSE8042
 0000:A4F7       READ_IRR
 0000:A501       A20DIS_I92
 0000:A504       A20DIS_QUD
 0000:A507       A20DIS_XT
 0000:A50A       A20DIS_I78
 0000:A50D       A20DIS_ISA
 0000:A512       A20DIS_XMS
 0000:A515       DEGATEA20
 0000:A51D       GATEA20
 0000:A524       ACTA20_COM
 0000:A533       A20ENA_I92
 0000:A536       A20ENA_QUD
 0000:A539       A20ENA_XT
 0000:A53C       A20ENA_I78
 0000:A53F       A20ENA_ISA
 0000:A544       A20ENA_XMS
 0000:A547       A20COM_I92
 0000:A54F       A20COM_QUD
 0000:A55B       A20COM_XT
 0000:A562       A20COM_I78
 0000:A56B       A20COM_ISA
 0000:A583       A20COM_XMS
 0000:A591       CHECK_I92
 0000:A5EF       CHECK_I78
 0000:A613       CHECK_INFO
 0000:A730       CTAIL
 0A73:0000       PMSTK
 0A73:01FE       PMSTKZ
 0A73:0200       LCLSTK
 0A73:03FE       LCLSTKZ
 0A73:0400       CON4K
 0A73:0404       CON32K
 0A73:0408       CON64K
 0A73:040C       CON128K
 0A73:0410       CON1M
 0A73:0414       CON16M
 0A73:0418       MUL_ARG1
 0A73:041C       MUL_ARG2
 0A73:0420       MUL_PROD
 0A73:0428       MOVE_TAB
 0A73:0458       PHYSIZE
 0A73:045C       CMOSIZE
 0A73:0460       MAXSIZE
 0A73:0464       DPMIDRV_VEC
 0A73:0468       VIDBASE_FVEC
 0A73:046E       DOSVER
 0A73:0470       TOPFILL
 0A73:0472       CLRMODE
 0A73:0474       GL2_FLAG
 0A73:0476       CODESEG
 0A73:0478       PSPSEG
 0A73:047A       HPDASEG
 0A73:047C       ARG_FLAG
 0A73:047C       INT_FLAG
 0A73:047E       MAPSEG_NXT
 0A73:0480       XMSZLEN
 0A73:0482       CPUTYPE
 0A73:0483       DPMITERM
 0A73:0484       XMS_QRYXMB
 0A73:0485       XMS_GETXMB
 0A73:0486       XMS_XLATFLAGS
 0A73:0488       SCRNTYPE
 0A73:048C       ADEF
 0A73:048F       DEFATTR
 0A73:0490       AMSG
 0A73:0493       MSGATTR
 0A73:0494       AWRK
 0A73:0497       WRKATTR
 0A73:0498       AERR
 0A73:049B       ERRATTR
 0A73:049C       ABRD
 0A73:049F       BRDATTR
 0A73:04A0       ATTL
 0A73:04A3       TTLATTR
 0A73:04A4       ACPY
 0A73:04A7       CPYATTR
 0A73:04A8       AAAR
 0A73:04AB       AARATTR
 0A73:04AC       AKEY
 0A73:04AF       KEYATTR
 0A73:04B0       AKEY2
 0A73:04B3       KEY2ATTR
 0A73:04B4       ASHD1
 0A73:04B7       SHD1ATTR
 0A73:04B8       ASHD2
 0A73:04BB       SHD2ATTR
 0A73:04BC       APRG
 0A73:04BF       PRGATTR
 0A73:04C0       APRG1
 0A73:04C3       PRG1ATTR
 0A73:04C4       APRG2
 0A73:04C7       PRG2ATTR
 0A73:04C8       AELEV
 0A73:04CB       ELEVATTR
 0A73:04CC       AMEM
 0A73:04CF       MEMATTR
 0A73:04CF       STATATTR
 0A73:04D0       AMEMH
 0A73:04D3       MEMHATTR
 0A73:04D3       STATHATTR
 0A73:04D4       AWMEM
 0A73:04D7       WMEMATTR
 0A73:04D8       AAMEM
 0A73:04DB       AMEMATTR
 0A73:04DC       AIMEM
 0A73:04DF       IMEMATTR
 0A73:04E0       AEMEM
 0A73:04E3       EMEMATTR
 0A73:04E4       ATMEM
 0A73:04E7       TMEMATTR
 0A73:04E8       AHTTL
 0A73:04EB       HTTLATTR
 0A73:04EC       AHLP
 0A73:04EF       HLPATTR
 0A73:04F0       AHLPA
 0A73:04F3       HLPAATTR
 0A73:04F4       AHLPB
 0A73:04F7       HLPBATTR
 0A73:04F8       AHERR
 0A73:04FB       HERRATTR
 0A73:04FC       AHKEY
 0A73:04FF       HKEYATTR
 0A73:0500       AHLT
 0A73:0503       HLTATTR
 0A73:0504       AASK
 0A73:0507       ASKATTR
 0A73:0508       AASKAA
 0A73:050B       ASKAAATTR
 0A73:050C       AASKAB
 0A73:050F       ASKABATTR
 0A73:0510       AASKMA
 0A73:0513       ASKMAATTR
 0A73:0514       AASKMB
 0A73:0517       ASKMBATTR
 0A73:0518       AASKBA
 0A73:051B       ASKBAATTR
 0A73:051C       AASKBB
 0A73:051F       ASKBBATTR
 0A73:0520       ASTATT
 0A73:0523       STATTATTR
 0A73:0524       ASTATL
 0A73:0527       STATLATTR
 0A73:0528       ABACK
 0A73:052B       BACKATTR
 0A73:052C       ADLGB
 0A73:052F       DLGBATTR
 0A73:0530       ADLGBTN
 0A73:0533       DLGBTNATTR
 0A73:0534       ADLGABTN
 0A73:0537       DLGABTNATTR
 0A73:0538       ADLGBHK
 0A73:053B       DLGBHKATTR
 0A73:053C       ADLGABHK
 0A73:053F       DLGABHKATTR
 0A73:0540       ADLGRBHK
 0A73:0543       DLGRBHKATTR
 0A73:0544       ADLGTHK
 0A73:0547       DLGTHKATTR
 0A73:0548       ADLGEH
 0A73:054B       DLGEHATTR
 0A73:054C       ADLGEN
 0A73:054F       DLGENATTR
 0A73:0550       ADLGEF
 0A73:0553       DLGEFATTR
 0A73:0554       ADIS
 0A73:0557       DISATTR
 0A73:0558       VIDMODE1
 0A73:0559       VIDMODE2
 0A73:055A       MAXNAME
 0A73:0563       PROT_NAME
 0A73:056C       CONSOLE
 0A73:0570       CMD_FLAG
 0A73:0572       QMTLOGPATH
 0A73:05F2       QMTTONEPATH
 0A73:0672       SAV_ASKCMDOPT
 0A73:069F       TIMEPREFIX
 0A73:06A3       QMTDIR
 0A73:0723       QMT_STEM
 0A73:0730       MEMTIMER
 0A73:0738       LCLGDT
 0A73:08A0       LCLIDT
 0A73:10A0       VMVSAPI_VEC
 0A73:10A4       VMINT_VEC
 0A73:10A8       OLDCR0
 0A73:10AC       DDS
 0A73:10BC       EPMTAB
 0A73:10D2       LCLTSS
 0A73:113A       DPMI_FMI
 0A73:116A       DPMI_PS
 0A73:116E       P2L_SIZE
 0A73:1172       P2L_HNDL
 0A73:1176       P2L_ADDR
 0A73:117A       LACODE
 0A73:117E       LADATA
 0A73:1182       LACR3
 0A73:1186       LAPTE
 0A73:118A       PACR3
 0A73:118E       NEXTPTE
 0A73:1192       VMHANDLE
 0A73:1196       CB_VM_FLAGS
 0A73:119A       MAXDEV_FVEC
 0A73:11A0       PMI_FVEC
 0A73:11A6       PMONSTK_FVEC
 0A73:11AC       PMINT08_FVEC
 0A73:11B2       PMINT09_FVEC
 0A73:11B8       IDT_REAL
 0A73:11BE       NMIADDR
 0A73:11C2       NMIOFF
 0A73:11C4       ERR_FLAG
 0A73:11C6       OLDCUR
 0A73:11C8       OLDTYP
 0A73:11CA       SEL_4GB
 0A73:11CC       SEL_ALIAS
 0A73:11CE       DPMIMSG
 0A73:11D0       DEBOUNCE_FVEC
 0A73:11D6       DEBOUNCE_ARB
 0A73:11D7       IBV0
 0A73:11D8       IBV0Z
 0A73:11D9       IBV1
 0A73:11DA       IBV1Z
 0A73:11DB       ERR_CODE
 0A73:11DC       OLDSWAP_CNT
 0A73:11DE       BRKSTATE
 0A73:11DF       SECTIMER
 0A73:11E0       EMMNAME
 0A73:11E9       EMMNAM2
 0A73:11F2       EMMNAM3
 0A73:11FB       EMMNAM4
 0A73:1204       EMMNAM5
 0A73:120D       SWTNAME
 0A73:1216       CPQ_CACHE
 0A73:1217       DPMIMAX
 0A73:121E       VLSI_CSIZE
 0A73:1220       OLDINT24
 0A73:1224       OLDINT67
 0A73:1229       INFO_CTL
 0A73:122A       INFO
 0A73:124E       PORT67
 0A73:1290       VCPIDBG_VER
 0A73:1294       TOTOPERS
 0A73:129C       TMPOPERS
 0A73:12A4       NUMOPERS
 0A73:12AC       MAXTIMER
 0A73:12B4       ETATIMER
 0A73:12BC       DECTIMER
 0A73:12C4       INITIMER
 0A73:12CC       CON60
 0A73:12D0       CON_CLOCK
 0A73:12D4       FUND_FREQ
 0A73:12D8       ZAPOFF
 0A73:12DA       PROGPCT
 0A73:12DC       LAST_PTST
 0A73:12DE       MEMERRCNT
 0A73:12E0       NMIERRCNT
 0A73:12E2       MEMWRKIND
 0A73:12E4       ASKBLK
 0A73:12E6       BLK_STRS
 0A73:12E6       MEMIND
 0A73:12E8       MEMITEM_LEN
 0A73:12FC       BASIND
 0A73:1314       ITEM_LEN
 0A73:1328       ACMDIND
 0A73:133E       ASKTAB
 0A73:1342       PATXT1
 0A73:1346       PBTXT1
 0A73:134A       PATXT3
 0A73:1350       PBTXT3
 0A73:1356       ITEMOPERS
 0A73:1362       ITEMPATCNT
 0A73:136E       RCNT
 0A73:1370       BPU
 0A73:1374       REG0UP
 0A73:1378       REG1UP
 0A73:137C       REG0DN
 0A73:1380       REG1DN
 0A73:1384       PATCNT
 0A73:1386       PATOFF
 0A73:1388       ASKITEM
 0A73:1394       ITEMCNT
 0A73:13A0       CNT_FLAG
 0A73:13A2       ASKLFT
 0A73:13A9       ASKRHT
 0A73:13B0       ASKUP
 0A73:13B7       ASKDN
 0A73:13BE       ASKBAS
 0A73:13C0       ASKCMDUP
 0A73:13C3       ASKCMDDN
 0A73:13C6       ASKCMDBTN
 0A73:13C9       QMTLOG
 0A73:13D6       PLERR
 0A73:13EE       ERRDATACNT
 0A73:13F0       ERRDATA
 0A73:147C       TONETAB_INI
 0A73:1540       TONETAB_ATC
 0A73:1604       TONETAB_OTC
 0A73:16C8       TONETAB_MEM
 0A73:178C       TONETAB_PAR
 0A73:1850       OLDIMR1
 0A73:1851       OLDIMR2
 0A73:1852       FNGETKST
 0A73:1853       FNGETKEY
 0A73:1854       HEXTABLE
 0A73:1864       W_TMP
 0A73:186C       W_SHD
 0A73:1874       OLDSCR
 0A73:2814       MSG_SHD1
 0A73:2864       XDDS
 0A73:2974       GLB_FLAG
 0A73:2976       GL3_FLAG
 0A73:2978       SYS_FLAG
 0A73:297A       ASTMIO
 0A73:297E       CPQMIO
 0A73:2982       TOP_GDT
 0A73:29B2       TOP_MIO
 0A73:29B4       SHDSIZE
 0A73:29B8       SHDCNT
 0A73:29BA       SHDIND
 0A73:29BC       SHDTAB
 0A73:39BC       XSHDCNT
 0A73:39BE       XSHDIND
 0A73:39C0       XSHDTAB
 0A73:49C0       MACHID
 0A73:49C1       MSG_TOSHSIGN
 0A73:49C6       MSG_QUADCOPY
 0A73:49D8       MSG_ASTCOPY
 0A73:49EE       LCL_OLISIGN
 0A73:4A04       LCL_ITTSIGN
 0A73:4A27       LCL_EISASIGN
 0A73:4A2B       LCL_PHOENIXSIGN
 0A73:4A43       LCL_TANDYSIGN
 0A73:4A48       LCL_ALCSIGN
 0A73:4A5D       LCL_CACHCTL1
 0A73:4A65       PCACHCTL
 0A73:4A6C       TSTSIZEB
 0A73:4A70       TSTSIZEW
 0A73:4A74       TSTSIZED
 0A73:4A78       NMEMVAL
 0A73:4A7C       MEMITEM_SIZ
 0A73:4A7E       TIMECNT
 0A73:4A80       TIMETAB
 0A73:5280       MSG_MEMCLR
 0A73:5299       MAXVSAPI
 0A73:52A0       HLPIND
 0A73:52A2       HTOPIND
 0A73:52B0       HLPTOPIC
 0A73:52BE       PMSG_HKEY
 0A73:52C0       PW_HKEY
 0A73:52C2       DLG_DISP
 0A73:52D2       PFNFOCUS
 0A73:52E2       CHEV_PAT
 0A73:52E6       DPUT_CLIP
 0A73:52E8       EDIT_FLAGS
 0A73:52EA       KEY_FLAGS
 0A73:52EC       PRINTDLG
 0A73:5320       PRINTCANDLG
 0A73:5338       MSG_PRINT1
 0A73:5340       MSG_PRINT2
 0A73:534E       MSG_PRINT3
 0A73:535D       MSG_PRINT4
 0A73:5367       MSG_PRINT5
 0A73:5384       MSG_OK
 0A73:5387       MSG_CANCEL
 0A73:538E       MSG_WHTHIS
 0A73:53A2       MSG_WHALL
 0A73:53B6       MSG_OUPRINT
 0A73:53C2       MSG_OUFILE
 0A73:53D0       MSG_OUAFILE
 0A73:53E5       MSG_PRINTC1
 0A73:53EF       MSG_PRINTC2
 0A73:5400       MSG_CRLF2
 0A73:5400       MSG_PHEADER
 0A73:5482       MSG_FF
 0A73:5483       TXT_PRINT1
 0A73:548B       TXT_PRINT2
 0A73:5493       TXT_PRINT3
 0A73:549B       TXT_PRINT4
 0A73:54A3       TXT_PRINT5
 0A73:54AB       TXT_PRINTC1
 0A73:54B3       TXT_PRINTC2
 0A73:54BB       BTN_OK
 0A73:54D1       BTN_CANCEL
 0A73:54E7       BTN_CCANCEL
 0A73:54FD       RAD_WHAT
 0A73:5511       RBTN_WHTHIS
 0A73:5525       RBTN_WHALL
 0A73:5539       RAD_OUTPUT
 0A73:554D       RBTN_OUPRINT
 0A73:5561       RBTN_OUFILE
 0A73:5575       RBTN_OUAFILE
 0A73:5589       EDIT_FNAME
 0A73:55A5       ETXT_FNAME
 0A73:5626       BOXCHARS
 0A73:5638       SCRSAVE
 0A73:563C       SCRCNT
 0A73:5640       PHLPIND
 0A73:5642       PHLPCNT
 0A73:5644       CURPAGE
 0A73:5646       PHANDLE
 0A73:5648       CURLINE
 0A73:564A       HELP_STATE
 0A73:564C       CURSOR_SHAPE
 0A73:5650       ARR_W_HTOP
 0A73:5670       ARR_W_HCMD
 0A73:5688       PHTOPTTL
 0A73:5698       CALIB_W0
 0A73:56A0       CALIB_R0DN
 0A73:56A8       CALIB_R0W1
 0A73:56B0       CALIB_R0W1DN
 0A73:56B8       CALIB_R0W1W0DN
 0A73:56C0       CALIB_R0W1R1
 0A73:56C8       CALIB_R0W1R1W0R0W1
 0A73:56D0       CALIB_R1W0
 0A73:56D8       CALIB_R1W0DN
 0A73:56E0       CALIB_R1W0R0DN
 0A73:56E8       CALIB_R1W0W1
 0A73:56F0       CALIB_R1W0W1W0DN
 0A73:56F8       CALIB_SIZ
 0A73:56FC       CALIB_IND
 0A73:5700       MSG_MEMERR
 0A73:5706       MSG_MEMERR1
 0A73:571A       MSG_NMIERR
 0A73:5720       MSG_NMIERR1
 0A73:5734       MSG_NOERR
 0A73:5749       DATESEP
 0A73:574A       TIMESEP
 0A73:574B       MSG_W0
 0A73:5764       MSG_W0A
 0A73:5770       MSG_W0B
 0A73:5778       MSG_W1
 0A73:5791       MSG_W1A
 0A73:579D       MSG_W1B
 0A73:57A5       MSG_R0
 0A73:57BE       MSG_R0A
 0A73:57CA       MSG_R0B
 0A73:57D2       MSG_R0W1
 0A73:57EB       MSG_R0W1A
 0A73:57F7       MSG_R0W1B
 0A73:57FF       MSG_R0W1R1
 0A73:5818       MSG_R0W1R1A
 0A73:5824       MSG_R0W1R1B
 0A73:582C       MSG_R0W1R1W0R0W1
 0A73:5850       MSG_R0W1R1W0R0W1Z
 0A73:5869       MSG_R0W1R1W0R0W1A
 0A73:5875       MSG_R0W1R1W0R0W1B
 0A73:587D       MSG_R0W1W0
 0A73:5896       MSG_R0W1W0A
 0A73:58A2       MSG_R0W1W0B
 0A73:58AA       MSG_R1
 0A73:58C3       MSG_R1A
 0A73:58CF       MSG_R1B
 0A73:58D7       MSG_R1W0
 0A73:58F0       MSG_R1W0A
 0A73:58FC       MSG_R1W0B
 0A73:5904       MSG_R1W0R0
 0A73:591D       MSG_R1W0R0A
 0A73:5929       MSG_R1W0R0B
 0A73:5931       MSG_R1W0W1
 0A73:594A       MSG_R1W0W1A
 0A73:5956       MSG_R1W0W1B
 0A73:595E       MSG_R1W0W1W0
 0A73:5977       MSG_R1W0W1W0A
 0A73:5983       MSG_R1W0W1W0B
 0A73:598B       ZMSG_CURPATB
 0A73:599B       ZMSG_CURPATB1
 0A73:59A3       ZMSG_CURPATW
 0A73:59B3       ZMSG_CURPATW1
 0A73:59C3       ZMSG_CURPATD
 0A73:59D3       ZMSG_CURPATD1
 0A73:59F3       ZMSG_UNLSAF
 0A73:5A10       ZMSG_UNLTRN
 0A73:5A2F       ZMSG_UNLINV
 0A73:5A5F       ZMSG_UNLIDM
 0A73:5A90       ZMSG_LNKINV
 0A73:5ABE       ZMSG_LNKIDM
 0A73:5AED       W_CPY
 0A73:5AF5       W_AAR
 0A73:5AFD       W_KEY
 0A73:5B05       MSG_CPY
 0A73:5BA7       MSG_QUIT
 0A73:5BF8       MSG_HALT
 0A73:5C4A       W_MODE
 0A73:5C52       MSG_BASIC
 0A73:5C71       MSG_ADV
 0A73:5C90       W_BASE
 0A73:5C98       MSG_DEC
 0A73:5CC2       MSG_HEX
 0A73:5CEC       MSG_ALLOC
 0A73:5D02       W_MEMSCR
 0A73:5D0A       W_MEMLIN
 0A73:5D12       W_MEMWRK
 0A73:5D1A       W_MEMH
 0A73:5D22       MSG_MEMSCR
 0A73:5E8E       MSG_MEMLIN
 0A73:5F6F       MSG_MEMATTR
 0A73:6050       W_ELEV
 0A73:6058       MSG_ELEV
 0A73:6060       W_EBOX
 0A73:6068       W_MEMEND
 0A73:6070       PMSG_MEMEND
 0A73:6072       MSG_MEMEND0
 0A73:608B       MSG_MEMEND1
 0A73:60A5       PAMEM
 0A73:60B5       ARR_W_MEMLIN
 0A73:611D       MSG_TOT
 0A73:6124       W_ASKSCR1
 0A73:612C       MSG_QUICKA
 0A73:6137       MSG_QUICKB
 0A73:6142       MSG_FULLA
 0A73:614C       MSG_FULLB
 0A73:6156       MSG_ASKSCR1
 0A73:6306       ARR_W_ITEM1
 0A73:6316       W_ASKSCR2
 0A73:631E       MSG_ASKSCR2
 0A73:64CE       MSG_ASK
 0A73:64CF       MSG_ASK1
 0A73:64E7       MSG_CNT1
 0A73:658C       PATXT2
 0A73:658C       PBTXT2
 0A73:659A       CNTTAB
 0A73:65A6       CMPTAB
 0A73:65B2       W_ASK
 0A73:65BA       ARR_W_ITEM2
 0A73:65F2       W_STATSCR
 0A73:65FA       W_STATL
 0A73:6602       W_SCROLL
 0A73:660A       W_STATH1
 0A73:6612       W_STATH2
 0A73:661A       W_STATH3
 0A73:6622       MSG_STATSCR
 0A73:68A0       W_CURPAT
 0A73:68A8       ZMSG_ELAP
 0A73:68AA       MSG_ELAP
 0A73:68B7       ZMSG_ELAP1
 0A73:68B7       ZMSG_ELAP_HR
 0A73:68C0       ZMSG_ELAP_DONE
 0A73:68D2       MSG_DONE
 0A73:68E4       MSG_INTR
 0A73:68F6       ZMSG_BLK
 0A73:68F8       ZMSG_BLK1
 0A73:6909       ZMSG_BLK3
 0A73:6912       ZMSG_BLK4
 0A73:6921       ZMSG_BLK5
 0A73:6926       MSG_BLKCLR
 0A73:6954       MSG_SCROLL
 0A73:6D5E       W_PROG
 0A73:6D66       MSG_PROGSCR
 0A73:6F5E       W_ELAP1
 0A73:6F66       W_ELAP2
 0A73:6F71       MSG_ETA_HR
 0A73:6F7A       W_ETA1
 0A73:6F82       W_ETA2
 0A73:6F8A       W_PBAR
 0A73:6F92       MSG_PBAR
 0A73:6FC4       MSG_PTSTQUIK
 0A73:6FEA       MSG_PTSTFULL
 0A73:7010       MSG_PTSTSAF
 0A73:7036       MSG_PTSTTF
 0A73:705C       MSG_PTSTLIN
 0A73:7082       MSG_PTSTUIN
 0A73:70A8       MSG_PTSTLID
 0A73:70CE       MSG_PTSTUID
 0A73:70F4       MSG_PTSTCMP
 0A73:711A       MSG_PTSTALL
 0A73:7140       MSG_PTSTERR
 0A73:7166       MSG_PTSTINT
 0A73:718C       MSG_PTSTGET
 0A73:71B2       MSG_PTSTINI
 0A73:71D8       PMSG_PTST
 0A73:71E8       W_PTST
 0A73:71F0       MSG_HALTSCR
 0A73:728C       W_HALT
 0A73:7294       LOGA
 0A73:72CE       LOGB
 0A73:72E9       LOGDATE
 0A73:72F2       LOGC
 0A73:72F7       LOGTIME
 0A73:7300       LOGD
 0A73:731F       LOGE
 0A73:7350       LOGF
 0A73:7355       LOGF_K1
 0A73:735F       LOGF_K2
 0A73:7363       LOGF_H1
 0A73:736C       LOGF_H2
 0A73:737B       LOGF_K3
 0A73:7380       LOGG
 0A73:7383       LOG_MEMERR
 0A73:7388       LOG_MEMERR1
 0A73:739D       LOG_NMIERR
 0A73:73A2       LOG_NMIERR1
 0A73:73B7       LOG_NOERR
 0A73:73D2       LOG_HALT
 0A73:73ED       MSG_BYTERR
 0A73:73FF       MSG_WORDERR
 0A73:7411       MSG_DWORDERR
 0A73:7424       MSG_NMIERROR
 0A73:7435       MSG_ADDR
 0A73:743E       MSG_EXP
 0A73:7450       MSG_EXP1
 0A73:745F       MSG_EXP2
 0A73:7461       MSG_EXP3
 0A73:7466       W_HKEY
 0A73:746E       W_HKEYERR
 0A73:7476       W_HKEYF2
 0A73:747E       MSG_HKEYERR
 0A73:74CC       MSG_HKEY
 0A73:7568       W_HELP
 0A73:7570       MSG_HELP
 0A73:76DC       W_HLIN
 0A73:76E4       HLIN_SROW
 0A73:76E6       W_HASK
 0A73:76EE       W_HSCR
 0A73:76F6       W_HTTL
 0A73:76FE       W_HELEV
 0A73:7706       MSG_HELEV
 0A73:7718       W_HEBOX
 0A73:7720       MSG_CANCELLED
 0A73:773C       PCALIB_USF
 0A73:7740       UNLSAF_ACT
 0A73:7748       PCALIB_UTF
 0A73:774C       UNLTRN_ACT
 0A73:7754       PCALIB_UIN
 0A73:7758       UNLINV_ACT
 0A73:7760       PCALIB_UID
 0A73:7764       UNLIDM_ACT
 0A73:776C       PCALIB_LIN
 0A73:7770       LNKINV_ACT
 0A73:7778       PCALIB_LID
 0A73:777C       LNKIDM_ACT
 0A73:7784       A20SUP
 0A73:7786       I78DATA
 0A73:778C       HELP_NAVTTL
 0A73:77D3       HELP_OVRTTL
 0A73:781A       HELP_TSTTTL
 0A73:7861       HELP_ERRTTL
 0A73:78A8       HELP_CMDTTL
 0A73:78EF       HELP_MEMTTL
 0A73:7936       HELP_NMITTL
 0A73:797D       HELP_NMI
 0A73:79EA       HELP_NMI_ADDR
 0A73:7CD1       HELP_NAV
 0A73:8D75       HELP_OVR
 0A73:97FF       HELP_TST
 0A73:A35E       HELP_ERR
 0A73:A6B2       HELP_CMD
 0A73:B490       HELP_MEM
 0A73:B4FD       HELP_MEM_ADDR
 0A73:B58A       HELP_MEM_EXP
 0A73:B5D1       HELP_MEM_ACT
 0A73:B8B9       MSG_ACHLP
 0A73:BB6C       CMDARG_TAB
 0A73:BBB0       CMDARG_LEN
 0A73:BBF4       CMDARG_ACT
 0A73:BCE6       LASTKEY
 0A73:BCE8       NUMBERS_LO
 0A73:BCF8       TODAY
 0A73:BCFC       QMTDAT
 0A73:BD00       QMTDAT_M
 0A73:BD04       QMTDAT_W
 0A73:BD08       TODAY_DOW
 0A73:BD09       TODAY_DOM
 0A73:BD0A       NEXTSCHED
 0A73:BD0E       MOTAB
 0A73:BD26       DNTAB
 0A73:BD34       ASK_DEFAULT
 0A73:BD35       ASK_TIMEOUT
 0A73:BD37       EPOCHTARG
 0A73:BD3B       SECTARG
 0A73:BD3F       LASTDIFF
 0A73:BD44       CMDOFF
 0A73:BD46       TMPIND
 0A73:BD48       MOLEN_TAB
 0A73:BD60       TONENAM_TAB
 0A73:BD74       MSG_COPY
 0A73:BDE2       MSG_NOT386
 0A73:BE21       MSG_WIN3
 0A73:BF4E       MSG_NOTVM
 0A73:BFC6       MSG_XMEM
 0A73:C005       MSG_XMEM1
 0A73:C016       MSG_XMEM2
 0A73:C044       MSG_XMEMSEED
 0A73:C048       MSG_PRVEXT
 0A73:C093       MSG_MULBUG
 0A73:C109       MSG_NOMEM
 0A73:C135       MSG_ASKCLR
 0A73:C162       MSG_CRLF
 0A73:C165       MSG_EISA
 0A73:C17D       MSG_UNK
 0A73:C195       MSG_SEP
 0A73:C1AF       MSG_VAL
 0A73:C1C5       MSG_OVF
 0A73:C1E0       MSG_OPEN
 0A73:C1FC       MSG_READ
 0A73:C218       MSG_NAME
 0A73:C23D       MSG_PARSE
 0A73:C267       MSG_CMDS
 0A73:CDE2       MSG_PAK
 0A73:CDFF       MSG_UNSCHED
 0A73:CE25       MSG_UNSCHED_DATE
 0A73:CE3E       SUNDAY
 0A73:CE45       MONDAY
 0A73:CE4C       TUESDAY
 0A73:CE54       WEDNESDAY
 0A73:CE5E       THURSDAY
 0A73:CE67       FRIDAY
 0A73:CE6E       SATURDAY
 0A73:CE77       MSG_QMTDAT
 0A73:CEA0       W_ASKCMD
 0A73:CEA8       W_ASKCMDBACK
 0A73:CEB0       W_ASKCMDREM
 0A73:CEB8       MSG_YESA
 0A73:CEC2       MSG_YESB
 0A73:CECC       MSG_NOA
 0A73:CED6       MSG_NOB
 0A73:CEE0       MSG_PPA
 0A73:CEEE       MSG_PPB
 0A73:CEFC       MSG_ASKCMD
 0A73:CFD6       MSG_ASKCMDOPT
 0A73:D13E       MSG_ASKCMDREM
 0A73:D15B       FMT_ASKCMDREM
 0A73:D16E       ARR_W_ITEM3
 0A73:D186       W_ACHLP
 0A73:D4CC       ASKVAL
 0A73:D530       ASKCVAL
 0A73:D548       ASKACT
 0A73:D5AC       ASKCACT
 0A73:D5C4       CALIB_USF
 0A73:D5CA       CALIB_UTF
 0A73:D5D0       CALIB_UIN
 0A73:D5D8       CALIB_UID
 0A73:D5E4       CALIB_LIN
 0A73:D5EC       CALIB_LID
 0A73:D5F6       HLPVAL
 0A73:D616       IFEVAL
 0A73:D624       SIFEVAL
 0A73:D62C       HLPACT
 0A73:D64C       IFEACT
 0A73:D65A       SIFEACT
 0A73:D670       MAX_FLAG
 0A73:D674       IDENTIFY
 0A73:D7D2       IDENT_CHK
 0A73:D7D4       MSG_XINST
 0A73:D804       PIDENT
 0A73:D808       ZTAIL

Program entry point at 0000:000A
