
 Start  Stop   Length Name                   Class
 00000H 09D33H 09D34H CODE                   PROG                              
 09D34H 09D34H 00000H PROG                   PROG                              
 09D40H 09D40H 00000H CODEZ                  PROG                              
 09D40H 0A13FH 00400H STACK                  DATA                              
 0A140H 14D97H 0AC58H DATA                   DATA                              
 14D98H 14DCFH 00038H SEG_TAB                DATA                              
 14DD0H 14E07H 00038H SEG_LEN                DATA                              
 14E08H 14E3FH 00038H SEG_ACT                DATA                              
 14E40H 15D7BH 00F3CH NDATA                  DATA                              
 15D7CH 1606EH 002F3H DATAMSG                DATA                              
 16070H 160EBH 0007CH KEYSEG                 DATA                              
 160ECH 16167H 0007CH ACTSEG                 DATA                              
 16168H 16168H 00000H KEYSEG                 DATA                              
 16168H 16168H 00000H ACTSEG                 DATA                              
 16168H 16199H 00032H CALIBSEG               DATA                              
 1619AH 161CFH 00036H KEYSEG                 DATA                              
 161D0H 16205H 00036H ACTSEG                 DATA                              
 16210H 163A0H 00191H DATAZ                  DATAZ                             
 163A4H 163A7H 00004H IDENT                  DATAZ                             

 Origin   Group
 09D4:0   DGROUP                                                               
 0000:0   PSPGRP                                                               
 0000:0   PGROUP                                                               
 0000:0   AGROUP                                                               
 F000:0   CGROUP                                                               
 0000:0   RGROUP                                                               

  Address         Publics by Name

 0000:002B  Abs  @ACHLP_NCOL         
 0000:0010  Abs  @ACHLP_NROW         
 0000:000B  Abs  @ASKCMD_SREMROW     
 0000:0006  Abs  @ASKITEM_LEN        
 0000:0008  Abs  @ELEV_NROW          
 0000:000D  Abs  @ELEV_SROW          
 0000:0047  Abs  @HCMD_NCOL          
 0000:001D  Abs  @HCMD_NROW          
 0000:0012  Abs  @HELEV_NROW         
 0000:0003  Abs  @HELEV_SROW         
 0000:0000  Abs  @HELP_NONE          
 0000:0002  Abs  @HELP_SCREEN        
 0000:0001  Abs  @HELP_TOPICS        
 0000:0047  Abs  @HERR_NCOL          
 0000:000B  Abs  @HERR_NROW          
 0000:0005  Abs  @HLIN_LEN           
 0000:0005  Abs  @HLPIND_MEM         
 0000:0006  Abs  @HLPIND_NMI         
 0000:0047  Abs  @HMEM_NCOL          
 0000:000F  Abs  @HMEM_NROW          
 0000:0047  Abs  @HNAV_NCOL          
 0000:003B  Abs  @HNAV_NROW          
 0000:0047  Abs  @HNMI_NCOL          
 0000:000C  Abs  @HNMI_NROW          
 0000:0047  Abs  @HOVR_NCOL          
 0000:0025  Abs  @HOVR_NROW          
 0000:0047  Abs  @HTST_NCOL          
 0000:0029  Abs  @HTST_NROW          
 0000:0047  Abs  @HTXT_NCOL          
 0000:0012  Abs  @HTXT_NROW          
 0000:0003  Abs  @HTXT_SCOL          
 0000:0003  Abs  @HTXT_SROW          
 0000:011B  Abs  @KEY_HALT           
 0000:002D  Abs  @LEN_ASKCMDOPT      
 0000:0008  Abs  @MEMITEM_LEN        
 0000:0019  Abs  @MEMLIN_NCOL        
 0000:0002  Abs  @MEMLIN_SCOL        
 0000:000D  Abs  @MEMLIN_SROW        
 0000:006C  Abs  @MSG_LARGE          
 0000:0024  Abs  @MSG_QMTDAT_LEN     
 0000:0073  Abs  @MSG_SMALL          
 0000:0017  Abs  @STATLIN_END        
 0000:002F  Abs  @STATLIN_NCOL       
 0000:000B  Abs  @STATLIN_NROW       
 0000:000C  Abs  @STATLIN_SROW       
 0000:0080  Abs  @XSHDTAB_LEN        
 0000:9B69       A20COM_I78          
 0000:9B4E       A20COM_I92          
 0000:9B72       A20COM_ISA          
 0000:9B56       A20COM_QUD          
 0000:9B8A       A20COM_XMS          
 0000:9B62       A20COM_XT           
 0000:9B11       A20DIS_I78          
 0000:9B08       A20DIS_I92          
 0000:9B14       A20DIS_ISA          
 0000:9B0B       A20DIS_QUD          
 0000:9B19       A20DIS_XMS          
 0000:9B0E       A20DIS_XT           
 0000:9B43       A20ENA_I78          
 0000:9B3A       A20ENA_I92          
 0000:9B46       A20ENA_ISA          
 0000:9B3D       A20ENA_QUD          
 0000:9B4B       A20ENA_XMS          
 0000:9B40       A20ENA_XT           
 09D4:7318       A20SUP              
 09D4:04A8       AAAR                
 09D4:04D8       AAMEM               
 09D4:04AB       AARATTR             
 09D4:0504       AASK                
 09D4:0508       AASKAA              
 09D4:050C       AASKAB              
 09D4:0518       AASKBA              
 09D4:051C       AASKBB              
 09D4:0510       AASKMA              
 09D4:0514       AASKMB              
 09D4:0528       ABACK               
 09D4:049C       ABRD                
 09D4:129E       ACMDIND             
 09D4:04A4       ACPY                
 0000:9B2B       ACTA20_COM          
 0000:9AC9       ACTA20_COMSUB       
 0000:9AD7       ACTA20_DIS          
 0000:9ACB       ACTA20_ENA          
 0000:1EEE       ACT_XPM             
 0000:32C6       ADD_TMPOPERS        
 09D4:048C       ADEF                
 09D4:0554       ADIS                
 09D4:053C       ADLGABHK            
 09D4:0534       ADLGABTN            
 09D4:052C       ADLGB               
 09D4:0538       ADLGBHK             
 09D4:0530       ADLGBTN             
 09D4:0550       ADLGEF              
 09D4:0548       ADLGEH              
 09D4:054C       ADLGEN              
 09D4:0540       ADLGRBHK            
 09D4:0544       ADLGTHK             
 09D4:04C8       AELEV               
 09D4:04E0       AEMEM               
 09D4:0498       AERR                
 09D4:04F8       AHERR               
 09D4:04FC       AHKEY               
 09D4:04EC       AHLP                
 09D4:04F0       AHLPA               
 09D4:04F4       AHLPB               
 09D4:0500       AHLT                
 09D4:04E8       AHTTL               
 09D4:04DC       AIMEM               
 09D4:04AC       AKEY                
 09D4:04B0       AKEY2               
 09D4:04CC       AMEM                
 09D4:04DB       AMEMATTR            
 09D4:04D0       AMEMH               
 09D4:0490       AMSG                
 09D4:04BC       APRG                
 09D4:04C0       APRG1               
 09D4:04C4       APRG2               
 09D4:047C       ARG_FLAG            
 09D4:5208       ARR_W_HCMD          
 09D4:51E8       ARR_W_HTOP          
 09D4:5E9E       ARR_W_ITEM1         
 09D4:6152       ARR_W_ITEM2         
 09D4:C01A       ARR_W_ITEM3         
 09D4:5C4D       ARR_W_MEMLIN        
 09D4:04B4       ASHD1               
 09D4:04B8       ASHD2               
 09D4:050B       ASKAAATTR           
 09D4:050F       ASKABATTR           
 09D4:C3AC       ASKACT              
 09D4:0507       ASKATTR             
 09D4:051B       ASKBAATTR           
 09D4:1334       ASKBAS              
 09D4:051F       ASKBBATTR           
 09D4:125A       ASKBLK              
 09D4:C410       ASKCACT             
 09D4:133C       ASKCMDBTN           
 09D4:1339       ASKCMDDN            
 09D4:1336       ASKCMDUP            
 09D4:C394       ASKCVAL             
 09D4:132D       ASKDN               
 09D4:12FE       ASKITEM             
 09D4:1318       ASKLFT              
 09D4:0513       ASKMAATTR           
 09D4:0517       ASKMBATTR           
 09D4:131F       ASKRHT              
 09D4:12B4       ASKTAB              
 09D4:1326       ASKUP               
 09D4:C330       ASKVAL              
 0000:2AF3       ASK_COMPLETE        
 09D4:B1C4       ASK_DEFAULT         
 0000:2D4A       ASK_HALT            
 09D4:B1C5       ASK_TIMEOUT         
 09D4:0524       ASTATL              
 09D4:0520       ASTATT              
 09D4:2512       ASTMIO              
 09D4:04E4       ATMEM               
 09D4:04A0       ATTL                
 09D4:04D4       AWMEM               
 09D4:0494       AWRK                
 09D4:052B       BACKATTR            
 0000:0FC5       BASE2BIN            
 09D4:1272       BASIND              
 0000:0030  Abs  BETA_H              
 0000:0030  Abs  BETA_T              
 0000:0033  Abs  BETA_U              
 0000:3FD3       BIN2BIT             
 0000:3F5A       BIN2BYTE            
 0000:3F75       BIN2DEC             
 0000:3F67       BIN2DIGIT           
 0000:3FED       BIN2DVAL            
 0000:3F3E       BIN2DWORD           
 0000:3F4D       BIN2WORD            
 0000:3F9E       BIND2DEC            
 0000:0008  Abs  BINVERS_H           
 0000:0003  Abs  BINVERS_TU          
 0000:09A9       BIOS_BLOCK_MOVE     
 09D4:125C       BLK_STRS            
 09D4:51BE       BOXCHARS            
 09D4:12E6       BPU                 
 0000:5F86       BRANCH_AX           
 09D4:049F       BRDATTR             
 09D4:1156       BRKSTATE            
 09D4:5069       BTN_CANCEL          
 09D4:507F       BTN_CCANCEL         
 09D4:5053       BTN_OK              
 0000:0DF9       BYTE2DEC            
 0000:514F       CALC_MEMVAL         
 0000:317A       CALC_NOPERS         
 0000:311B       CALC_PCT            
 0000:352D       CALC_PTST           
 0000:6971       CALIBRATE           
 09D4:5294       CALIB_IND           
 09D4:C450       CALIB_LID           
 09D4:C448       CALIB_LIN           
 09D4:5238       CALIB_R0DN          
 09D4:5240       CALIB_R0W1          
 09D4:5248       CALIB_R0W1DN        
 09D4:5258       CALIB_R0W1R1        
 09D4:5260       CALIB_R0W1R1W0R0W1  
 09D4:5250       CALIB_R0W1W0DN      
 09D4:5268       CALIB_R1W0          
 09D4:5270       CALIB_R1W0DN        
 09D4:5278       CALIB_R1W0R0DN      
 09D4:5280       CALIB_R1W0W1        
 09D4:5288       CALIB_R1W0W1W0DN    
 09D4:5290       CALIB_SIZ           
 09D4:C43C       CALIB_UID           
 09D4:C434       CALIB_UIN           
 09D4:C428       CALIB_USF           
 09D4:C42E       CALIB_UTF           
 09D4:5230       CALIB_W0            
 09D4:110E       CB_VM_FLAGS         
 0000:3CC3       CHECK_82C302        
 0000:0E83       CHECK_ARGS          
 0000:48DE       CHECK_AST386        
 0000:63E3       CHECK_CANKEY        
 0000:03B0       CHECK_CNV           
 0000:4B80       CHECK_CPQ386        
 0000:00C2       CHECK_CPUID         
 0000:0190       CHECK_DEV           
 0000:07CC       CHECK_EISA_EXT      
 0000:06F9       CHECK_EISA_SHD      
 0000:2734       CHECK_FAULT         
 0000:49E4       CHECK_GRID          
 0000:2D36       CHECK_HALT          
 0000:4991       CHECK_HPRS          
 0000:9BF6       CHECK_I78           
 0000:9B98       CHECK_I92           
 0000:9C1A       CHECK_INFO          
 0000:4C46       CHECK_ITT           
 0000:0128       CHECK_KEYB          
 0000:2C95       CHECK_KEYS          
 0000:0356       CHECK_MAX           
 0000:0230       CHECK_MULBUG        
 0000:4ABD       CHECK_OLI           
 0000:02BA       CHECK_PHYS          
 0000:0A28       CHECK_PRVEXT        
 0000:4881       CHECK_QUAD386       
 0000:2716       CHECK_RHELP         
 0000:0AE7       CHECK_SCRN          
 0000:23BA       CHECK_SWAT          
 0000:56A8       CHECK_SX            
 0000:46A0       CHECK_SYS           
 0000:5396       CHECK_TIME          
 0000:4860       CHECK_TOSH          
 0000:2413       CHECK_VCPI          
 0000:0260       CHECK_VDS           
 0000:482B       CHECK_VLSI          
 0000:01B7       CHECK_VM86          
 0000:0CE9       CHECK_WIN3          
 0000:05B3       CHECK_XMEM          
 0000:04E6       CHECK_XMS           
 0000:0367       CHECK_XMSDRV        
 09D4:4E7A       CHEV_PAT            
 0000:3F30       CHKNDKEY            
 0000:383D       CLEAR_CONT          
 0000:5381       CLEAR_MEM           
 0000:2EFB       CLEAR_STATLIN       
 0000:33C9       CLEAR_STATUS        
 09D4:0472       CLRMODE             
 0000:1DCC       CLR_PARITY          
 09D4:B0C8       CMDARG_ACT          
 09D4:B090       CMDARG_LEN          
 09D4:B058       CMDARG_TAB          
 09D4:0570       CMD_FLAG            
 0000:4C8B       CMD_TOP384          
 09D4:045C       CMOSIZE             
 09D4:613E       CMPTAB              
 09D4:6132       CNTTAB              
 09D4:1316       CNT_FLAG            
 09D4:0476       CODESEG             
 09D4:040C       CON128K             
 09D4:0414       CON16M              
 09D4:0410       CON1M               
 09D4:0404       CON32K              
 09D4:0400       CON4K               
 09D4:1244       CON60               
 09D4:0408       CON64K              
 09D4:056C       CONSOLE             
 09D4:1250       CONTCNT             
 09D4:1248       CON_CLOCK           
 0000:50F4       COPY_MEMVAL         
 0000:2DA2       COUNTOUT            
 0000:2BD3       COUNT_CONT          
 09D4:2516       CPQMIO              
 09D4:118E       CPQ_CACHE           
 09D4:0482       CPUTYPE             
 09D4:04A7       CPYATTR             
 0000:9D40       CTAIL               
 09D4:51E0       CURLINE             
 09D4:51DC       CURPAGE             
 09D4:51E4       CURSOR_SHAPE        
 0000:5D19       D2WCALL             
 0000:0000       DATASEG             
 0000:0DB5       DATE2EPOCH          
 09D4:52E1       DATESEP             
 09D4:1024       DDS                 
 0000:22EE       DEBOUNCE            
 09D4:114E       DEBOUNCE_ARB        
 09D4:1148       DEBOUNCE_FVEC       
 09D4:1234       DECTIMER            
 09D4:048F       DEFATTR             
 0000:9AE3       DEFOUT              
 0000:9B1C       DEGATEA20           
 0000:5030       DISABLE_EGAROM      
 0000:14DF       DISABLE_SWAP        
 09D4:0557       DISATTR             
 0000:2EA9       DISP_ACTIV          
 0000:4098       DISP_ALLOC          
 0000:37A3       DISP_ASKBAS         
 0000:2E1F       DISP_ASKITEM        
 0000:3756       DISP_ASKSCR         
 0000:4169       DISP_BASE           
 0000:3894       DISP_BUTTON         
 0000:40CB       DISP_CLRSCR         
 0000:40F3       DISP_CPYSCR         
 0000:428C       DISP_CURPAT         
 0000:3394       DISP_ELAP           
 0000:3627       DISP_ERRB           
 0000:36A7       DISP_ERRD           
 0000:366D       DISP_ERRW           
 0000:30B8       DISP_ETA            
 0000:0D08       DISP_EXIT           
 0000:413B       DISP_HALT           
 0000:666B       DISP_HELP           
 0000:5A6C       DISP_HLPERR         
 0000:51DD       DISP_MEMSCR         
 0000:5205       DISP_MEMVAL         
 0000:3490       DISP_MEMWRK         
 0000:414B       DISP_MODE           
 0000:0F97       DISP_MSG            
 0000:3701       DISP_NMIERR         
 0000:2F78       DISP_OPERS          
 0000:304F       DISP_PROGRESS       
 0000:2F1D       DISP_PROGSCR        
 0000:4123       DISP_QUIT           
 0000:40B5       DISP_SCRN           
 0000:41A6       DISP_STATL          
 0000:2EE9       DISP_STATLIN        
 0000:4216       DISP_STATLZ         
 0000:37C5       DISP_STATSCR        
 0000:2F62       DISP_TEST           
 0000:0F6C       DISP_UNK            
 09D4:053F       DLGABHKATTR         
 09D4:0537       DLGABTNATTR         
 09D4:052F       DLGBATTR            
 09D4:053B       DLGBHKATTR          
 09D4:0533       DLGBTNATTR          
 09D4:0553       DLGEFATTR           
 09D4:054B       DLGEHATTR           
 09D4:054F       DLGENATTR           
 09D4:0543       DLGRBHKATTR         
 09D4:0547       DLGTHKATTR          
 09D4:4E5A       DLG_DISP            
 09D4:B1B4       DNTAB               
 09D4:046E       DOSVER              
 0000:64D5       DO_PRINT            
 09D4:0464       DPMIDRV_VEC         
 09D4:118F       DPMIMAX             
 09D4:1146       DPMIMSG             
 09D4:0483       DPMITERM            
 0000:1FBA       DPMI_ALLOC          
 09D4:10B2       DPMI_FMI            
 0000:20C1       DPMI_FREE           
 09D4:10E2       DPMI_PS             
 0000:21B9       DPMI_RESET          
 0000:5CB1       DPUT_A              
 0000:5C30       DPUT_C              
 0000:5BFC       DPUT_CA             
 09D4:4E7E       DPUT_CLIP           
 0000:5C66       DPUT_SCA            
 0000:5B77       DPUT_SZ             
 0000:5BB9       DPUT_SZA            
 0000:3F06       DRAINPIQ            
 0000:5E3A       DRAW_DBTN           
 0000:5D63       DRAW_DEDIT          
 0000:5F4C       DRAW_DLG            
 0000:5F4B       DRAW_DNONE          
 0000:5ECB       DRAW_DRADIO         
 0000:5D45       DRAW_DTEXT          
 0000:61EE       DRAW_SI             
 09D4:4E80       EDIT_FLAGS          
 09D4:5121       EDIT_FNAME          
 09D4:04CB       ELEVATTR            
 09D4:04E3       EMEMATTR            
 09D4:1161       EMMNAM2             
 09D4:116A       EMMNAM3             
 09D4:1173       EMMNAM4             
 09D4:117C       EMMNAM5             
 09D4:1158       EMMNAME             
 0000:3DBA       ENABLE8255          
 0000:3EAA       ENABLE_IRQS         
 0000:1D90       ENABLE_NMI          
 0000:150D       ENABLE_SWAP         
 0000:1036       ENTER_PM            
 0000:11B0       ENTER_PMSUB         
 0000:149F       ENTER_PMSUB2        
 09D4:1034       EPMTAB              
 09D4:B1C7       EPOCHTARG           
 09D4:049B       ERRATTR             
 09D4:135A       ERRDATA             
 09D4:1358       ERRDATACNT          
 0000:35AB       ERRLOG              
 09D4:1153       ERR_CODE            
 09D4:113C       ERR_FLAG            
 09D4:122C       ETATIMER            
 09D4:513D       ETXT_FNAME          
 0000:3A6A       FCN_ADVANCED        
 0000:3A7A       FCN_ALL             
 0000:3AE0       FCN_BW              
 0000:3D40       FCN_CNTCOM          
 0000:3AE9       FCN_COLOR           
 0000:3AF9       FCN_FULL            
 0000:3B66       FCN_HELP            
 0000:3BD4       FCN_HEX             
 0000:3DA8       FCN_K               
 0000:3BDD       FCN_LARGER          
 0000:3D0A       FCN_LNKIDM          
 0000:3D13       FCN_LNKINV          
 0000:3BEB       FCN_NODPMI          
 0000:3C19       FCN_NOEXIT          
 0000:3C21       FCN_NOPARITY        
 0000:3C2A       FCN_NOSCRUB         
 0000:3C02       FCN_NOVCPI          
 0000:3C33       FCN_NOXRAM          
 0000:3C58       FCN_QUICK           
 0000:3CC1       FCN_SHADOWRAM       
 0000:3C4A       FCN_SMALLER         
 0000:3CF8       FCN_TOP384          
 0000:3D1C       FCN_UNLIDM          
 0000:3D25       FCN_UNLINV          
 0000:3D2E       FCN_UNLSAF          
 0000:3D37       FCN_UNLTRN          
 0000:3DB1       FCN_VLSI            
 0000:541A       FILL_MEMVAL         
 0000:61D6       FIND_OBJ            
 09D4:C006       FMT_ASKCMDREM       
 0000:33E7       FMT_BLK             
 0000:0E0D       FMT_DMY             
 0000:34C5       FMT_DONE            
 0000:32EE       FMT_ELAP            
 0000:3314       FMT_ELAPSUB         
 0000:0E2F       FMT_HM              
 0000:5325       FMT_MEM             
 0000:59F7       FMT_PATTERNB        
 0000:5A43       FMT_PATTERND        
 0000:5A1D       FMT_PATTERNW        
 0000:574E       FMT_R0              
 0000:5778       FMT_R0DN            
 0000:57F6       FMT_R0W1            
 0000:587D       FMT_R0W1DN          
 0000:5820       FMT_R0W1R1          
 0000:584A       FMT_R0W1R1W0R0W1    
 0000:58FB       FMT_R0W1W0          
 0000:5925       FMT_R0W1W0DN        
 0000:57A2       FMT_R1              
 0000:57CC       FMT_R1DN            
 0000:58A7       FMT_R1W0            
 0000:58D1       FMT_R1W0DN          
 0000:59CD       FMT_R1W0R0DN        
 0000:594F       FMT_R1W0W1          
 0000:5979       FMT_R1W0W1DN        
 0000:59A3       FMT_R1W0W1W0DN      
 0000:56FA       FMT_W0              
 0000:5724       FMT_W1              
 09D4:13EB       FNGETKEY            
 09D4:13EA       FNGETKST            
 09D4:BD15       FRIDAY              
 0000:9B24       GATEA20             
 0000:3F37       GETKEY              
 0000:63C6       GETKEYXLT           
 0000:38C9       GET_ASKRESP         
 0000:6203       GET_DLG             
 0000:5ACD       GET_MEM             
 0000:2C8B       GET_MEMTIMER        
 0000:2BA5       GET_NEXTIND         
 0000:03EF       GET_TOPDOS          
 0000:0C7C       GIVEBACK            
 09D4:0474       GL2_FLAG            
 09D4:250E       GL3_FLAG            
 09D4:250C       GLB_FLAG            
 0000:1E39       GOREAL              
 09D4:A171       HELP_CMD            
 09D4:743C       HELP_CMDTTL         
 09D4:9E64       HELP_ERR            
 09D4:73F5       HELP_ERRTTL         
 09D4:A97C       HELP_MEM            
 09D4:7483       HELP_MEMTTL         
 09D4:AABD       HELP_MEM_ACT        
 09D4:A9E9       HELP_MEM_ADDR       
 09D4:AA76       HELP_MEM_EXP        
 09D4:7865       HELP_NAV            
 09D4:7320       HELP_NAVTTL         
 09D4:7511       HELP_NMI            
 09D4:74CA       HELP_NMITTL         
 09D4:757E       HELP_NMI_ADDR       
 09D4:88C2       HELP_OVR            
 09D4:7367       HELP_OVRTTL         
 09D4:51E2       HELP_STATE          
 09D4:9305       HELP_TST            
 09D4:73AE       HELP_TSTTTL         
 09D4:04FB       HERRATTR            
 09D4:13EC       HEXTABLE            
 09D4:04FF       HKEYATTR            
 09D4:7278       HLIN_SROW           
 09D4:04F3       HLPAATTR            
 09D4:C490       HLPACT              
 09D4:04EF       HLPATTR             
 09D4:04F7       HLPBATTR            
 09D4:4E38       HLPIND              
 09D4:4E48       HLPTOPIC            
 09D4:C45A       HLPVAL              
 09D4:0503       HLTATTR             
 0000:3878       HMS2SECDAY          
 09D4:047A       HPDASEG             
 09D4:4E3A       HTOPIND             
 09D4:04EB       HTTLATTR            
 09D4:731A       I78DATA             
 09D4:114F       IBV0                
 09D4:1150       IBV0Z               
 09D4:1151       IBV1                
 09D4:1152       IBV1Z               
 09D4:C4D4       IDENTIFY            
 0000:015E  Abs  IDENTIFY_LEN        
 09D4:C632       IDENT_CHK           
 09D4:1130       IDT_REAL            
 09D4:C4B0       IFEACT              
 09D4:C47A       IFEVAL              
 09D4:04DF       IMEMATTR            
 0000:3554       INCPTR              
 09D4:11A2       INFO                
 0000:0066  Abs  INFOSIZE            
 09D4:11A1       INFO_CTL            
 09D4:123C       INITIMER            
 0000:610E       INP_FOCBTN          
 0000:5FAB       INP_FOCEDIT         
 0000:5F82       INP_FOCNONE         
 0000:611F       INP_FOCRADIO        
 0000:5F84       INP_FOCTEXT         
 0000:077D       INST_INT15          
 0000:1F13       INST_TMPINT15       
 0000:1001       INT02               
 0000:2240       INT02_COM           
 0000:1006       INT08               
 0000:2316       INT08_COM           
 0000:1017       INT09               
 0000:2387       INT09_COM           
 0000:07BB       INT15               
 0000:1707       INT15PROT           
 0000:1F79       INT22               
 0000:07CB       INT23               
 0000:1028       INT24               
 0000:17AC       INTPROC             
 0000:17AC       INTPROC_COM         
 09D4:047C       INT_FLAG            
 09D4:130A       ITEMCNT             
 09D4:12CC       ITEMOPERS           
 09D4:12D8       ITEMPATCNT          
 09D4:128A       ITEM_LEN            
 0000:00F6       IZIT486             
 0000:0C45       IZITEGA             
 0000:0E68       IZITSEP             
 09D4:04B3       KEY2ATTR            
 09D4:04AF       KEYATTR             
 09D4:4E82       KEY_FLAGS           
 09D4:10F2       LACODE              
 09D4:10FA       LACR3               
 09D4:10F6       LADATA              
 09D4:10FE       LAPTE               
 09D4:B1CF       LASTDIFF            
 09D4:B18A       LASTKEY             
 09D4:1252       LAST_PTST           
 09D4:06B0       LCLGDT              
 09D4:0818       LCLIDT              
 0000:0800  Abs  LCLIDT_LEN          
 09D4:0200       LCLSTK              
 09D4:03FE       LCLSTKZ             
 09D4:104A       LCLTSS              
 09D4:45E0       LCL_ALCSIGN         
 09D4:45F5       LCL_CACHCTL1        
 09D4:45BF       LCL_EISASIGN        
 09D4:459C       LCL_ITTSIGN         
 09D4:4586       LCL_OLISIGN         
 09D4:45C3       LCL_PHOENIXSIGN     
 09D4:45DB       LCL_TANDYSIGN       
 09D4:7310       LNKIDM_ACT          
 09D4:7304       LNKINV_ACT          
 09D4:6E2C       LOGA                
 09D4:6E66       LOGB                
 09D4:6E86       LOGC                
 09D4:6E94       LOGD                
 09D4:6E7D       LOGDATE             
 09D4:6EB3       LOGE                
 09D4:6EE4       LOGF                
 09D4:6EF7       LOGF_H1             
 09D4:6F00       LOGF_H2             
 09D4:6EE9       LOGF_K1             
 09D4:6EF3       LOGF_K2             
 09D4:6F0F       LOGF_K3             
 09D4:6F14       LOGG                
 09D4:6E8B       LOGTIME             
 09D4:6F66       LOG_HALT            
 09D4:6F17       LOG_MEMERR          
 09D4:6F1C       LOG_MEMERR1         
 09D4:6F31       LOG_NMIERR          
 09D4:6F36       LOG_NMIERR1         
 09D4:6F4B       LOG_NOERR           
 0000:0C71       LOWERCASE           
 09D4:4558       MACHID              
 09D4:047E       MAPSEG_NXT          
 0000:91A9       MARCHBB             
 0000:979E       MARCHBD             
 0000:94A4       MARCHBW             
 0000:803A       MARCHCMB            
 0000:866C       MARCHCMD            
 0000:8354       MARCHCMW            
 0000:7912       MARCHXB             
 0000:7D7A       MARCHXD             
 0000:7B46       MARCHXW             
 0000:8A1A       MARCHYB             
 0000:8EC4       MARCHYD             
 0000:8C6F       MARCHYW             
 0000:6E3A       MATSPB              
 0000:7173       MATSPD              
 0000:7387       MATSPPB             
 0000:76E8       MATSPPD             
 0000:7539       MATSPPW             
 0000:6FD8       MATSPW              
 09D4:1112       MAXDEV_FVEC         
 09D4:055A       MAXNAME             
 09D4:0460       MAXSIZE             
 09D4:1224       MAXTIMER            
 09D4:4E31       MAXVSAPI            
 09D4:C4D0       MAX_FLAG            
 0000:0002       MD_FLAG             
 09D4:04CF       MEMATTR             
 0000:000A       MEMCHK              
 09D4:1254       MEMERRCNT           
 09D4:04D3       MEMHATTR            
 09D4:125C       MEMIND              
 09D4:125E       MEMITEM_LEN         
 09D4:4614       MEMITEM_SIZ         
 09D4:06A8       MEMTIMER            
 09D4:1258       MEMWRKIND           
 09D4:B1D6       MOLEN_TAB           
 09D4:BCF3       MONDAY              
 09D4:B19C       MOTAB               
 09D4:0428       MOVE_TAB            
 09D4:0493       MSGATTR             
 09D4:ADA5       MSG_ACHLP           
 09D4:6FC9       MSG_ADDR            
 09D4:5809       MSG_ADV             
 09D4:5884       MSG_ALLOC           
 0000:0016  Abs  MSG_ALLOC_LEN       
 09D4:6066       MSG_ASK             
 09D4:6067       MSG_ASK1            
 09D4:B5AF       MSG_ASKCLR          
 09D4:BDA6       MSG_ASKCMD          
 09D4:BE81       MSG_ASKCMDOPT       
 09D4:BFE9       MSG_ASKCMDREM       
 09D4:5CEE       MSG_ASKSCR1         
 09D4:5EB6       MSG_ASKSCR2         
 09D4:6121       MSG_ASK_CONT        
 09D4:4570       MSG_ASTCOPY         
 09D4:57EA       MSG_BASIC           
 09D4:64BE       MSG_BLKCLR          
 09D4:6F81       MSG_BYTERR          
 09D4:4F1F       MSG_CANCEL          
 09D4:72B4       MSG_CANCELLED       
 0000:001A  Abs  MSG_CANCELLED_LEN   
 09D4:B65A       MSG_CMDS            
 09D4:607F       MSG_CNT1            
 09D4:B1F0       MSG_COPY            
 09D4:569D       MSG_CPY             
 09D4:B5DC       MSG_CRLF            
 09D4:4F98       MSG_CRLF2           
 09D4:5830       MSG_DEC             
 09D4:646A       MSG_DONE            
 0000:0012  Abs  MSG_DONE_LEN        
 09D4:6FA5       MSG_DWORDERR        
 09D4:B5DF       MSG_EISA            
 09D4:6442       MSG_ELAP            
 0000:0016  Abs  MSG_ELAP_LEN        
 09D4:5BF0       MSG_ELEV            
 09D4:6B09       MSG_ETA_HR          
 09D4:6FD2       MSG_EXP             
 09D4:6FE4       MSG_EXP1            
 09D4:6FF3       MSG_EXP2            
 09D4:6FF5       MSG_EXP3            
 09D4:501A       MSG_FF              
 09D4:5CDA       MSG_FULLA           
 09D4:5CE4       MSG_FULLB           
 09D4:5790       MSG_HALT            
 09D4:6D88       MSG_HALTSCR         
 09D4:729A       MSG_HELEV           
 09D4:7104       MSG_HELP            
 09D4:585A       MSG_HEX             
 09D4:7060       MSG_HKEY            
 09D4:7012       MSG_HKEYERR         
 09D4:647C       MSG_INTR            
 0000:0012  Abs  MSG_INTR_LEN        
 09D4:5B07       MSG_MEMATTR         
 09D4:4E18       MSG_MEMCLR          
 09D4:5C0A       MSG_MEMEND0         
 09D4:5C23       MSG_MEMEND1         
 09D4:5298       MSG_MEMERR          
 09D4:529E       MSG_MEMERR1         
 0000:001A  Abs  MSG_MEMERR_LEN      
 09D4:5A26       MSG_MEMLIN          
 09D4:58BA       MSG_MEMSCR          
 09D4:B50D       MSG_MULBUG          
 09D4:52B2       MSG_NMIERR          
 09D4:52B8       MSG_NMIERR1         
 09D4:6FB8       MSG_NMIERROR        
 0000:001A  Abs  MSG_NMIERR_LEN      
 09D4:BD76       MSG_NOA             
 09D4:BD80       MSG_NOB             
 09D4:52CC       MSG_NOERR           
 0000:0015  Abs  MSG_NOERR_LEN       
 09D4:B583       MSG_NOMEM           
 09D4:B268       MSG_NOT386          
 09D4:B3C8       MSG_NOTVM           
 09D4:4F1C       MSG_OK              
 09D4:4F68       MSG_OUAFILE         
 09D4:4F5A       MSG_OUFILE          
 09D4:4F4E       MSG_OUPRINT         
 09D4:B63F       MSG_OVF             
 09D4:BC94       MSG_PAK             
 09D4:6B2A       MSG_PBAR            
 09D4:4F98       MSG_PHEADER         
 09D4:BD8A       MSG_PPA             
 09D4:BD98       MSG_PPB             
 09D4:4ED0       MSG_PRINT1          
 09D4:4ED8       MSG_PRINT2          
 09D4:4EE6       MSG_PRINT3          
 09D4:4EF5       MSG_PRINT4          
 09D4:4EFF       MSG_PRINT5          
 09D4:4F7D       MSG_PRINTC1         
 09D4:4F87       MSG_PRINTC2         
 09D4:68FE       MSG_PROGSCR         
 09D4:B4C2       MSG_PRVEXT          
 09D4:6CB2       MSG_PTSTALL         
 09D4:6C8C       MSG_PTSTCMP         
 09D4:6CD8       MSG_PTSTERR         
 09D4:6B82       MSG_PTSTFULL        
 09D4:6D24       MSG_PTSTGET         
 09D4:6D4A       MSG_PTSTINI         
 09D4:6CFE       MSG_PTSTINT         
 09D4:6C40       MSG_PTSTLID         
 09D4:6BF4       MSG_PTSTLIN         
 09D4:6B5C       MSG_PTSTQUIK        
 09D4:6BA8       MSG_PTSTSAF         
 09D4:6BCE       MSG_PTSTTF          
 09D4:6C66       MSG_PTSTUID         
 09D4:6C1A       MSG_PTSTUIN         
 09D4:BD25       MSG_QMTDAT          
 09D4:455E       MSG_QUADCOPY        
 09D4:5CC4       MSG_QUICKA          
 09D4:5CCF       MSG_QUICKB          
 09D4:573F       MSG_QUIT            
 09D4:533D       MSG_R0              
 09D4:5356       MSG_R0A             
 09D4:5362       MSG_R0B             
 09D4:536A       MSG_R0W1            
 09D4:5383       MSG_R0W1A           
 09D4:538F       MSG_R0W1B           
 09D4:5397       MSG_R0W1R1          
 09D4:53B0       MSG_R0W1R1A         
 09D4:53BC       MSG_R0W1R1B         
 09D4:53C4       MSG_R0W1R1W0R0W1    
 09D4:5401       MSG_R0W1R1W0R0W1A   
 09D4:540D       MSG_R0W1R1W0R0W1B   
 09D4:53E8       MSG_R0W1R1W0R0W1Z   
 0000:0024  Abs  MSG_R0W1R1W0R0W1_LEN1
 0000:002D  Abs  MSG_R0W1R1W0R0W1_LEN2
 0000:002D  Abs  MSG_R0W1R1_LEN      
 09D4:5415       MSG_R0W1W0          
 09D4:542E       MSG_R0W1W0A         
 09D4:543A       MSG_R0W1W0B         
 0000:002D  Abs  MSG_R0W1W0_LEN      
 0000:002D  Abs  MSG_R0W1_LEN        
 0000:002D  Abs  MSG_R0_LEN          
 09D4:5442       MSG_R1              
 09D4:545B       MSG_R1A             
 09D4:5467       MSG_R1B             
 09D4:546F       MSG_R1W0            
 09D4:5488       MSG_R1W0A           
 09D4:5494       MSG_R1W0B           
 09D4:549C       MSG_R1W0R0          
 09D4:54B5       MSG_R1W0R0A         
 09D4:54C1       MSG_R1W0R0B         
 0000:002D  Abs  MSG_R1W0R0_LEN      
 09D4:54C9       MSG_R1W0W1          
 09D4:54E2       MSG_R1W0W1A         
 09D4:54EE       MSG_R1W0W1B         
 09D4:54F6       MSG_R1W0W1W0        
 09D4:550F       MSG_R1W0W1W0A       
 09D4:551B       MSG_R1W0W1W0B       
 0000:002D  Abs  MSG_R1W0W1W0_LEN    
 0000:002D  Abs  MSG_R1W0W1_LEN      
 0000:002D  Abs  MSG_R1W0_LEN        
 0000:002D  Abs  MSG_R1_LEN          
 09D4:64EC       MSG_SCROLL          
 09D4:B60F       MSG_SEP             
 09D4:23AC       MSG_SHD1            
 09D4:61BA       MSG_STATSCR         
 09D4:4559       MSG_TOSHSIGN        
 09D4:5CB5       MSG_TOT             
 0000:0006  Abs  MSG_TOT_LEN         
 09D4:B5F7       MSG_UNK             
 09D4:BCB1       MSG_UNSCHED         
 09D4:BCD3       MSG_UNSCHED_DATE    
 09D4:B629       MSG_VAL             
 09D4:52E3       MSG_W0              
 09D4:52FC       MSG_W0A             
 09D4:5308       MSG_W0B             
 0000:002D  Abs  MSG_W0_LEN          
 09D4:5310       MSG_W1              
 09D4:5329       MSG_W1A             
 09D4:5335       MSG_W1B             
 0000:002D  Abs  MSG_W1_LEN          
 09D4:4F3A       MSG_WHALL           
 09D4:4F26       MSG_WHTHIS          
 09D4:B2A7       MSG_WIN3            
 09D4:6F93       MSG_WORDERR         
 09D4:C634       MSG_XINST           
 09D4:B440       MSG_XMEM            
 09D4:B47F       MSG_XMEM1           
 09D4:B490       MSG_XMEM2           
 09D4:B4BE       MSG_XMEMSEED        
 09D4:BD62       MSG_YESA            
 09D4:BD6C       MSG_YESB            
 09D4:0418       MUL_ARG1            
 09D4:041C       MUL_ARG2            
 09D4:0420       MUL_PROD            
 0000:001C  Abs  NCMDARGS            
 09D4:1106       NEXTPTE             
 09D4:4610       NMEMVAL             
 09D4:1136       NMIADDR             
 09D4:1256       NMIERRCNT           
 09D4:113A       NMIOFF              
 09D4:B18C       NUMBERS_LO          
 09D4:121C       NUMOPERS            
 09D4:1020       OLDCR0              
 09D4:113E       OLDCUR              
 09D4:13E8       OLDIMR1             
 09D4:13E9       OLDIMR2             
 0000:00A5       OLDINT15_VEC        
 0000:00A9       OLDINT22_VEC        
 09D4:1198       OLDINT24            
 09D4:119C       OLDINT67            
 09D4:140C       OLDSCR              
 0000:0FF5       OLDSTK_VEC          
 09D4:1154       OLDSWAP_CNT         
 0000:0FF9       OLDTMPINT15_VEC     
 09D4:1140       OLDTYP              
 0000:50AD       OLI_RESET           
 09D4:10EE       P2L_ADDR            
 09D4:10EA       P2L_HNDL            
 09D4:10E6       P2L_SIZE            
 09D4:1102       PACR3               
 09D4:5C3D       PAMEM               
 09D4:12FA       PATCNT              
 09D4:12FC       PATOFF              
 09D4:12B8       PATXT1              
 09D4:6124       PATXT2              
 09D4:12C0       PATXT3              
 09D4:12BC       PBTXT1              
 09D4:6124       PBTXT2              
 09D4:12C6       PBTXT3              
 09D4:45FD       PCACHCTL            
 09D4:730C       PCALIB_LID          
 09D4:7300       PCALIB_LIN          
 09D4:72F4       PCALIB_UID          
 09D4:72E8       PCALIB_UIN          
 09D4:72D0       PCALIB_USF          
 09D4:72DC       PCALIB_UTF          
 09D4:4E6A       PFNFOCUS            
 09D4:51DE       PHANDLE             
 09D4:51DA       PHLPCNT             
 09D4:51D8       PHLPIND             
 09D4:5220       PHTOPTTL            
 09D4:0458       PHYSIZE             
 09D4:C664       PIDENT              
 09D4:1340       PLERR               
 0000:63FF       PLINE_SUB           
 0000:223B       PMEXC02             
 0000:2216       PMHALT              
 0000:2236       PMINT02             
 0000:22F0       PMINT08             
 09D4:1124       PMINT08_FVEC        
 0000:2303       PMINT09             
 09D4:112A       PMINT09_FVEC        
 0000:220A       PMINT23             
 09D4:1118       PMI_FVEC            
 09D4:111E       PMONSTK_FVEC        
 09D4:4E56       PMSG_HKEY           
 09D4:5C08       PMSG_MEMEND         
 09D4:6D70       PMSG_PTST           
 09D4:0000       PMSTK               
 09D4:01FE       PMSTKZ              
 0000:2222       PMZAP               
 09D4:11C6       PORT67              
 0000:3DF8       PPI_K2S             
 0000:3DD1       PPI_S2C             
 0000:3DE0       PPI_S2C_K2S         
 0000:9AE4       PPI_S2C_S2K         
 0000:3DE9       PPI_S2K             
 0000:3E03       PPI_S2K_K2S         
 09D4:04C3       PRG1ATTR            
 09D4:04C7       PRG2ATTR            
 09D4:04BF       PRGATTR             
 09D4:4EB8       PRINTCANDLG         
 09D4:4E84       PRINTDLG            
 0000:642B       PRINT_LINE          
 09D4:124E       PROGPCT             
 09D4:0563       PROT_NAME           
 09D4:0478       PSPSEG              
 0000:002C       PSP_ENVIR_PTR       
 0000:0080       PSP_PARM_COUNT      
 0000:0081       PSP_PARM_STRING     
 0000:000A       PSP_TERMINATE       
 0000:9AF1       PULSE8042           
 0000:3F1D       PURGE_KBUFF         
 09D4:4E58       PW_HKEY             
 09D4:0623       QMTDIR              
 09D4:0572       QMTLOGPATH          
 09D4:06A3       QMT_STEM            
 09D4:50D1       RAD_OUTPUT          
 09D4:5095       RAD_WHAT            
 09D4:510D       RBTN_OUAFILE        
 09D4:50F9       RBTN_OUFILE         
 09D4:50E5       RBTN_OUPRINT        
 09D4:50BD       RBTN_WHALL          
 09D4:50A9       RBTN_WHTHIS         
 09D4:12E4       RCNT                
 0000:1DF9       READA20             
 0000:9AFE       READ_IRR            
 09D4:12F2       REG0DN              
 09D4:12EA       REG0UP              
 09D4:12F6       REG1DN              
 09D4:12EE       REG1UP              
 0000:00AD       REMAPSEG_NXT        
 0000:3EE8       REST_IMR            
 0000:4049       REST_SCR            
 0000:1F3A       REST_TMPINT15       
 0000:2635       RMPAGE              
 09D4:BD1C       SATURDAY            
 0000:0740       SAVE_FN88           
 0000:3EC9       SAVE_IMR            
 0000:4026       SAVE_SCR            
 0000:4CDE       SAVE_SHADOW         
 0000:4F6E       SAVE_XSHADOW        
 09D4:05F2       SAV_ASKCMDOPT       
 0000:3168       SCALE_DOWN          
 09D4:51D4       SCRCNT              
 09D4:0488       SCRNTYPE            
 09D4:51D0       SCRSAVE             
 09D4:B1CB       SECTARG             
 09D4:1157       SECTIMER            
 09D4:1142       SEL_4GB             
 09D4:1144       SEL_ALIAS           
 0000:0FFD       SEL_DATA            
 0000:3E7E       SEND_OUT            
 0000:5D05       SETCSR              
 0000:1692       SETUP_EPM           
 0000:1525       SETUP_GDT           
 0000:16D6       SETUP_IDT           
 0000:165C       SETUP_TSS           
 0000:2BDE       SET_ASKCOUNT        
 0000:2DD1       SET_BARATTR         
 0000:0BCE       SET_COLOR           
 0000:2E0D       SET_COMPLETE        
 0000:1602       SET_GDT             
 09D4:04B7       SHD1ATTR            
 09D4:04BB       SHD2ATTR            
 09D4:2550       SHDCNT              
 09D4:2552       SHDIND              
 09D4:254C       SHDSIZE             
 09D4:2554       SHDTAB              
 09D4:C4BE       SIFEACT             
 09D4:C488       SIFEVAL             
 0000:0FB8       SKIP_WHITE          
 0000:53B7       SORT_MEMVAL         
 0000:5074       SRCHSTR             
 09D4:04CF       STATATTR            
 09D4:04D3       STATHATTR           
 09D4:0527       STATLATTR           
 09D4:0523       STATTATTR           
 0000:176F       STOREINT            
 0000:5CE6       STRLEN              
 09D4:BCEC       SUNDAY              
 0000:229E       SWAP_NMI            
 0000:2D1B       SWITCH_COLOR        
 0000:2C70       SWITCH_MODE         
 09D4:1185       SWTNAME             
 09D4:2510       SYS_FLAG            
 0000:913D       TEST_LNKIDM         
 0000:89AE       TEST_LNKINV         
 0000:7FCE       TEST_UNLIDM         
 0000:78A6       TEST_UNLINV         
 0000:6DCE       TEST_UNLSAF         
 0000:731B       TEST_UNLTRN         
 09D4:BD0C       THURSDAY            
 09D4:4616       TIMECNT             
 09D4:061F       TIMEPREFIX          
 0000:6DA7       TIMER_READ          
 0000:6D85       TIMER_RESTORE       
 0000:6D63       TIMER_SETUP         
 09D4:52E2       TIMESEP             
 09D4:4618       TIMETAB             
 09D4:04E7       TMEMATTR            
 09D4:B1D4       TMPIND              
 0000:1F4C       TMPINT15            
 0000:23B9       TMPINT67            
 09D4:1214       TMPOPERS            
 09D4:0470       TOPFILL             
 09D4:251A       TOP_GDT             
 09D4:254A       TOP_MIO             
 0000:4FCF       TOP_WRITE           
 09D4:120C       TOTOPERS            
 09D4:4604       TSTSIZEB            
 09D4:460C       TSTSIZED            
 09D4:4608       TSTSIZEW            
 09D4:04A3       TTLATTR             
 09D4:BCFA       TUESDAY             
 09D4:501B       TXT_PRINT1          
 09D4:5023       TXT_PRINT2          
 09D4:502B       TXT_PRINT3          
 09D4:5033       TXT_PRINT4          
 09D4:503B       TXT_PRINT5          
 09D4:5043       TXT_PRINTC1         
 09D4:504B       TXT_PRINTC2         
 09D4:72F8       UNLIDM_ACT          
 09D4:72EC       UNLINV_ACT          
 09D4:72D4       UNLSAF_ACT          
 09D4:72E0       UNLTRN_ACT          
 0000:0FAD       UPPERCASE           
 0000:08D9       VALIDATE_EISAMEM    
 09D4:1208       VCPIDBG_VER         
 0000:0323  Abs  VER                 
 0000:0008  Abs  VERH                
 0000:0003  Abs  VERL                
 0000:0020  Abs  VERSLTR1            
 0000:00CD  Abs  VERSLTR2            
 0000:0038  Abs  VERS_H              
 0000:0803  Abs  VERS_HTU            
 0000:0030  Abs  VERS_T              
 0000:0033  Abs  VERS_U              
 09D4:0468       VIDBASE_FVEC        
 0000:4081       VIDB_LINEAR         
 0000:406C       VIDB_SEGOFF         
 09D4:0558       VIDMODE1            
 09D4:0559       VIDMODE2            
 09D4:1196       VLSI_CSIZE          
 09D4:110A       VMHANDLE            
 0000:21EB       VMINT23             
 0000:0FFF       VMINTFN             
 0000:1765       VMINTFN1            
 0000:1768       VMINTFN2            
 09D4:101C       VMINT_VEC           
 09D4:1018       VMVSAPI_VEC         
 0000:3E1B       WAITIBUF_CLR        
 0000:3E6B       WAITOBUF_CLR        
 0000:3E52       WAITOBUF_SET        
 09D4:BD02       WEDNESDAY           
 0000:0DB3       WEEKDAYS            
 0000:432E       WGET_A              
 0000:42E8       WGET_C              
 0000:4374       WGET_CA             
 09D4:04D7       WMEMATTR            
 0000:5692       WORD_MEMVAL         
 0000:4432       WPUT_A              
 0000:446F       WPUT_ASC            
 0000:5AF6       WPUT_BOX            
 0000:43B9       WPUT_C              
 0000:43F6       WPUT_CA             
 0000:44B5       WPUT_CSA            
 0000:4530       WPUT_SA             
 0000:44F7       WPUT_SC             
 0000:4569       WPUT_SCA            
 0000:459D       WPUT_SHD1           
 0000:461B       WPUT_SHD1_SUB       
 0000:4646       WPUT_SHD2           
 0000:3A52       WRITESTR            
 09D4:0497       WRKATTR             
 0000:42B9       WSETUP              
 09D4:568D       W_AAR               
 09D4:C032       W_ACHLP             
 09D4:614A       W_ASK               
 09D4:BD4A       W_ASKCMD            
 09D4:BD52       W_ASKCMDBACK        
 09D4:BD5A       W_ASKCMDREM         
 09D4:5CBC       W_ASKSCR1           
 09D4:5EAE       W_ASKSCR2           
 09D4:5828       W_BASE              
 09D4:5685       W_CPY               
 09D4:6438       W_CURPAT            
 09D4:5BF8       W_EBOX              
 09D4:6AF6       W_ELAP1             
 09D4:6AFE       W_ELAP2             
 09D4:5BE8       W_ELEV              
 09D4:6B12       W_ETA1              
 09D4:6B1A       W_ETA2              
 09D4:6E24       W_HALT              
 09D4:727A       W_HASK              
 09D4:72AC       W_HEBOX             
 09D4:7292       W_HELEV             
 09D4:70FC       W_HELP              
 09D4:6FFA       W_HKEY              
 09D4:7002       W_HKEYERR           
 09D4:700A       W_HKEYF2            
 09D4:7270       W_HLIN              
 09D4:7282       W_HSCR              
 09D4:728A       W_HTTL              
 09D4:5695       W_KEY               
 09D4:5C00       W_MEMEND            
 09D4:58B2       W_MEMH              
 09D4:58A2       W_MEMLIN            
 09D4:589A       W_MEMSCR            
 09D4:58AA       W_MEMWRK            
 09D4:57E2       W_MODE              
 09D4:6B22       W_PBAR              
 09D4:68F6       W_PROG              
 09D4:6D80       W_PTST              
 09D4:619A       W_SCROLL            
 09D4:1404       W_SHD               
 09D4:61A2       W_STATH1            
 09D4:61AA       W_STATH2            
 09D4:61B2       W_STATH3            
 09D4:6192       W_STATL             
 09D4:618A       W_STATSCR           
 09D4:13FC       W_TMP               
 09D4:23FC       XDDS                
 0000:0006       XMSDRV_VEC          
 09D4:0480       XMSZLEN             
 09D4:0485       XMS_GETXMB          
 09D4:0484       XMS_QRYXMB          
 09D4:0486       XMS_XLATFLAGS       
 09D4:3554       XSHDCNT             
 09D4:3556       XSHDIND             
 09D4:3558       XSHDTAB             
 09D4:124C       ZAPOFF              
 0000:3821       ZAPREST             
 0000:260F       ZERO_PAGE           
 09D4:648E       ZMSG_BLK            
 09D4:6490       ZMSG_BLK1           
 09D4:64A1       ZMSG_BLK3           
 09D4:64AA       ZMSG_BLK4           
 09D4:64B9       ZMSG_BLK5           
 09D4:5523       ZMSG_CURPATB        
 09D4:5533       ZMSG_CURPATB1       
 0000:0016  Abs  ZMSG_CURPATB_LEN    
 09D4:555B       ZMSG_CURPATD        
 09D4:556B       ZMSG_CURPATD1       
 0000:002E  Abs  ZMSG_CURPATD_LEN    
 09D4:553B       ZMSG_CURPATW        
 09D4:554B       ZMSG_CURPATW1       
 0000:001E  Abs  ZMSG_CURPATW_LEN    
 09D4:6440       ZMSG_ELAP           
 09D4:644F       ZMSG_ELAP1          
 09D4:6458       ZMSG_ELAP_DONE      
 09D4:644F       ZMSG_ELAP_HR        
 0000:0000  Abs  ZMSG_ELAP_HR_LEN    
 0000:0003  Abs  ZMSG_ELAP_MIN_LEN   
 0000:0006  Abs  ZMSG_ELAP_SEC_LEN   
 09D4:5656       ZMSG_LNKIDM         
 09D4:5628       ZMSG_LNKINV         
 09D4:55F7       ZMSG_UNLIDM         
 09D4:55C7       ZMSG_UNLINV         
 09D4:558B       ZMSG_UNLSAF         
 09D4:55A8       ZMSG_UNLTRN         
 09D4:C668       ZTAIL               

  Address         Publics by Value

 0000:0000  Abs  @HELP_NONE          
 0000:0000       DATASEG             
 0000:0000  Abs  ZMSG_ELAP_HR_LEN    
 0000:0001  Abs  @HELP_TOPICS        
 0000:0002  Abs  @HELP_SCREEN        
 0000:0002  Abs  @MEMLIN_SCOL        
 0000:0002       MD_FLAG             
 0000:0003  Abs  @HELEV_SROW         
 0000:0003  Abs  @HTXT_SCOL          
 0000:0003  Abs  @HTXT_SROW          
 0000:0003  Abs  BINVERS_TU          
 0000:0003  Abs  VERL                
 0000:0003  Abs  ZMSG_ELAP_MIN_LEN   
 0000:0005  Abs  @HLIN_LEN           
 0000:0005  Abs  @HLPIND_MEM         
 0000:0006  Abs  @ASKITEM_LEN        
 0000:0006  Abs  @HLPIND_NMI         
 0000:0006  Abs  MSG_TOT_LEN         
 0000:0006       XMSDRV_VEC          
 0000:0006  Abs  ZMSG_ELAP_SEC_LEN   
 0000:0008  Abs  @ELEV_NROW          
 0000:0008  Abs  @MEMITEM_LEN        
 0000:0008  Abs  BINVERS_H           
 0000:0008  Abs  VERH                
 0000:000A       MEMCHK              
 0000:000A       PSP_TERMINATE       
 0000:000B  Abs  @ASKCMD_SREMROW     
 0000:000B  Abs  @HERR_NROW          
 0000:000B  Abs  @STATLIN_NROW       
 0000:000C  Abs  @HNMI_NROW          
 0000:000C  Abs  @STATLIN_SROW       
 0000:000D  Abs  @ELEV_SROW          
 0000:000D  Abs  @MEMLIN_SROW        
 0000:000F  Abs  @HMEM_NROW          
 0000:0010  Abs  @ACHLP_NROW         
 0000:0012  Abs  @HELEV_NROW         
 0000:0012  Abs  @HTXT_NROW          
 0000:0012  Abs  MSG_DONE_LEN        
 0000:0012  Abs  MSG_INTR_LEN        
 0000:0015  Abs  MSG_NOERR_LEN       
 0000:0016  Abs  MSG_ALLOC_LEN       
 0000:0016  Abs  MSG_ELAP_LEN        
 0000:0016  Abs  ZMSG_CURPATB_LEN    
 0000:0017  Abs  @STATLIN_END        
 0000:0019  Abs  @MEMLIN_NCOL        
 0000:001A  Abs  MSG_CANCELLED_LEN   
 0000:001A  Abs  MSG_MEMERR_LEN      
 0000:001A  Abs  MSG_NMIERR_LEN      
 0000:001C  Abs  NCMDARGS            
 0000:001D  Abs  @HCMD_NROW          
 0000:001E  Abs  ZMSG_CURPATW_LEN    
 0000:0020  Abs  VERSLTR1            
 0000:0024  Abs  @MSG_QMTDAT_LEN     
 0000:0024  Abs  MSG_R0W1R1W0R0W1_LEN1
 0000:0025  Abs  @HOVR_NROW          
 0000:0029  Abs  @HTST_NROW          
 0000:002B  Abs  @ACHLP_NCOL         
 0000:002C       PSP_ENVIR_PTR       
 0000:002D  Abs  @LEN_ASKCMDOPT      
 0000:002D  Abs  MSG_R0W1R1W0R0W1_LEN2
 0000:002D  Abs  MSG_R0W1R1_LEN      
 0000:002D  Abs  MSG_R0W1W0_LEN      
 0000:002D  Abs  MSG_R0W1_LEN        
 0000:002D  Abs  MSG_R0_LEN          
 0000:002D  Abs  MSG_R1W0R0_LEN      
 0000:002D  Abs  MSG_R1W0W1W0_LEN    
 0000:002D  Abs  MSG_R1W0W1_LEN      
 0000:002D  Abs  MSG_R1W0_LEN        
 0000:002D  Abs  MSG_R1_LEN          
 0000:002D  Abs  MSG_W0_LEN          
 0000:002D  Abs  MSG_W1_LEN          
 0000:002E  Abs  ZMSG_CURPATD_LEN    
 0000:002F  Abs  @STATLIN_NCOL       
 0000:0030  Abs  BETA_H              
 0000:0030  Abs  BETA_T              
 0000:0030  Abs  VERS_T              
 0000:0033  Abs  BETA_U              
 0000:0033  Abs  VERS_U              
 0000:0038  Abs  VERS_H              
 0000:003B  Abs  @HNAV_NROW          
 0000:0047  Abs  @HCMD_NCOL          
 0000:0047  Abs  @HERR_NCOL          
 0000:0047  Abs  @HMEM_NCOL          
 0000:0047  Abs  @HNAV_NCOL          
 0000:0047  Abs  @HNMI_NCOL          
 0000:0047  Abs  @HOVR_NCOL          
 0000:0047  Abs  @HTST_NCOL          
 0000:0047  Abs  @HTXT_NCOL          
 0000:0066  Abs  INFOSIZE            
 0000:006C  Abs  @MSG_LARGE          
 0000:0073  Abs  @MSG_SMALL          
 0000:0080  Abs  @XSHDTAB_LEN        
 0000:0080       PSP_PARM_COUNT      
 0000:0081       PSP_PARM_STRING     
 0000:00A5       OLDINT15_VEC        
 0000:00A9       OLDINT22_VEC        
 0000:00AD       REMAPSEG_NXT        
 0000:00C2       CHECK_CPUID         
 0000:00CD  Abs  VERSLTR2            
 0000:00F6       IZIT486             
 0000:011B  Abs  @KEY_HALT           
 0000:0128       CHECK_KEYB          
 0000:015E  Abs  IDENTIFY_LEN        
 0000:0190       CHECK_DEV           
 0000:01B7       CHECK_VM86          
 0000:0230       CHECK_MULBUG        
 0000:0260       CHECK_VDS           
 0000:02BA       CHECK_PHYS          
 0000:0323  Abs  VER                 
 0000:0356       CHECK_MAX           
 0000:0367       CHECK_XMSDRV        
 0000:03B0       CHECK_CNV           
 0000:03EF       GET_TOPDOS          
 0000:04E6       CHECK_XMS           
 0000:05B3       CHECK_XMEM          
 0000:06F9       CHECK_EISA_SHD      
 0000:0740       SAVE_FN88           
 0000:077D       INST_INT15          
 0000:07BB       INT15               
 0000:07CB       INT23               
 0000:07CC       CHECK_EISA_EXT      
 0000:0800  Abs  LCLIDT_LEN          
 0000:0803  Abs  VERS_HTU            
 0000:08D9       VALIDATE_EISAMEM    
 0000:09A9       BIOS_BLOCK_MOVE     
 0000:0A28       CHECK_PRVEXT        
 0000:0AE7       CHECK_SCRN          
 0000:0BCE       SET_COLOR           
 0000:0C45       IZITEGA             
 0000:0C71       LOWERCASE           
 0000:0C7C       GIVEBACK            
 0000:0CE9       CHECK_WIN3          
 0000:0D08       DISP_EXIT           
 0000:0DB3       WEEKDAYS            
 0000:0DB5       DATE2EPOCH          
 0000:0DF9       BYTE2DEC            
 0000:0E0D       FMT_DMY             
 0000:0E2F       FMT_HM              
 0000:0E68       IZITSEP             
 0000:0E83       CHECK_ARGS          
 0000:0F6C       DISP_UNK            
 0000:0F97       DISP_MSG            
 0000:0FAD       UPPERCASE           
 0000:0FB8       SKIP_WHITE          
 0000:0FC5       BASE2BIN            
 0000:0FF5       OLDSTK_VEC          
 0000:0FF9       OLDTMPINT15_VEC     
 0000:0FFD       SEL_DATA            
 0000:0FFF       VMINTFN             
 0000:1001       INT02               
 0000:1006       INT08               
 0000:1017       INT09               
 0000:1028       INT24               
 0000:1036       ENTER_PM            
 0000:11B0       ENTER_PMSUB         
 0000:149F       ENTER_PMSUB2        
 0000:14DF       DISABLE_SWAP        
 0000:150D       ENABLE_SWAP         
 0000:1525       SETUP_GDT           
 0000:1602       SET_GDT             
 0000:165C       SETUP_TSS           
 0000:1692       SETUP_EPM           
 0000:16D6       SETUP_IDT           
 0000:1707       INT15PROT           
 0000:1765       VMINTFN1            
 0000:1768       VMINTFN2            
 0000:176F       STOREINT            
 0000:17AC       INTPROC             
 0000:17AC       INTPROC_COM         
 0000:1D90       ENABLE_NMI          
 0000:1DCC       CLR_PARITY          
 0000:1DF9       READA20             
 0000:1E39       GOREAL              
 0000:1EEE       ACT_XPM             
 0000:1F13       INST_TMPINT15       
 0000:1F3A       REST_TMPINT15       
 0000:1F4C       TMPINT15            
 0000:1F79       INT22               
 0000:1FBA       DPMI_ALLOC          
 0000:20C1       DPMI_FREE           
 0000:21B9       DPMI_RESET          
 0000:21EB       VMINT23             
 0000:220A       PMINT23             
 0000:2216       PMHALT              
 0000:2222       PMZAP               
 0000:2236       PMINT02             
 0000:223B       PMEXC02             
 0000:2240       INT02_COM           
 0000:229E       SWAP_NMI            
 0000:22EE       DEBOUNCE            
 0000:22F0       PMINT08             
 0000:2303       PMINT09             
 0000:2316       INT08_COM           
 0000:2387       INT09_COM           
 0000:23B9       TMPINT67            
 0000:23BA       CHECK_SWAT          
 0000:2413       CHECK_VCPI          
 0000:260F       ZERO_PAGE           
 0000:2635       RMPAGE              
 0000:2716       CHECK_RHELP         
 0000:2734       CHECK_FAULT         
 0000:2AF3       ASK_COMPLETE        
 0000:2BA5       GET_NEXTIND         
 0000:2BD3       COUNT_CONT          
 0000:2BDE       SET_ASKCOUNT        
 0000:2C70       SWITCH_MODE         
 0000:2C8B       GET_MEMTIMER        
 0000:2C95       CHECK_KEYS          
 0000:2D1B       SWITCH_COLOR        
 0000:2D36       CHECK_HALT          
 0000:2D4A       ASK_HALT            
 0000:2DA2       COUNTOUT            
 0000:2DD1       SET_BARATTR         
 0000:2E0D       SET_COMPLETE        
 0000:2E1F       DISP_ASKITEM        
 0000:2EA9       DISP_ACTIV          
 0000:2EE9       DISP_STATLIN        
 0000:2EFB       CLEAR_STATLIN       
 0000:2F1D       DISP_PROGSCR        
 0000:2F62       DISP_TEST           
 0000:2F78       DISP_OPERS          
 0000:304F       DISP_PROGRESS       
 0000:30B8       DISP_ETA            
 0000:311B       CALC_PCT            
 0000:3168       SCALE_DOWN          
 0000:317A       CALC_NOPERS         
 0000:32C6       ADD_TMPOPERS        
 0000:32EE       FMT_ELAP            
 0000:3314       FMT_ELAPSUB         
 0000:3394       DISP_ELAP           
 0000:33C9       CLEAR_STATUS        
 0000:33E7       FMT_BLK             
 0000:3490       DISP_MEMWRK         
 0000:34C5       FMT_DONE            
 0000:352D       CALC_PTST           
 0000:3554       INCPTR              
 0000:35AB       ERRLOG              
 0000:3627       DISP_ERRB           
 0000:366D       DISP_ERRW           
 0000:36A7       DISP_ERRD           
 0000:3701       DISP_NMIERR         
 0000:3756       DISP_ASKSCR         
 0000:37A3       DISP_ASKBAS         
 0000:37C5       DISP_STATSCR        
 0000:3821       ZAPREST             
 0000:383D       CLEAR_CONT          
 0000:3878       HMS2SECDAY          
 0000:3894       DISP_BUTTON         
 0000:38C9       GET_ASKRESP         
 0000:3A52       WRITESTR            
 0000:3A6A       FCN_ADVANCED        
 0000:3A7A       FCN_ALL             
 0000:3AE0       FCN_BW              
 0000:3AE9       FCN_COLOR           
 0000:3AF9       FCN_FULL            
 0000:3B66       FCN_HELP            
 0000:3BD4       FCN_HEX             
 0000:3BDD       FCN_LARGER          
 0000:3BEB       FCN_NODPMI          
 0000:3C02       FCN_NOVCPI          
 0000:3C19       FCN_NOEXIT          
 0000:3C21       FCN_NOPARITY        
 0000:3C2A       FCN_NOSCRUB         
 0000:3C33       FCN_NOXRAM          
 0000:3C4A       FCN_SMALLER         
 0000:3C58       FCN_QUICK           
 0000:3CC1       FCN_SHADOWRAM       
 0000:3CC3       CHECK_82C302        
 0000:3CF8       FCN_TOP384          
 0000:3D0A       FCN_LNKIDM          
 0000:3D13       FCN_LNKINV          
 0000:3D1C       FCN_UNLIDM          
 0000:3D25       FCN_UNLINV          
 0000:3D2E       FCN_UNLSAF          
 0000:3D37       FCN_UNLTRN          
 0000:3D40       FCN_CNTCOM          
 0000:3DA8       FCN_K               
 0000:3DB1       FCN_VLSI            
 0000:3DBA       ENABLE8255          
 0000:3DD1       PPI_S2C             
 0000:3DE0       PPI_S2C_K2S         
 0000:3DE9       PPI_S2K             
 0000:3DF8       PPI_K2S             
 0000:3E03       PPI_S2K_K2S         
 0000:3E1B       WAITIBUF_CLR        
 0000:3E52       WAITOBUF_SET        
 0000:3E6B       WAITOBUF_CLR        
 0000:3E7E       SEND_OUT            
 0000:3EAA       ENABLE_IRQS         
 0000:3EC9       SAVE_IMR            
 0000:3EE8       REST_IMR            
 0000:3F06       DRAINPIQ            
 0000:3F1D       PURGE_KBUFF         
 0000:3F30       CHKNDKEY            
 0000:3F37       GETKEY              
 0000:3F3E       BIN2DWORD           
 0000:3F4D       BIN2WORD            
 0000:3F5A       BIN2BYTE            
 0000:3F67       BIN2DIGIT           
 0000:3F75       BIN2DEC             
 0000:3F9E       BIND2DEC            
 0000:3FD3       BIN2BIT             
 0000:3FED       BIN2DVAL            
 0000:4026       SAVE_SCR            
 0000:4049       REST_SCR            
 0000:406C       VIDB_SEGOFF         
 0000:4081       VIDB_LINEAR         
 0000:4098       DISP_ALLOC          
 0000:40B5       DISP_SCRN           
 0000:40CB       DISP_CLRSCR         
 0000:40F3       DISP_CPYSCR         
 0000:4123       DISP_QUIT           
 0000:413B       DISP_HALT           
 0000:414B       DISP_MODE           
 0000:4169       DISP_BASE           
 0000:41A6       DISP_STATL          
 0000:4216       DISP_STATLZ         
 0000:428C       DISP_CURPAT         
 0000:42B9       WSETUP              
 0000:42E8       WGET_C              
 0000:432E       WGET_A              
 0000:4374       WGET_CA             
 0000:43B9       WPUT_C              
 0000:43F6       WPUT_CA             
 0000:4432       WPUT_A              
 0000:446F       WPUT_ASC            
 0000:44B5       WPUT_CSA            
 0000:44F7       WPUT_SC             
 0000:4530       WPUT_SA             
 0000:4569       WPUT_SCA            
 0000:459D       WPUT_SHD1           
 0000:461B       WPUT_SHD1_SUB       
 0000:4646       WPUT_SHD2           
 0000:46A0       CHECK_SYS           
 0000:482B       CHECK_VLSI          
 0000:4860       CHECK_TOSH          
 0000:4881       CHECK_QUAD386       
 0000:48DE       CHECK_AST386        
 0000:4991       CHECK_HPRS          
 0000:49E4       CHECK_GRID          
 0000:4ABD       CHECK_OLI           
 0000:4B80       CHECK_CPQ386        
 0000:4C46       CHECK_ITT           
 0000:4C8B       CMD_TOP384          
 0000:4CDE       SAVE_SHADOW         
 0000:4F6E       SAVE_XSHADOW        
 0000:4FCF       TOP_WRITE           
 0000:5030       DISABLE_EGAROM      
 0000:5074       SRCHSTR             
 0000:50AD       OLI_RESET           
 0000:50F4       COPY_MEMVAL         
 0000:514F       CALC_MEMVAL         
 0000:51DD       DISP_MEMSCR         
 0000:5205       DISP_MEMVAL         
 0000:5325       FMT_MEM             
 0000:5381       CLEAR_MEM           
 0000:5396       CHECK_TIME          
 0000:53B7       SORT_MEMVAL         
 0000:541A       FILL_MEMVAL         
 0000:5692       WORD_MEMVAL         
 0000:56A8       CHECK_SX            
 0000:56FA       FMT_W0              
 0000:5724       FMT_W1              
 0000:574E       FMT_R0              
 0000:5778       FMT_R0DN            
 0000:57A2       FMT_R1              
 0000:57CC       FMT_R1DN            
 0000:57F6       FMT_R0W1            
 0000:5820       FMT_R0W1R1          
 0000:584A       FMT_R0W1R1W0R0W1    
 0000:587D       FMT_R0W1DN          
 0000:58A7       FMT_R1W0            
 0000:58D1       FMT_R1W0DN          
 0000:58FB       FMT_R0W1W0          
 0000:5925       FMT_R0W1W0DN        
 0000:594F       FMT_R1W0W1          
 0000:5979       FMT_R1W0W1DN        
 0000:59A3       FMT_R1W0W1W0DN      
 0000:59CD       FMT_R1W0R0DN        
 0000:59F7       FMT_PATTERNB        
 0000:5A1D       FMT_PATTERNW        
 0000:5A43       FMT_PATTERND        
 0000:5A6C       DISP_HLPERR         
 0000:5ACD       GET_MEM             
 0000:5AF6       WPUT_BOX            
 0000:5B77       DPUT_SZ             
 0000:5BB9       DPUT_SZA            
 0000:5BFC       DPUT_CA             
 0000:5C30       DPUT_C              
 0000:5C66       DPUT_SCA            
 0000:5CB1       DPUT_A              
 0000:5CE6       STRLEN              
 0000:5D05       SETCSR              
 0000:5D19       D2WCALL             
 0000:5D45       DRAW_DTEXT          
 0000:5D63       DRAW_DEDIT          
 0000:5E3A       DRAW_DBTN           
 0000:5ECB       DRAW_DRADIO         
 0000:5F4B       DRAW_DNONE          
 0000:5F4C       DRAW_DLG            
 0000:5F82       INP_FOCNONE         
 0000:5F84       INP_FOCTEXT         
 0000:5F86       BRANCH_AX           
 0000:5FAB       INP_FOCEDIT         
 0000:610E       INP_FOCBTN          
 0000:611F       INP_FOCRADIO        
 0000:61D6       FIND_OBJ            
 0000:61EE       DRAW_SI             
 0000:6203       GET_DLG             
 0000:63C6       GETKEYXLT           
 0000:63E3       CHECK_CANKEY        
 0000:63FF       PLINE_SUB           
 0000:642B       PRINT_LINE          
 0000:64D5       DO_PRINT            
 0000:666B       DISP_HELP           
 0000:6971       CALIBRATE           
 0000:6D63       TIMER_SETUP         
 0000:6D85       TIMER_RESTORE       
 0000:6DA7       TIMER_READ          
 0000:6DCE       TEST_UNLSAF         
 0000:6E3A       MATSPB              
 0000:6FD8       MATSPW              
 0000:7173       MATSPD              
 0000:731B       TEST_UNLTRN         
 0000:7387       MATSPPB             
 0000:7539       MATSPPW             
 0000:76E8       MATSPPD             
 0000:78A6       TEST_UNLINV         
 0000:7912       MARCHXB             
 0000:7B46       MARCHXW             
 0000:7D7A       MARCHXD             
 0000:7FCE       TEST_UNLIDM         
 0000:803A       MARCHCMB            
 0000:8354       MARCHCMW            
 0000:866C       MARCHCMD            
 0000:89AE       TEST_LNKINV         
 0000:8A1A       MARCHYB             
 0000:8C6F       MARCHYW             
 0000:8EC4       MARCHYD             
 0000:913D       TEST_LNKIDM         
 0000:91A9       MARCHBB             
 0000:94A4       MARCHBW             
 0000:979E       MARCHBD             
 0000:9AC9       ACTA20_COMSUB       
 0000:9ACB       ACTA20_ENA          
 0000:9AD7       ACTA20_DIS          
 0000:9AE3       DEFOUT              
 0000:9AE4       PPI_S2C_S2K         
 0000:9AF1       PULSE8042           
 0000:9AFE       READ_IRR            
 0000:9B08       A20DIS_I92          
 0000:9B0B       A20DIS_QUD          
 0000:9B0E       A20DIS_XT           
 0000:9B11       A20DIS_I78          
 0000:9B14       A20DIS_ISA          
 0000:9B19       A20DIS_XMS          
 0000:9B1C       DEGATEA20           
 0000:9B24       GATEA20             
 0000:9B2B       ACTA20_COM          
 0000:9B3A       A20ENA_I92          
 0000:9B3D       A20ENA_QUD          
 0000:9B40       A20ENA_XT           
 0000:9B43       A20ENA_I78          
 0000:9B46       A20ENA_ISA          
 0000:9B4B       A20ENA_XMS          
 0000:9B4E       A20COM_I92          
 0000:9B56       A20COM_QUD          
 0000:9B62       A20COM_XT           
 0000:9B69       A20COM_I78          
 0000:9B72       A20COM_ISA          
 0000:9B8A       A20COM_XMS          
 0000:9B98       CHECK_I92           
 0000:9BF6       CHECK_I78           
 0000:9C1A       CHECK_INFO          
 0000:9D40       CTAIL               
 09D4:0000       PMSTK               
 09D4:01FE       PMSTKZ              
 09D4:0200       LCLSTK              
 09D4:03FE       LCLSTKZ             
 09D4:0400       CON4K               
 09D4:0404       CON32K              
 09D4:0408       CON64K              
 09D4:040C       CON128K             
 09D4:0410       CON1M               
 09D4:0414       CON16M              
 09D4:0418       MUL_ARG1            
 09D4:041C       MUL_ARG2            
 09D4:0420       MUL_PROD            
 09D4:0428       MOVE_TAB            
 09D4:0458       PHYSIZE             
 09D4:045C       CMOSIZE             
 09D4:0460       MAXSIZE             
 09D4:0464       DPMIDRV_VEC         
 09D4:0468       VIDBASE_FVEC        
 09D4:046E       DOSVER              
 09D4:0470       TOPFILL             
 09D4:0472       CLRMODE             
 09D4:0474       GL2_FLAG            
 09D4:0476       CODESEG             
 09D4:0478       PSPSEG              
 09D4:047A       HPDASEG             
 09D4:047C       ARG_FLAG            
 09D4:047C       INT_FLAG            
 09D4:047E       MAPSEG_NXT          
 09D4:0480       XMSZLEN             
 09D4:0482       CPUTYPE             
 09D4:0483       DPMITERM            
 09D4:0484       XMS_QRYXMB          
 09D4:0485       XMS_GETXMB          
 09D4:0486       XMS_XLATFLAGS       
 09D4:0488       SCRNTYPE            
 09D4:048C       ADEF                
 09D4:048F       DEFATTR             
 09D4:0490       AMSG                
 09D4:0493       MSGATTR             
 09D4:0494       AWRK                
 09D4:0497       WRKATTR             
 09D4:0498       AERR                
 09D4:049B       ERRATTR             
 09D4:049C       ABRD                
 09D4:049F       BRDATTR             
 09D4:04A0       ATTL                
 09D4:04A3       TTLATTR             
 09D4:04A4       ACPY                
 09D4:04A7       CPYATTR             
 09D4:04A8       AAAR                
 09D4:04AB       AARATTR             
 09D4:04AC       AKEY                
 09D4:04AF       KEYATTR             
 09D4:04B0       AKEY2               
 09D4:04B3       KEY2ATTR            
 09D4:04B4       ASHD1               
 09D4:04B7       SHD1ATTR            
 09D4:04B8       ASHD2               
 09D4:04BB       SHD2ATTR            
 09D4:04BC       APRG                
 09D4:04BF       PRGATTR             
 09D4:04C0       APRG1               
 09D4:04C3       PRG1ATTR            
 09D4:04C4       APRG2               
 09D4:04C7       PRG2ATTR            
 09D4:04C8       AELEV               
 09D4:04CB       ELEVATTR            
 09D4:04CC       AMEM                
 09D4:04CF       MEMATTR             
 09D4:04CF       STATATTR            
 09D4:04D0       AMEMH               
 09D4:04D3       MEMHATTR            
 09D4:04D3       STATHATTR           
 09D4:04D4       AWMEM               
 09D4:04D7       WMEMATTR            
 09D4:04D8       AAMEM               
 09D4:04DB       AMEMATTR            
 09D4:04DC       AIMEM               
 09D4:04DF       IMEMATTR            
 09D4:04E0       AEMEM               
 09D4:04E3       EMEMATTR            
 09D4:04E4       ATMEM               
 09D4:04E7       TMEMATTR            
 09D4:04E8       AHTTL               
 09D4:04EB       HTTLATTR            
 09D4:04EC       AHLP                
 09D4:04EF       HLPATTR             
 09D4:04F0       AHLPA               
 09D4:04F3       HLPAATTR            
 09D4:04F4       AHLPB               
 09D4:04F7       HLPBATTR            
 09D4:04F8       AHERR               
 09D4:04FB       HERRATTR            
 09D4:04FC       AHKEY               
 09D4:04FF       HKEYATTR            
 09D4:0500       AHLT                
 09D4:0503       HLTATTR             
 09D4:0504       AASK                
 09D4:0507       ASKATTR             
 09D4:0508       AASKAA              
 09D4:050B       ASKAAATTR           
 09D4:050C       AASKAB              
 09D4:050F       ASKABATTR           
 09D4:0510       AASKMA              
 09D4:0513       ASKMAATTR           
 09D4:0514       AASKMB              
 09D4:0517       ASKMBATTR           
 09D4:0518       AASKBA              
 09D4:051B       ASKBAATTR           
 09D4:051C       AASKBB              
 09D4:051F       ASKBBATTR           
 09D4:0520       ASTATT              
 09D4:0523       STATTATTR           
 09D4:0524       ASTATL              
 09D4:0527       STATLATTR           
 09D4:0528       ABACK               
 09D4:052B       BACKATTR            
 09D4:052C       ADLGB               
 09D4:052F       DLGBATTR            
 09D4:0530       ADLGBTN             
 09D4:0533       DLGBTNATTR          
 09D4:0534       ADLGABTN            
 09D4:0537       DLGABTNATTR         
 09D4:0538       ADLGBHK             
 09D4:053B       DLGBHKATTR          
 09D4:053C       ADLGABHK            
 09D4:053F       DLGABHKATTR         
 09D4:0540       ADLGRBHK            
 09D4:0543       DLGRBHKATTR         
 09D4:0544       ADLGTHK             
 09D4:0547       DLGTHKATTR          
 09D4:0548       ADLGEH              
 09D4:054B       DLGEHATTR           
 09D4:054C       ADLGEN              
 09D4:054F       DLGENATTR           
 09D4:0550       ADLGEF              
 09D4:0553       DLGEFATTR           
 09D4:0554       ADIS                
 09D4:0557       DISATTR             
 09D4:0558       VIDMODE1            
 09D4:0559       VIDMODE2            
 09D4:055A       MAXNAME             
 09D4:0563       PROT_NAME           
 09D4:056C       CONSOLE             
 09D4:0570       CMD_FLAG            
 09D4:0572       QMTLOGPATH          
 09D4:05F2       SAV_ASKCMDOPT       
 09D4:061F       TIMEPREFIX          
 09D4:0623       QMTDIR              
 09D4:06A3       QMT_STEM            
 09D4:06A8       MEMTIMER            
 09D4:06B0       LCLGDT              
 09D4:0818       LCLIDT              
 09D4:1018       VMVSAPI_VEC         
 09D4:101C       VMINT_VEC           
 09D4:1020       OLDCR0              
 09D4:1024       DDS                 
 09D4:1034       EPMTAB              
 09D4:104A       LCLTSS              
 09D4:10B2       DPMI_FMI            
 09D4:10E2       DPMI_PS             
 09D4:10E6       P2L_SIZE            
 09D4:10EA       P2L_HNDL            
 09D4:10EE       P2L_ADDR            
 09D4:10F2       LACODE              
 09D4:10F6       LADATA              
 09D4:10FA       LACR3               
 09D4:10FE       LAPTE               
 09D4:1102       PACR3               
 09D4:1106       NEXTPTE             
 09D4:110A       VMHANDLE            
 09D4:110E       CB_VM_FLAGS         
 09D4:1112       MAXDEV_FVEC         
 09D4:1118       PMI_FVEC            
 09D4:111E       PMONSTK_FVEC        
 09D4:1124       PMINT08_FVEC        
 09D4:112A       PMINT09_FVEC        
 09D4:1130       IDT_REAL            
 09D4:1136       NMIADDR             
 09D4:113A       NMIOFF              
 09D4:113C       ERR_FLAG            
 09D4:113E       OLDCUR              
 09D4:1140       OLDTYP              
 09D4:1142       SEL_4GB             
 09D4:1144       SEL_ALIAS           
 09D4:1146       DPMIMSG             
 09D4:1148       DEBOUNCE_FVEC       
 09D4:114E       DEBOUNCE_ARB        
 09D4:114F       IBV0                
 09D4:1150       IBV0Z               
 09D4:1151       IBV1                
 09D4:1152       IBV1Z               
 09D4:1153       ERR_CODE            
 09D4:1154       OLDSWAP_CNT         
 09D4:1156       BRKSTATE            
 09D4:1157       SECTIMER            
 09D4:1158       EMMNAME             
 09D4:1161       EMMNAM2             
 09D4:116A       EMMNAM3             
 09D4:1173       EMMNAM4             
 09D4:117C       EMMNAM5             
 09D4:1185       SWTNAME             
 09D4:118E       CPQ_CACHE           
 09D4:118F       DPMIMAX             
 09D4:1196       VLSI_CSIZE          
 09D4:1198       OLDINT24            
 09D4:119C       OLDINT67            
 09D4:11A1       INFO_CTL            
 09D4:11A2       INFO                
 09D4:11C6       PORT67              
 09D4:1208       VCPIDBG_VER         
 09D4:120C       TOTOPERS            
 09D4:1214       TMPOPERS            
 09D4:121C       NUMOPERS            
 09D4:1224       MAXTIMER            
 09D4:122C       ETATIMER            
 09D4:1234       DECTIMER            
 09D4:123C       INITIMER            
 09D4:1244       CON60               
 09D4:1248       CON_CLOCK           
 09D4:124C       ZAPOFF              
 09D4:124E       PROGPCT             
 09D4:1250       CONTCNT             
 09D4:1252       LAST_PTST           
 09D4:1254       MEMERRCNT           
 09D4:1256       NMIERRCNT           
 09D4:1258       MEMWRKIND           
 09D4:125A       ASKBLK              
 09D4:125C       BLK_STRS            
 09D4:125C       MEMIND              
 09D4:125E       MEMITEM_LEN         
 09D4:1272       BASIND              
 09D4:128A       ITEM_LEN            
 09D4:129E       ACMDIND             
 09D4:12B4       ASKTAB              
 09D4:12B8       PATXT1              
 09D4:12BC       PBTXT1              
 09D4:12C0       PATXT3              
 09D4:12C6       PBTXT3              
 09D4:12CC       ITEMOPERS           
 09D4:12D8       ITEMPATCNT          
 09D4:12E4       RCNT                
 09D4:12E6       BPU                 
 09D4:12EA       REG0UP              
 09D4:12EE       REG1UP              
 09D4:12F2       REG0DN              
 09D4:12F6       REG1DN              
 09D4:12FA       PATCNT              
 09D4:12FC       PATOFF              
 09D4:12FE       ASKITEM             
 09D4:130A       ITEMCNT             
 09D4:1316       CNT_FLAG            
 09D4:1318       ASKLFT              
 09D4:131F       ASKRHT              
 09D4:1326       ASKUP               
 09D4:132D       ASKDN               
 09D4:1334       ASKBAS              
 09D4:1336       ASKCMDUP            
 09D4:1339       ASKCMDDN            
 09D4:133C       ASKCMDBTN           
 09D4:1340       PLERR               
 09D4:1358       ERRDATACNT          
 09D4:135A       ERRDATA             
 09D4:13E8       OLDIMR1             
 09D4:13E9       OLDIMR2             
 09D4:13EA       FNGETKST            
 09D4:13EB       FNGETKEY            
 09D4:13EC       HEXTABLE            
 09D4:13FC       W_TMP               
 09D4:1404       W_SHD               
 09D4:140C       OLDSCR              
 09D4:23AC       MSG_SHD1            
 09D4:23FC       XDDS                
 09D4:250C       GLB_FLAG            
 09D4:250E       GL3_FLAG            
 09D4:2510       SYS_FLAG            
 09D4:2512       ASTMIO              
 09D4:2516       CPQMIO              
 09D4:251A       TOP_GDT             
 09D4:254A       TOP_MIO             
 09D4:254C       SHDSIZE             
 09D4:2550       SHDCNT              
 09D4:2552       SHDIND              
 09D4:2554       SHDTAB              
 09D4:3554       XSHDCNT             
 09D4:3556       XSHDIND             
 09D4:3558       XSHDTAB             
 09D4:4558       MACHID              
 09D4:4559       MSG_TOSHSIGN        
 09D4:455E       MSG_QUADCOPY        
 09D4:4570       MSG_ASTCOPY         
 09D4:4586       LCL_OLISIGN         
 09D4:459C       LCL_ITTSIGN         
 09D4:45BF       LCL_EISASIGN        
 09D4:45C3       LCL_PHOENIXSIGN     
 09D4:45DB       LCL_TANDYSIGN       
 09D4:45E0       LCL_ALCSIGN         
 09D4:45F5       LCL_CACHCTL1        
 09D4:45FD       PCACHCTL            
 09D4:4604       TSTSIZEB            
 09D4:4608       TSTSIZEW            
 09D4:460C       TSTSIZED            
 09D4:4610       NMEMVAL             
 09D4:4614       MEMITEM_SIZ         
 09D4:4616       TIMECNT             
 09D4:4618       TIMETAB             
 09D4:4E18       MSG_MEMCLR          
 09D4:4E31       MAXVSAPI            
 09D4:4E38       HLPIND              
 09D4:4E3A       HTOPIND             
 09D4:4E48       HLPTOPIC            
 09D4:4E56       PMSG_HKEY           
 09D4:4E58       PW_HKEY             
 09D4:4E5A       DLG_DISP            
 09D4:4E6A       PFNFOCUS            
 09D4:4E7A       CHEV_PAT            
 09D4:4E7E       DPUT_CLIP           
 09D4:4E80       EDIT_FLAGS          
 09D4:4E82       KEY_FLAGS           
 09D4:4E84       PRINTDLG            
 09D4:4EB8       PRINTCANDLG         
 09D4:4ED0       MSG_PRINT1          
 09D4:4ED8       MSG_PRINT2          
 09D4:4EE6       MSG_PRINT3          
 09D4:4EF5       MSG_PRINT4          
 09D4:4EFF       MSG_PRINT5          
 09D4:4F1C       MSG_OK              
 09D4:4F1F       MSG_CANCEL          
 09D4:4F26       MSG_WHTHIS          
 09D4:4F3A       MSG_WHALL           
 09D4:4F4E       MSG_OUPRINT         
 09D4:4F5A       MSG_OUFILE          
 09D4:4F68       MSG_OUAFILE         
 09D4:4F7D       MSG_PRINTC1         
 09D4:4F87       MSG_PRINTC2         
 09D4:4F98       MSG_CRLF2           
 09D4:4F98       MSG_PHEADER         
 09D4:501A       MSG_FF              
 09D4:501B       TXT_PRINT1          
 09D4:5023       TXT_PRINT2          
 09D4:502B       TXT_PRINT3          
 09D4:5033       TXT_PRINT4          
 09D4:503B       TXT_PRINT5          
 09D4:5043       TXT_PRINTC1         
 09D4:504B       TXT_PRINTC2         
 09D4:5053       BTN_OK              
 09D4:5069       BTN_CANCEL          
 09D4:507F       BTN_CCANCEL         
 09D4:5095       RAD_WHAT            
 09D4:50A9       RBTN_WHTHIS         
 09D4:50BD       RBTN_WHALL          
 09D4:50D1       RAD_OUTPUT          
 09D4:50E5       RBTN_OUPRINT        
 09D4:50F9       RBTN_OUFILE         
 09D4:510D       RBTN_OUAFILE        
 09D4:5121       EDIT_FNAME          
 09D4:513D       ETXT_FNAME          
 09D4:51BE       BOXCHARS            
 09D4:51D0       SCRSAVE             
 09D4:51D4       SCRCNT              
 09D4:51D8       PHLPIND             
 09D4:51DA       PHLPCNT             
 09D4:51DC       CURPAGE             
 09D4:51DE       PHANDLE             
 09D4:51E0       CURLINE             
 09D4:51E2       HELP_STATE          
 09D4:51E4       CURSOR_SHAPE        
 09D4:51E8       ARR_W_HTOP          
 09D4:5208       ARR_W_HCMD          
 09D4:5220       PHTOPTTL            
 09D4:5230       CALIB_W0            
 09D4:5238       CALIB_R0DN          
 09D4:5240       CALIB_R0W1          
 09D4:5248       CALIB_R0W1DN        
 09D4:5250       CALIB_R0W1W0DN      
 09D4:5258       CALIB_R0W1R1        
 09D4:5260       CALIB_R0W1R1W0R0W1  
 09D4:5268       CALIB_R1W0          
 09D4:5270       CALIB_R1W0DN        
 09D4:5278       CALIB_R1W0R0DN      
 09D4:5280       CALIB_R1W0W1        
 09D4:5288       CALIB_R1W0W1W0DN    
 09D4:5290       CALIB_SIZ           
 09D4:5294       CALIB_IND           
 09D4:5298       MSG_MEMERR          
 09D4:529E       MSG_MEMERR1         
 09D4:52B2       MSG_NMIERR          
 09D4:52B8       MSG_NMIERR1         
 09D4:52CC       MSG_NOERR           
 09D4:52E1       DATESEP             
 09D4:52E2       TIMESEP             
 09D4:52E3       MSG_W0              
 09D4:52FC       MSG_W0A             
 09D4:5308       MSG_W0B             
 09D4:5310       MSG_W1              
 09D4:5329       MSG_W1A             
 09D4:5335       MSG_W1B             
 09D4:533D       MSG_R0              
 09D4:5356       MSG_R0A             
 09D4:5362       MSG_R0B             
 09D4:536A       MSG_R0W1            
 09D4:5383       MSG_R0W1A           
 09D4:538F       MSG_R0W1B           
 09D4:5397       MSG_R0W1R1          
 09D4:53B0       MSG_R0W1R1A         
 09D4:53BC       MSG_R0W1R1B         
 09D4:53C4       MSG_R0W1R1W0R0W1    
 09D4:53E8       MSG_R0W1R1W0R0W1Z   
 09D4:5401       MSG_R0W1R1W0R0W1A   
 09D4:540D       MSG_R0W1R1W0R0W1B   
 09D4:5415       MSG_R0W1W0          
 09D4:542E       MSG_R0W1W0A         
 09D4:543A       MSG_R0W1W0B         
 09D4:5442       MSG_R1              
 09D4:545B       MSG_R1A             
 09D4:5467       MSG_R1B             
 09D4:546F       MSG_R1W0            
 09D4:5488       MSG_R1W0A           
 09D4:5494       MSG_R1W0B           
 09D4:549C       MSG_R1W0R0          
 09D4:54B5       MSG_R1W0R0A         
 09D4:54C1       MSG_R1W0R0B         
 09D4:54C9       MSG_R1W0W1          
 09D4:54E2       MSG_R1W0W1A         
 09D4:54EE       MSG_R1W0W1B         
 09D4:54F6       MSG_R1W0W1W0        
 09D4:550F       MSG_R1W0W1W0A       
 09D4:551B       MSG_R1W0W1W0B       
 09D4:5523       ZMSG_CURPATB        
 09D4:5533       ZMSG_CURPATB1       
 09D4:553B       ZMSG_CURPATW        
 09D4:554B       ZMSG_CURPATW1       
 09D4:555B       ZMSG_CURPATD        
 09D4:556B       ZMSG_CURPATD1       
 09D4:558B       ZMSG_UNLSAF         
 09D4:55A8       ZMSG_UNLTRN         
 09D4:55C7       ZMSG_UNLINV         
 09D4:55F7       ZMSG_UNLIDM         
 09D4:5628       ZMSG_LNKINV         
 09D4:5656       ZMSG_LNKIDM         
 09D4:5685       W_CPY               
 09D4:568D       W_AAR               
 09D4:5695       W_KEY               
 09D4:569D       MSG_CPY             
 09D4:573F       MSG_QUIT            
 09D4:5790       MSG_HALT            
 09D4:57E2       W_MODE              
 09D4:57EA       MSG_BASIC           
 09D4:5809       MSG_ADV             
 09D4:5828       W_BASE              
 09D4:5830       MSG_DEC             
 09D4:585A       MSG_HEX             
 09D4:5884       MSG_ALLOC           
 09D4:589A       W_MEMSCR            
 09D4:58A2       W_MEMLIN            
 09D4:58AA       W_MEMWRK            
 09D4:58B2       W_MEMH              
 09D4:58BA       MSG_MEMSCR          
 09D4:5A26       MSG_MEMLIN          
 09D4:5B07       MSG_MEMATTR         
 09D4:5BE8       W_ELEV              
 09D4:5BF0       MSG_ELEV            
 09D4:5BF8       W_EBOX              
 09D4:5C00       W_MEMEND            
 09D4:5C08       PMSG_MEMEND         
 09D4:5C0A       MSG_MEMEND0         
 09D4:5C23       MSG_MEMEND1         
 09D4:5C3D       PAMEM               
 09D4:5C4D       ARR_W_MEMLIN        
 09D4:5CB5       MSG_TOT             
 09D4:5CBC       W_ASKSCR1           
 09D4:5CC4       MSG_QUICKA          
 09D4:5CCF       MSG_QUICKB          
 09D4:5CDA       MSG_FULLA           
 09D4:5CE4       MSG_FULLB           
 09D4:5CEE       MSG_ASKSCR1         
 09D4:5E9E       ARR_W_ITEM1         
 09D4:5EAE       W_ASKSCR2           
 09D4:5EB6       MSG_ASKSCR2         
 09D4:6066       MSG_ASK             
 09D4:6067       MSG_ASK1            
 09D4:607F       MSG_CNT1            
 09D4:6121       MSG_ASK_CONT        
 09D4:6124       PATXT2              
 09D4:6124       PBTXT2              
 09D4:6132       CNTTAB              
 09D4:613E       CMPTAB              
 09D4:614A       W_ASK               
 09D4:6152       ARR_W_ITEM2         
 09D4:618A       W_STATSCR           
 09D4:6192       W_STATL             
 09D4:619A       W_SCROLL            
 09D4:61A2       W_STATH1            
 09D4:61AA       W_STATH2            
 09D4:61B2       W_STATH3            
 09D4:61BA       MSG_STATSCR         
 09D4:6438       W_CURPAT            
 09D4:6440       ZMSG_ELAP           
 09D4:6442       MSG_ELAP            
 09D4:644F       ZMSG_ELAP1          
 09D4:644F       ZMSG_ELAP_HR        
 09D4:6458       ZMSG_ELAP_DONE      
 09D4:646A       MSG_DONE            
 09D4:647C       MSG_INTR            
 09D4:648E       ZMSG_BLK            
 09D4:6490       ZMSG_BLK1           
 09D4:64A1       ZMSG_BLK3           
 09D4:64AA       ZMSG_BLK4           
 09D4:64B9       ZMSG_BLK5           
 09D4:64BE       MSG_BLKCLR          
 09D4:64EC       MSG_SCROLL          
 09D4:68F6       W_PROG              
 09D4:68FE       MSG_PROGSCR         
 09D4:6AF6       W_ELAP1             
 09D4:6AFE       W_ELAP2             
 09D4:6B09       MSG_ETA_HR          
 09D4:6B12       W_ETA1              
 09D4:6B1A       W_ETA2              
 09D4:6B22       W_PBAR              
 09D4:6B2A       MSG_PBAR            
 09D4:6B5C       MSG_PTSTQUIK        
 09D4:6B82       MSG_PTSTFULL        
 09D4:6BA8       MSG_PTSTSAF         
 09D4:6BCE       MSG_PTSTTF          
 09D4:6BF4       MSG_PTSTLIN         
 09D4:6C1A       MSG_PTSTUIN         
 09D4:6C40       MSG_PTSTLID         
 09D4:6C66       MSG_PTSTUID         
 09D4:6C8C       MSG_PTSTCMP         
 09D4:6CB2       MSG_PTSTALL         
 09D4:6CD8       MSG_PTSTERR         
 09D4:6CFE       MSG_PTSTINT         
 09D4:6D24       MSG_PTSTGET         
 09D4:6D4A       MSG_PTSTINI         
 09D4:6D70       PMSG_PTST           
 09D4:6D80       W_PTST              
 09D4:6D88       MSG_HALTSCR         
 09D4:6E24       W_HALT              
 09D4:6E2C       LOGA                
 09D4:6E66       LOGB                
 09D4:6E7D       LOGDATE             
 09D4:6E86       LOGC                
 09D4:6E8B       LOGTIME             
 09D4:6E94       LOGD                
 09D4:6EB3       LOGE                
 09D4:6EE4       LOGF                
 09D4:6EE9       LOGF_K1             
 09D4:6EF3       LOGF_K2             
 09D4:6EF7       LOGF_H1             
 09D4:6F00       LOGF_H2             
 09D4:6F0F       LOGF_K3             
 09D4:6F14       LOGG                
 09D4:6F17       LOG_MEMERR          
 09D4:6F1C       LOG_MEMERR1         
 09D4:6F31       LOG_NMIERR          
 09D4:6F36       LOG_NMIERR1         
 09D4:6F4B       LOG_NOERR           
 09D4:6F66       LOG_HALT            
 09D4:6F81       MSG_BYTERR          
 09D4:6F93       MSG_WORDERR         
 09D4:6FA5       MSG_DWORDERR        
 09D4:6FB8       MSG_NMIERROR        
 09D4:6FC9       MSG_ADDR            
 09D4:6FD2       MSG_EXP             
 09D4:6FE4       MSG_EXP1            
 09D4:6FF3       MSG_EXP2            
 09D4:6FF5       MSG_EXP3            
 09D4:6FFA       W_HKEY              
 09D4:7002       W_HKEYERR           
 09D4:700A       W_HKEYF2            
 09D4:7012       MSG_HKEYERR         
 09D4:7060       MSG_HKEY            
 09D4:70FC       W_HELP              
 09D4:7104       MSG_HELP            
 09D4:7270       W_HLIN              
 09D4:7278       HLIN_SROW           
 09D4:727A       W_HASK              
 09D4:7282       W_HSCR              
 09D4:728A       W_HTTL              
 09D4:7292       W_HELEV             
 09D4:729A       MSG_HELEV           
 09D4:72AC       W_HEBOX             
 09D4:72B4       MSG_CANCELLED       
 09D4:72D0       PCALIB_USF          
 09D4:72D4       UNLSAF_ACT          
 09D4:72DC       PCALIB_UTF          
 09D4:72E0       UNLTRN_ACT          
 09D4:72E8       PCALIB_UIN          
 09D4:72EC       UNLINV_ACT          
 09D4:72F4       PCALIB_UID          
 09D4:72F8       UNLIDM_ACT          
 09D4:7300       PCALIB_LIN          
 09D4:7304       LNKINV_ACT          
 09D4:730C       PCALIB_LID          
 09D4:7310       LNKIDM_ACT          
 09D4:7318       A20SUP              
 09D4:731A       I78DATA             
 09D4:7320       HELP_NAVTTL         
 09D4:7367       HELP_OVRTTL         
 09D4:73AE       HELP_TSTTTL         
 09D4:73F5       HELP_ERRTTL         
 09D4:743C       HELP_CMDTTL         
 09D4:7483       HELP_MEMTTL         
 09D4:74CA       HELP_NMITTL         
 09D4:7511       HELP_NMI            
 09D4:757E       HELP_NMI_ADDR       
 09D4:7865       HELP_NAV            
 09D4:88C2       HELP_OVR            
 09D4:9305       HELP_TST            
 09D4:9E64       HELP_ERR            
 09D4:A171       HELP_CMD            
 09D4:A97C       HELP_MEM            
 09D4:A9E9       HELP_MEM_ADDR       
 09D4:AA76       HELP_MEM_EXP        
 09D4:AABD       HELP_MEM_ACT        
 09D4:ADA5       MSG_ACHLP           
 09D4:B058       CMDARG_TAB          
 09D4:B090       CMDARG_LEN          
 09D4:B0C8       CMDARG_ACT          
 09D4:B18A       LASTKEY             
 09D4:B18C       NUMBERS_LO          
 09D4:B19C       MOTAB               
 09D4:B1B4       DNTAB               
 09D4:B1C4       ASK_DEFAULT         
 09D4:B1C5       ASK_TIMEOUT         
 09D4:B1C7       EPOCHTARG           
 09D4:B1CB       SECTARG             
 09D4:B1CF       LASTDIFF            
 09D4:B1D4       TMPIND              
 09D4:B1D6       MOLEN_TAB           
 09D4:B1F0       MSG_COPY            
 09D4:B268       MSG_NOT386          
 09D4:B2A7       MSG_WIN3            
 09D4:B3C8       MSG_NOTVM           
 09D4:B440       MSG_XMEM            
 09D4:B47F       MSG_XMEM1           
 09D4:B490       MSG_XMEM2           
 09D4:B4BE       MSG_XMEMSEED        
 09D4:B4C2       MSG_PRVEXT          
 09D4:B50D       MSG_MULBUG          
 09D4:B583       MSG_NOMEM           
 09D4:B5AF       MSG_ASKCLR          
 09D4:B5DC       MSG_CRLF            
 09D4:B5DF       MSG_EISA            
 09D4:B5F7       MSG_UNK             
 09D4:B60F       MSG_SEP             
 09D4:B629       MSG_VAL             
 09D4:B63F       MSG_OVF             
 09D4:B65A       MSG_CMDS            
 09D4:BC94       MSG_PAK             
 09D4:BCB1       MSG_UNSCHED         
 09D4:BCD3       MSG_UNSCHED_DATE    
 09D4:BCEC       SUNDAY              
 09D4:BCF3       MONDAY              
 09D4:BCFA       TUESDAY             
 09D4:BD02       WEDNESDAY           
 09D4:BD0C       THURSDAY            
 09D4:BD15       FRIDAY              
 09D4:BD1C       SATURDAY            
 09D4:BD25       MSG_QMTDAT          
 09D4:BD4A       W_ASKCMD            
 09D4:BD52       W_ASKCMDBACK        
 09D4:BD5A       W_ASKCMDREM         
 09D4:BD62       MSG_YESA            
 09D4:BD6C       MSG_YESB            
 09D4:BD76       MSG_NOA             
 09D4:BD80       MSG_NOB             
 09D4:BD8A       MSG_PPA             
 09D4:BD98       MSG_PPB             
 09D4:BDA6       MSG_ASKCMD          
 09D4:BE81       MSG_ASKCMDOPT       
 09D4:BFE9       MSG_ASKCMDREM       
 09D4:C006       FMT_ASKCMDREM       
 09D4:C01A       ARR_W_ITEM3         
 09D4:C032       W_ACHLP             
 09D4:C330       ASKVAL              
 09D4:C394       ASKCVAL             
 09D4:C3AC       ASKACT              
 09D4:C410       ASKCACT             
 09D4:C428       CALIB_USF           
 09D4:C42E       CALIB_UTF           
 09D4:C434       CALIB_UIN           
 09D4:C43C       CALIB_UID           
 09D4:C448       CALIB_LIN           
 09D4:C450       CALIB_LID           
 09D4:C45A       HLPVAL              
 09D4:C47A       IFEVAL              
 09D4:C488       SIFEVAL             
 09D4:C490       HLPACT              
 09D4:C4B0       IFEACT              
 09D4:C4BE       SIFEACT             
 09D4:C4D0       MAX_FLAG            
 09D4:C4D4       IDENTIFY            
 09D4:C632       IDENT_CHK           
 09D4:C634       MSG_XINST           
 09D4:C664       PIDENT              
 09D4:C668       ZTAIL               
